Archive member included to satisfy reference by file (symbol)

/home/andres/Documents/EMBT/Term3/Ese3025/realtimeProgramming/NXP_RTOS/lpc_board_nxp_lpcxpresso_1769/Debug/liblpc_board_nxp_lpcxpresso_1769.a(board.o)
                              ./freertos/src/FreeRTOSCommonHooks.o (Board_UARTPutSTR)
/home/andres/Documents/EMBT/Term3/Ese3025/realtimeProgramming/NXP_RTOS/lpc_board_nxp_lpcxpresso_1769/Debug/liblpc_board_nxp_lpcxpresso_1769.a(board_sysinit.o)
                              ./example/src/sysinit.o (Board_SystemInit)
/home/andres/Documents/EMBT/Term3/Ese3025/realtimeProgramming/NXP_RTOS/lpc_chip_175x_6x/Debug/liblpc_chip_175x_6x.a(chip_17xx_40xx.o)
                              ./freertos/src/port.o (SystemCoreClock)
/home/andres/Documents/EMBT/Term3/Ese3025/realtimeProgramming/NXP_RTOS/lpc_chip_175x_6x/Debug/liblpc_chip_175x_6x.a(clock_17xx_40xx.o)
                              /home/andres/Documents/EMBT/Term3/Ese3025/realtimeProgramming/NXP_RTOS/lpc_chip_175x_6x/Debug/liblpc_chip_175x_6x.a(chip_17xx_40xx.o) (Chip_Clock_EnablePLL)
/home/andres/Documents/EMBT/Term3/Ese3025/realtimeProgramming/NXP_RTOS/lpc_chip_175x_6x/Debug/liblpc_chip_175x_6x.a(i2s_17xx_40xx.o)
                              /home/andres/Documents/EMBT/Term3/Ese3025/realtimeProgramming/NXP_RTOS/lpc_board_nxp_lpcxpresso_1769/Debug/liblpc_board_nxp_lpcxpresso_1769.a(board.o) (Chip_I2S_Init)
/home/andres/Documents/EMBT/Term3/Ese3025/realtimeProgramming/NXP_RTOS/lpc_chip_175x_6x/Debug/liblpc_chip_175x_6x.a(iocon_17xx_40xx.o)
                              /home/andres/Documents/EMBT/Term3/Ese3025/realtimeProgramming/NXP_RTOS/lpc_board_nxp_lpcxpresso_1769/Debug/liblpc_board_nxp_lpcxpresso_1769.a(board.o) (Chip_IOCON_PinMux)
/home/andres/Documents/EMBT/Term3/Ese3025/realtimeProgramming/NXP_RTOS/lpc_chip_175x_6x/Debug/liblpc_chip_175x_6x.a(sysinit_17xx_40xx.o)
                              /home/andres/Documents/EMBT/Term3/Ese3025/realtimeProgramming/NXP_RTOS/lpc_board_nxp_lpcxpresso_1769/Debug/liblpc_board_nxp_lpcxpresso_1769.a(board_sysinit.o) (Chip_SetupXtalClocking)
/home/andres/Documents/EMBT/Term3/Ese3025/realtimeProgramming/NXP_RTOS/lpc_chip_175x_6x/Debug/liblpc_chip_175x_6x.a(uart_17xx_40xx.o)
                              /home/andres/Documents/EMBT/Term3/Ese3025/realtimeProgramming/NXP_RTOS/lpc_board_nxp_lpcxpresso_1769/Debug/liblpc_board_nxp_lpcxpresso_1769.a(board.o) (Chip_UART_Init)
/home/andres/Documents/EMBT/Term3/Ese3025/realtimeProgramming/NXP_RTOS/lpc_chip_175x_6x/Debug/liblpc_chip_175x_6x.a(ring_buffer.o)
                              /home/andres/Documents/EMBT/Term3/Ese3025/realtimeProgramming/NXP_RTOS/lpc_chip_175x_6x/Debug/liblpc_chip_175x_6x.a(uart_17xx_40xx.o) (RingBuffer_Insert)
/usr/local/mcuxpressoide-11.0.1_2563/ide/plugins/com.nxp.mcuxpresso.tools.linux_11.0.1.201907311258/tools/bin/../lib/gcc/arm-none-eabi/8.2.1/../../../../arm-none-eabi/lib/thumb/v7-m/nofp/libcr_nohost.a(_cr__main.o)
                              ./example/src/cr_startup_lpc175x_6x.o (__main)
/usr/local/mcuxpressoide-11.0.1_2563/ide/plugins/com.nxp.mcuxpresso.tools.linux_11.0.1.201907311258/tools/bin/../lib/gcc/arm-none-eabi/8.2.1/../../../../arm-none-eabi/lib/thumb/v7-m/nofp/libcr_c.a(memcpy.o)
                              ./freertos/src/queue.o (memcpy)
/usr/local/mcuxpressoide-11.0.1_2563/ide/plugins/com.nxp.mcuxpresso.tools.linux_11.0.1.201907311258/tools/bin/../lib/gcc/arm-none-eabi/8.2.1/../../../../arm-none-eabi/lib/thumb/v7-m/nofp/libcr_c.a(memset.o)
                              ./freertos/src/tasks.o (memset)
/usr/local/mcuxpressoide-11.0.1_2563/ide/plugins/com.nxp.mcuxpresso.tools.linux_11.0.1.201907311258/tools/bin/../lib/gcc/arm-none-eabi/8.2.1/../../../../arm-none-eabi/lib/thumb/v7-m/nofp/libcr_c.a(alloc.o)
                              ./freertos/src/heap_3.o (malloc)
/usr/local/mcuxpressoide-11.0.1_2563/ide/plugins/com.nxp.mcuxpresso.tools.linux_11.0.1.201907311258/tools/bin/../lib/gcc/arm-none-eabi/8.2.1/../../../../arm-none-eabi/lib/thumb/v7-m/nofp/libcr_c.a(fpprintf.o)
                              ./freertos/src/FreeRTOSCommonHooks.o (printf)
/usr/local/mcuxpressoide-11.0.1_2563/ide/plugins/com.nxp.mcuxpresso.tools.linux_11.0.1.201907311258/tools/bin/../lib/gcc/arm-none-eabi/8.2.1/../../../../arm-none-eabi/lib/thumb/v7-m/nofp/libcr_c.a(initio.o)
                              /usr/local/mcuxpressoide-11.0.1_2563/ide/plugins/com.nxp.mcuxpresso.tools.linux_11.0.1.201907311258/tools/bin/../lib/gcc/arm-none-eabi/8.2.1/../../../../arm-none-eabi/lib/thumb/v7-m/nofp/libcr_nohost.a(_cr__main.o) (_initio)
/usr/local/mcuxpressoide-11.0.1_2563/ide/plugins/com.nxp.mcuxpresso.tools.linux_11.0.1.201907311258/tools/bin/../lib/gcc/arm-none-eabi/8.2.1/../../../../arm-none-eabi/lib/thumb/v7-m/nofp/libcr_c.a(printf.o)
[...]
Memory Configuration

Name             Origin             Length             Attributes
MFlash512        0x0000000000000000 0x0000000000080000 xr
RamLoc32         0x0000000010000000 0x0000000000008000 xrw
RamAHB32         0x000000002007c000 0x0000000000008000 xrw
*default*        0x0000000000000000 0xffffffffffffffff

Linker script and memory map

LOAD ./freertos/src/FreeRTOSCommonHooks.o
LOAD ./freertos/src/heap_3.o
LOAD ./freertos/src/list.o
LOAD ./freertos/src/port.o
LOAD ./freertos/src/queue.o
LOAD ./freertos/src/tasks.o
LOAD ./example/src/cr_startup_lpc175x_6x.o
LOAD ./example/src/freertos_blinky.o
LOAD ./example/src/sysinit.o
LOAD /home/andres/Documents/EMBT/Term3/Ese3025/realtimeProgramming/NXP_RTOS/lpc_board_nxp_lpcxpresso_1769/Debug/liblpc_board_nxp_lpcxpresso_1769.a
LOAD /home/andres/Documents/EMBT/Term3/Ese3025/realtimeProgramming/NXP_RTOS/lpc_chip_175x_6x/Debug/liblpc_chip_175x_6x.a
START GROUP
LOAD /usr/local/mcuxpressoide-11.0.1_2563/ide/plugins/com.nxp.mcuxpresso.tools.linux_11.0.1.201907311258/tools/bin/../lib/gcc/arm-none-eabi/8.2.1/../../../../arm-none-eabi/lib/thumb/v7-m/nofp/libcr_nohost.a
LOAD /usr/local/mcuxpressoide-11.0.1_2563/ide/plugins/com.nxp.mcuxpresso.tools.linux_11.0.1.201907311258/tools/bin/../lib/gcc/arm-none-eabi/8.2.1/../../../../arm-none-eabi/lib/thumb/v7-m/nofp/libcr_c.a
LOAD /usr/local/mcuxpressoide-11.0.1_2563/ide/plugins/com.nxp.mcuxpresso.tools.linux_11.0.1.201907311258/tools/bin/../lib/gcc/arm-none-eabi/8.2.1/thumb/v7-m/nofp/libcr_eabihelpers.a
LOAD /usr/local/mcuxpressoide-11.0.1_2563/ide/plugins/com.nxp.mcuxpresso.tools.linux_11.0.1.201907311258/tools/bin/../lib/gcc/arm-none-eabi/8.2.1/thumb/v7-m/nofp/libgcc.a
END GROUP
                0x0000000000000000                __base_MFlash512 = 0x0
                0x0000000000000000                __base_Flash = 0x0
                0x0000000000080000                __top_MFlash512 = 0x80000
                0x0000000000080000                __top_Flash = 0x80000
                0x0000000010000000                __base_RamLoc32 = 0x10000000
                0x0000000010000000                __base_RAM = 0x10000000
                0x0000000010008000                __top_RamLoc32 = 0x10008000
                0x0000000010008000                __top_RAM = 0x10008000
                0x000000002007c000                __base_RamAHB32 = 0x2007c000
                0x000000002007c000                __base_RAM2 = 0x2007c000
                0x0000000020084000                __top_RamAHB32 = 0x20084000
                0x0000000020084000                __top_RAM2 = 0x20084000

.text           0x0000000000000000     0x44b4
 FILL mask 0xff
                0x0000000000000000                __vectors_start__ = ABSOLUTE (.)
 *(.isr_vector)
 .isr_vector    0x0000000000000000       0xcc ./example/src/cr_startup_lpc175x_6x.o
                0x0000000000000000                g_pfnVectors
                0x00000000000000cc                . = ALIGN (0x4)
                0x00000000000000cc                __section_table_start = .
                0x00000000000000cc                __data_section_table = .
                0x00000000000000cc        0x4 LONG 0x44b4 LOADADDR (.data)
                0x00000000000000d0        0x4 LONG 0x10000000 ADDR (.data)
                0x00000000000000d4        0x4 LONG 0x8 SIZEOF (.data)
                0x00000000000000d8        0x4 LONG 0x44b4 LOADADDR (.data_RAM2)
                0x00000000000000dc        0x4 LONG 0x2007c000 ADDR (.data_RAM2)
                0x00000000000000e0        0x4 LONG 0x0 SIZEOF (.data_RAM2)
                0x00000000000000e4                __data_section_table_end = .
                0x00000000000000e4                __bss_section_table = .
                0x00000000000000e4        0x4 LONG 0x10000008 ADDR (.bss)
                0x00000000000000e8        0x4 LONG 0x334 SIZEOF (.bss)
                0x00000000000000ec        0x4 LONG 0x2007c000 ADDR (.bss_RAM2)
                0x00000000000000f0        0x4 LONG 0x0 SIZEOF (.bss_RAM2)
                0x00000000000000f4                __bss_section_table_end = .
                0x00000000000000f4                __section_table_end = .
 *(.after_vectors*)
 .after_vectors
                0x00000000000000f4      0x12c ./example/src/cr_startup_lpc175x_6x.o
                0x00000000000000f4                data_init
                0x0000000000000136                bss_init
                0x000000000000016c                ResetISR
                0x00000000000001e4                NMI_Handler
                0x00000000000001ea                HardFault_Handler
                0x00000000000001f0                MemManage_Handler
                0x00000000000001f6                BusFault_Handler
                0x00000000000001fc                UsageFault_Handler
                0x0000000000000208                DebugMon_Handler
                0x000000000000021a                TIMER2_IRQHandler
                0x000000000000021a                RIT_IRQHandler
                0x000000000000021a                I2C0_IRQHandler
                0x000000000000021a                USBActivity_IRQHandler
                0x000000000000021a                PWM1_IRQHandler
                0x000000000000021a                I2C1_IRQHandler
                0x000000000000021a                EINT2_IRQHandler
                0x000000000000021a                UART1_IRQHandler
                0x000000000000021a                EINT3_IRQHandler
                0x000000000000021a                CANActivity_IRQHandler
                0x000000000000021a                TIMER3_IRQHandler
                0x000000000000021a                UART0_IRQHandler
                0x000000000000021a                IntDefaultHandler
                0x000000000000021a                PLL0_IRQHandler
                0x000000000000021a                CAN_IRQHandler
                0x000000000000021a                PLL1_IRQHandler
                0x000000000000021a                SSP0_IRQHandler
                0x000000000000021a                I2S_IRQHandler
                0x000000000000021a                I2C2_IRQHandler
                0x000000000000021a                RTC_IRQHandler
                0x000000000000021a                TIMER0_IRQHandler
                0x000000000000021a                SPI_IRQHandler
                0x000000000000021a                EINT1_IRQHandler
                0x000000000000021a                TIMER1_IRQHandler
                0x000000000000021a                UART2_IRQHandler
                0x000000000000021a                ADC_IRQHandler
                0x000000000000021a                SSP1_IRQHandler
                0x000000000000021a                USB_IRQHandler
                0x000000000000021a                BOD_IRQHandler
                0x000000000000021a                WDT_IRQHandler
                0x000000000000021a                QEI_IRQHandler
                0x000000000000021a                EINT0_IRQHandler
                0x000000000000021a                ETH_IRQHandler
                0x000000000000021a                DMA_IRQHandler
                0x000000000000021a                UART3_IRQHandler
                0x000000000000021a                MCPWM_IRQHandler
 *(.text*)
 .text.vApplicationIdleHook
                0x0000000000000220        0xe ./freertos/src/FreeRTOSCommonHooks.o
                0x0000000000000220                vApplicationIdleHook
 .text.pvPortMalloc
                0x000000000000022e       0x22 ./freertos/src/heap_3.o
                0x000000000000022e                pvPortMalloc
 .text.vPortFree
                0x0000000000000250       0x24 ./freertos/src/heap_3.o
                0x0000000000000250                vPortFree
 .text.vListInitialise
                0x0000000000000274       0x3e ./freertos/src/list.o
                0x0000000000000274                vListInitialise
 .text.vListInitialiseItem
                0x00000000000002b2       0x18 ./freertos/src/list.o
                0x00000000000002b2                vListInitialiseItem
 .text.vListInsertEnd
                0x00000000000002ca       0x46 ./freertos/src/list.o
                0x00000000000002ca                vListInsertEnd
 .text.vListInsert
                0x0000000000000310       0x70 ./freertos/src/list.o
                0x0000000000000310                vListInsert
 .text.uxListRemove
                0x0000000000000380       0x52 ./freertos/src/list.o
                0x0000000000000380                uxListRemove
 *fill*         0x00000000000003d2        0x2 ff
 .text.pxPortInitialiseStack
                0x00000000000003d4       0x54 ./freertos/src/port.o
                0x00000000000003d4                pxPortInitialiseStack
 .text.prvTaskExitError
                0x0000000000000428        0xa ./freertos/src/port.o
 *fill*         0x0000000000000432        0x2 ff
 .text.SVC_Handler
                0x0000000000000434       0x24 ./freertos/src/port.o
                0x0000000000000434                SVC_Handler
 .text.prvPortStartFirstTask
                0x0000000000000458       0x18 ./freertos/src/port.o
 .text.xPortStartScheduler
                0x0000000000000470       0x38 ./freertos/src/port.o
                0x0000000000000470                xPortStartScheduler
 .text.vPortYield
                0x00000000000004a8       0x20 ./freertos/src/port.o
                0x00000000000004a8                vPortYield
 .text.vPortEnterCritical
                0x00000000000004c8       0x24 ./freertos/src/port.o
                0x00000000000004c8                vPortEnterCritical
 .text.vPortExitCritical
                0x00000000000004ec       0x24 ./freertos/src/port.o
                0x00000000000004ec                vPortExitCritical
 .text.ulPortSetInterruptMask
                0x0000000000000510       0x12 ./freertos/src/port.o
                0x0000000000000510                ulPortSetInterruptMask
 .text.vPortClearInterruptMask
                0x0000000000000522        0x8 ./freertos/src/port.o
                0x0000000000000522                vPortClearInterruptMask
 *fill*         0x000000000000052a        0x2 ff
 .text.PendSV_Handler
                0x000000000000052c       0x40 ./freertos/src/port.o
                0x000000000000052c                PendSV_Handler
 .text.SysTick_Handler
                0x000000000000056c       0x28 ./freertos/src/port.o
                0x000000000000056c                SysTick_Handler
 .text.vPortSuppressTicksAndSleep
                0x0000000000000594      0x15c ./freertos/src/port.o
                0x0000000000000594                vPortSuppressTicksAndSleep
 .text.vPortSetupTimerInterrupt
                0x00000000000006f0       0x68 ./freertos/src/port.o
                0x00000000000006f0                vPortSetupTimerInterrupt
 .text.xTaskGenericCreate
                0x0000000000000758      0x140 ./freertos/src/tasks.o
                0x0000000000000758                xTaskGenericCreate
 .text.vTaskDelay
                0x0000000000000898       0x54 ./freertos/src/tasks.o
                0x0000000000000898                vTaskDelay
 .text.vTaskStartScheduler
                0x00000000000008ec       0x58 ./freertos/src/tasks.o
                0x00000000000008ec                vTaskStartScheduler
 .text.vTaskSuspendAll
                0x0000000000000944       0x1c ./freertos/src/tasks.o
                0x0000000000000944                vTaskSuspendAll
 .text.prvGetExpectedIdleTime
                0x0000000000000960       0x4c ./freertos/src/tasks.o
 .text.xTaskResumeAll
                0x00000000000009ac       0xfc ./freertos/src/tasks.o
                0x00000000000009ac                xTaskResumeAll
 .text.vTaskStepTick
                0x0000000000000aa8       0x24 ./freertos/src/tasks.o
                0x0000000000000aa8                vTaskStepTick
 .text.xTaskIncrementTick
                0x0000000000000acc      0x18c ./freertos/src/tasks.o
                0x0000000000000acc                xTaskIncrementTick
 .text.vTaskSwitchContext
                0x0000000000000c58       0x98 ./freertos/src/tasks.o
                0x0000000000000c58                vTaskSwitchContext
 .text.prvIdleTask
                0x0000000000000cf0       0x48 ./freertos/src/tasks.o
 .text.eTaskConfirmSleepModeStatus
                0x0000000000000d38       0x5c ./freertos/src/tasks.o
                0x0000000000000d38                eTaskConfirmSleepModeStatus
 .text.prvInitialiseTCBVariables
                0x0000000000000d94       0x98 ./freertos/src/tasks.o
 .text.prvInitialiseTaskLists
                0x0000000000000e2c       0x80 ./freertos/src/tasks.o
 .text.prvCheckTasksWaitingTermination
                0x0000000000000eac       0x78 ./freertos/src/tasks.o
 .text.prvAddCurrentTaskToDelayedList
                0x0000000000000f24       0x6c ./freertos/src/tasks.o
 .text.prvAllocateTCBAndStack
                0x0000000000000f90       0x62 ./freertos/src/tasks.o
 .text.prvDeleteTCB
                0x0000000000000ff2       0x20 ./freertos/src/tasks.o
 .text.prvSetupHardware
                0x0000000000001012       0x20 ./example/src/freertos_blinky.o
 .text.vLEDTask1
                0x0000000000001032       0x26 ./example/src/freertos_blinky.o
 .text.vLEDTask2
                0x0000000000001058       0x28 ./example/src/freertos_blinky.o
 .text.vUARTTask
                0x0000000000001080       0x28 ./example/src/freertos_blinky.o
 .text.main     0x00000000000010a8       0x84 ./example/src/freertos_blinky.o
                0x00000000000010a8                main
 .text.SystemInit
                0x000000000000112c       0x24 ./example/src/sysinit.o
                0x000000000000112c                SystemInit
 .text.Chip_IOCON_Init
                0x0000000000001150       0x16 /home/andres/Documents/EMBT/Term3/Ese3025/realtimeProgramming/NXP_RTOS/lpc_board_nxp_lpcxpresso_1769/Debug/liblpc_board_nxp_lpcxpresso_1769.a(board.o)
 .text.Chip_GPIO_Init
                0x0000000000001166       0x16 /home/andres/Documents/EMBT/Term3/Ese3025/realtimeProgramming/NXP_RTOS/lpc_board_nxp_lpcxpresso_1769/Debug/liblpc_board_nxp_lpcxpresso_1769.a(board.o)
 .text.Chip_GPIO_SetPinState
                0x000000000000117c       0x64 /home/andres/Documents/EMBT/Term3/Ese3025/realtimeProgramming/NXP_RTOS/lpc_board_nxp_lpcxpresso_1769/Debug/liblpc_board_nxp_lpcxpresso_1769.a(board.o)
 .text.Chip_GPIO_WritePortBit
                0x00000000000011e0       0x2c /home/andres/Documents/EMBT/Term3/Ese3025/realtimeProgramming/NXP_RTOS/lpc_board_nxp_lpcxpresso_1769/Debug/liblpc_board_nxp_lpcxpresso_1769.a(board.o)
 .text.Chip_GPIO_SetPinDIROutput
                0x000000000000120c       0x36 /home/andres/Documents/EMBT/Term3/Ese3025/realtimeProgramming/NXP_RTOS/lpc_board_nxp_lpcxpresso_1769/Debug/liblpc_board_nxp_lpcxpresso_1769.a(board.o)
 .text.Chip_GPIO_SetPinDIRInput
                0x0000000000001242       0x3a /home/andres/Documents/EMBT/Term3/Ese3025/realtimeProgramming/NXP_RTOS/lpc_board_nxp_lpcxpresso_1769/Debug/liblpc_board_nxp_lpcxpresso_1769.a(board.o)
 .text.Chip_GPIO_SetPinDIR
                0x000000000000127c       0x42 /home/andres/Documents/EMBT/Term3/Ese3025/realtimeProgramming/NXP_RTOS/lpc_board_nxp_lpcxpresso_1769/Debug/liblpc_board_nxp_lpcxpresso_1769.a(board.o)
 .text.Chip_GPIO_WriteDirBit
                0x00000000000012be       0x2e /home/andres/Documents/EMBT/Term3/Ese3025/realtimeProgramming/NXP_RTOS/lpc_board_nxp_lpcxpresso_1769/Debug/liblpc_board_nxp_lpcxpresso_1769.a(board.o)
 .text.Chip_UART_SendByte
                0x00000000000012ec       0x1c /home/andres/Documents/EMBT/Term3/Ese3025/realtimeProgramming/NXP_RTOS/lpc_board_nxp_lpcxpresso_1769/Debug/liblpc_board_nxp_lpcxpresso_1769.a(board.o)
 .text.Chip_UART_ConfigData
                0x0000000000001308       0x1a /home/andres/Documents/EMBT/Term3/Ese3025/realtimeProgramming/NXP_RTOS/lpc_board_nxp_lpcxpresso_1769/Debug/liblpc_board_nxp_lpcxpresso_1769.a(board.o)
 .text.Chip_UART_ReadLineStatus
                0x0000000000001322       0x16 /home/andres/Documents/EMBT/Term3/Ese3025/realtimeProgramming/NXP_RTOS/lpc_board_nxp_lpcxpresso_1769/Debug/liblpc_board_nxp_lpcxpresso_1769.a(board.o)
 .text.__sys_write
                0x0000000000001338       0x38 /home/andres/Documents/EMBT/Term3/Ese3025/realtimeProgramming/NXP_RTOS/lpc_board_nxp_lpcxpresso_1769/Debug/liblpc_board_nxp_lpcxpresso_1769.a(board.o)
                0x0000000000001338                __sys_write
 .text.Board_LED_Init
                0x0000000000001370       0x24 /home/andres/Documents/EMBT/Term3/Ese3025/realtimeProgramming/NXP_RTOS/lpc_board_nxp_lpcxpresso_1769/Debug/liblpc_board_nxp_lpcxpresso_1769.a(board.o)
 .text.Board_UART_Init
                0x0000000000001394       0x12 /home/andres/Documents/EMBT/Term3/Ese3025/realtimeProgramming/NXP_RTOS/lpc_board_nxp_lpcxpresso_1769/Debug/liblpc_board_nxp_lpcxpresso_1769.a(board.o)
                0x0000000000001394                Board_UART_Init
 *fill*         0x00000000000013a6        0x2 ff
 .text.Board_Debug_Init
                0x00000000000013a8       0x30 /home/andres/Documents/EMBT/Term3/Ese3025/realtimeProgramming/NXP_RTOS/lpc_board_nxp_lpcxpresso_1769/Debug/liblpc_board_nxp_lpcxpresso_1769.a(board.o)
                0x00000000000013a8                Board_Debug_Init
 .text.Board_UARTPutChar
                0x00000000000013d8       0x34 /home/andres/Documents/EMBT/Term3/Ese3025/realtimeProgramming/NXP_RTOS/lpc_board_nxp_lpcxpresso_1769/Debug/liblpc_board_nxp_lpcxpresso_1769.a(board.o)
                0x00000000000013d8                Board_UARTPutChar
 .text.Board_LED_Set
                0x000000000000140c       0x58 /home/andres/Documents/EMBT/Term3/Ese3025/realtimeProgramming/NXP_RTOS/lpc_board_nxp_lpcxpresso_1769/Debug/liblpc_board_nxp_lpcxpresso_1769.a(board.o)
                0x000000000000140c                Board_LED_Set
 .text.Board_Init
                0x0000000000001464       0x28 /home/andres/Documents/EMBT/Term3/Ese3025/realtimeProgramming/NXP_RTOS/lpc_board_nxp_lpcxpresso_1769/Debug/liblpc_board_nxp_lpcxpresso_1769.a(board.o)
                0x0000000000001464                Board_Init
 .text.Chip_SYSCTL_SetFLASHAccess
                0x000000000000148c       0x30 /home/andres/Documents/EMBT/Term3/Ese3025/realtimeProgramming/NXP_RTOS/lpc_board_nxp_lpcxpresso_1769/Debug/liblpc_board_nxp_lpcxpresso_1769.a(board_sysinit.o)
 .text.Board_SetupMuxing
                0x00000000000014bc       0x1c /home/andres/Documents/EMBT/Term3/Ese3025/realtimeProgramming/NXP_RTOS/lpc_board_nxp_lpcxpresso_1769/Debug/liblpc_board_nxp_lpcxpresso_1769.a(board_sysinit.o)
                0x00000000000014bc                Board_SetupMuxing
 .text.Board_SetupClocking
                0x00000000000014d8       0x12 /home/andres/Documents/EMBT/Term3/Ese3025/realtimeProgramming/NXP_RTOS/lpc_board_nxp_lpcxpresso_1769/Debug/liblpc_board_nxp_lpcxpresso_1769.a(board_sysinit.o)
                0x00000000000014d8                Board_SetupClocking
 .text.Board_SystemInit
                0x00000000000014ea       0x10 /home/andres/Documents/EMBT/Term3/Ese3025/realtimeProgramming/NXP_RTOS/lpc_board_nxp_lpcxpresso_1769/Debug/liblpc_board_nxp_lpcxpresso_1769.a(board_sysinit.o)
                0x00000000000014ea                Board_SystemInit
 *fill*         0x00000000000014fa        0x2 ff
 .text.SystemCoreClockUpdate
                0x00000000000014fc       0x18 /home/andres/Documents/EMBT/Term3/Ese3025/realtimeProgramming/NXP_RTOS/lpc_chip_175x_6x/Debug/liblpc_chip_175x_6x.a(chip_17xx_40xx.o)
                0x00000000000014fc                SystemCoreClockUpdate
 .text.Chip_Clock_IsMainPLLEnabled
                0x0000000000001514       0x24 /home/andres/Documents/EMBT/Term3/Ese3025/realtimeProgramming/NXP_RTOS/lpc_chip_175x_6x/Debug/liblpc_chip_175x_6x.a(clock_17xx_40xx.o)
 .text.Chip_Clock_IsMainPLLConnected
                0x0000000000001538       0x24 /home/andres/Documents/EMBT/Term3/Ese3025/realtimeProgramming/NXP_RTOS/lpc_chip_175x_6x/Debug/liblpc_chip_175x_6x.a(clock_17xx_40xx.o)
 .text.Chip_Clock_FeedPLL
                0x000000000000155c       0x34 /home/andres/Documents/EMBT/Term3/Ese3025/realtimeProgramming/NXP_RTOS/lpc_chip_175x_6x/Debug/liblpc_chip_175x_6x.a(clock_17xx_40xx.o)
 .text.Chip_Clock_GetMainPLLSource
                0x0000000000001590       0x20 /home/andres/Documents/EMBT/Term3/Ese3025/realtimeProgramming/NXP_RTOS/lpc_chip_175x_6x/Debug/liblpc_chip_175x_6x.a(clock_17xx_40xx.o)
 .text.Chip_Clock_GetMainOscRate
                0x00000000000015b0       0x14 /home/andres/Documents/EMBT/Term3/Ese3025/realtimeProgramming/NXP_RTOS/lpc_chip_175x_6x/Debug/liblpc_chip_175x_6x.a(clock_17xx_40xx.o)
 .text.Chip_Clock_GetIntOscRate
                0x00000000000015c4       0x14 /home/andres/Documents/EMBT/Term3/Ese3025/realtimeProgramming/NXP_RTOS/lpc_chip_175x_6x/Debug/liblpc_chip_175x_6x.a(clock_17xx_40xx.o)
 .text.Chip_Clock_GetRTCOscRate
                0x00000000000015d8       0x14 /home/andres/Documents/EMBT/Term3/Ese3025/realtimeProgramming/NXP_RTOS/lpc_chip_175x_6x/Debug/liblpc_chip_175x_6x.a(clock_17xx_40xx.o)
 .text.Chip_Clock_GetMainPLLInClockRate
                0x00000000000015ec        0xe /home/andres/Documents/EMBT/Term3/Ese3025/realtimeProgramming/NXP_RTOS/lpc_chip_175x_6x/Debug/liblpc_chip_175x_6x.a(clock_17xx_40xx.o)
 *fill*         0x00000000000015fa        0x2 ff
 .text.Chip_Clock_EnablePLL
                0x00000000000015fc       0x44 /home/andres/Documents/EMBT/Term3/Ese3025/realtimeProgramming/NXP_RTOS/lpc_chip_175x_6x/Debug/liblpc_chip_175x_6x.a(clock_17xx_40xx.o)
                0x00000000000015fc                Chip_Clock_EnablePLL
 .text.Chip_Clock_DisablePLL
                0x0000000000001640       0x48 /home/andres/Documents/EMBT/Term3/Ese3025/realtimeProgramming/NXP_RTOS/lpc_chip_175x_6x/Debug/liblpc_chip_175x_6x.a(clock_17xx_40xx.o)
                0x0000000000001640                Chip_Clock_DisablePLL
 .text.Chip_Clock_SetupPLL
                0x0000000000001688       0x5c /home/andres/Documents/EMBT/Term3/Ese3025/realtimeProgramming/NXP_RTOS/lpc_chip_175x_6x/Debug/liblpc_chip_175x_6x.a(clock_17xx_40xx.o)
                0x0000000000001688                Chip_Clock_SetupPLL
 .text.Chip_Clock_EnablePeriphClock
                0x00000000000016e4       0x34 /home/andres/Documents/EMBT/Term3/Ese3025/realtimeProgramming/NXP_RTOS/lpc_chip_175x_6x/Debug/liblpc_chip_175x_6x.a(clock_17xx_40xx.o)
                0x00000000000016e4                Chip_Clock_EnablePeriphClock
 .text.Chip_Clock_GetCPUClockSource
                0x0000000000001718       0x24 /home/andres/Documents/EMBT/Term3/Ese3025/realtimeProgramming/NXP_RTOS/lpc_chip_175x_6x/Debug/liblpc_chip_175x_6x.a(clock_17xx_40xx.o)
                0x0000000000001718                Chip_Clock_GetCPUClockSource
 .text.Chip_Clock_SetCPUClockDiv
                0x000000000000173c       0x20 /home/andres/Documents/EMBT/Term3/Ese3025/realtimeProgramming/NXP_RTOS/lpc_chip_175x_6x/Debug/liblpc_chip_175x_6x.a(clock_17xx_40xx.o)
                0x000000000000173c                Chip_Clock_SetCPUClockDiv
 .text.Chip_Clock_GetCPUClockDiv
                0x000000000000175c       0x1c /home/andres/Documents/EMBT/Term3/Ese3025/realtimeProgramming/NXP_RTOS/lpc_chip_175x_6x/Debug/liblpc_chip_175x_6x.a(clock_17xx_40xx.o)
                0x000000000000175c                Chip_Clock_GetCPUClockDiv
 .text.Chip_Clock_GetPCLKDiv
                0x0000000000001778       0x8c /home/andres/Documents/EMBT/Term3/Ese3025/realtimeProgramming/NXP_RTOS/lpc_chip_175x_6x/Debug/liblpc_chip_175x_6x.a(clock_17xx_40xx.o)
                0x0000000000001778                Chip_Clock_GetPCLKDiv
 .text.Chip_Clock_GetSYSCLKRate
                0x0000000000001804       0x34 /home/andres/Documents/EMBT/Term3/Ese3025/realtimeProgramming/NXP_RTOS/lpc_chip_175x_6x/Debug/liblpc_chip_175x_6x.a(clock_17xx_40xx.o)
                0x0000000000001804                Chip_Clock_GetSYSCLKRate
 .text.Chip_Clock_GetMainPLLOutClockRate
                0x0000000000001838       0x54 /home/andres/Documents/EMBT/Term3/Ese3025/realtimeProgramming/NXP_RTOS/lpc_chip_175x_6x/Debug/liblpc_chip_175x_6x.a(clock_17xx_40xx.o)
                0x0000000000001838                Chip_Clock_GetMainPLLOutClockRate
 .text.Chip_Clock_GetMainClockRate
                0x000000000000188c       0x28 /home/andres/Documents/EMBT/Term3/Ese3025/realtimeProgramming/NXP_RTOS/lpc_chip_175x_6x/Debug/liblpc_chip_175x_6x.a(clock_17xx_40xx.o)
                0x000000000000188c                Chip_Clock_GetMainClockRate
 .text.Chip_Clock_GetSystemClockRate
                0x00000000000018b4       0x18 /home/andres/Documents/EMBT/Term3/Ese3025/realtimeProgramming/NXP_RTOS/lpc_chip_175x_6x/Debug/liblpc_chip_175x_6x.a(clock_17xx_40xx.o)
                0x00000000000018b4                Chip_Clock_GetSystemClockRate
 .text.Chip_Clock_GetPeripheralClockRate
                0x00000000000018cc       0x26 /home/andres/Documents/EMBT/Term3/Ese3025/realtimeProgramming/NXP_RTOS/lpc_chip_175x_6x/Debug/liblpc_chip_175x_6x.a(clock_17xx_40xx.o)
                0x00000000000018cc                Chip_Clock_GetPeripheralClockRate
 .text.Chip_IOCON_PinMuxSet
                0x00000000000018f2       0x36 /home/andres/Documents/EMBT/Term3/Ese3025/realtimeProgramming/NXP_RTOS/lpc_chip_175x_6x/Debug/liblpc_chip_175x_6x.a(iocon_17xx_40xx.o)
                0x00000000000018f2                Chip_IOCON_PinMuxSet
 .text.Chip_IOCON_PinMux
                0x0000000000001928       0x94 /home/andres/Documents/EMBT/Term3/Ese3025/realtimeProgramming/NXP_RTOS/lpc_chip_175x_6x/Debug/liblpc_chip_175x_6x.a(iocon_17xx_40xx.o)
                0x0000000000001928                Chip_IOCON_PinMux
 .text.Chip_IOCON_SetPinMuxing
                0x00000000000019bc       0x62 /home/andres/Documents/EMBT/Term3/Ese3025/realtimeProgramming/NXP_RTOS/lpc_chip_175x_6x/Debug/liblpc_chip_175x_6x.a(iocon_17xx_40xx.o)
                0x00000000000019bc                Chip_IOCON_SetPinMuxing
 *fill*         0x0000000000001a1e        0x2 ff
 .text.Chip_Clock_IsMainPLLEnabled
                0x0000000000001a20       0x24 /home/andres/Documents/EMBT/Term3/Ese3025/realtimeProgramming/NXP_RTOS/lpc_chip_175x_6x/Debug/liblpc_chip_175x_6x.a(sysinit_17xx_40xx.o)
 .text.Chip_Clock_IsMainPLLLocked
                0x0000000000001a44       0x24 /home/andres/Documents/EMBT/Term3/Ese3025/realtimeProgramming/NXP_RTOS/lpc_chip_175x_6x/Debug/liblpc_chip_175x_6x.a(sysinit_17xx_40xx.o)
 .text.Chip_Clock_IsMainPLLConnected
                0x0000000000001a68       0x24 /home/andres/Documents/EMBT/Term3/Ese3025/realtimeProgramming/NXP_RTOS/lpc_chip_175x_6x/Debug/liblpc_chip_175x_6x.a(sysinit_17xx_40xx.o)
 .text.Chip_Clock_EnableCrystal
                0x0000000000001a8c       0x20 /home/andres/Documents/EMBT/Term3/Ese3025/realtimeProgramming/NXP_RTOS/lpc_chip_175x_6x/Debug/liblpc_chip_175x_6x.a(sysinit_17xx_40xx.o)
 .text.Chip_Clock_IsCrystalEnabled
                0x0000000000001aac       0x24 /home/andres/Documents/EMBT/Term3/Ese3025/realtimeProgramming/NXP_RTOS/lpc_chip_175x_6x/Debug/liblpc_chip_175x_6x.a(sysinit_17xx_40xx.o)
 .text.Chip_Clock_SetMainPLLSource
                0x0000000000001ad0       0x20 /home/andres/Documents/EMBT/Term3/Ese3025/realtimeProgramming/NXP_RTOS/lpc_chip_175x_6x/Debug/liblpc_chip_175x_6x.a(sysinit_17xx_40xx.o)
 .text.Chip_SetupXtalClocking
                0x0000000000001af0       0x90 /home/andres/Documents/EMBT/Term3/Ese3025/realtimeProgramming/NXP_RTOS/lpc_chip_175x_6x/Debug/liblpc_chip_175x_6x.a(sysinit_17xx_40xx.o)
                0x0000000000001af0                Chip_SetupXtalClocking
 .text.Chip_UART_SetupFIFOS
                0x0000000000001b80       0x1a /home/andres/Documents/EMBT/Term3/Ese3025/realtimeProgramming/NXP_RTOS/lpc_chip_175x_6x/Debug/liblpc_chip_175x_6x.a(uart_17xx_40xx.o)
 .text.Chip_UART_ConfigData
                0x0000000000001b9a       0x1a /home/andres/Documents/EMBT/Term3/Ese3025/realtimeProgramming/NXP_RTOS/lpc_chip_175x_6x/Debug/liblpc_chip_175x_6x.a(uart_17xx_40xx.o)
 .text.Chip_UART_EnableDivisorAccess
                0x0000000000001bb4       0x1e /home/andres/Documents/EMBT/Term3/Ese3025/realtimeProgramming/NXP_RTOS/lpc_chip_175x_6x/Debug/liblpc_chip_175x_6x.a(uart_17xx_40xx.o)
 .text.Chip_UART_DisableDivisorAccess
                0x0000000000001bd2       0x1e /home/andres/Documents/EMBT/Term3/Ese3025/realtimeProgramming/NXP_RTOS/lpc_chip_175x_6x/Debug/liblpc_chip_175x_6x.a(uart_17xx_40xx.o)
 .text.Chip_UART_SetDivisorLatches
                0x0000000000001bf0       0x26 /home/andres/Documents/EMBT/Term3/Ese3025/realtimeProgramming/NXP_RTOS/lpc_chip_175x_6x/Debug/liblpc_chip_175x_6x.a(uart_17xx_40xx.o)
 *fill*         0x0000000000001c16        0x2 ff
 .text.Chip_UART_GetClockIndex
                0x0000000000001c18       0x50 /home/andres/Documents/EMBT/Term3/Ese3025/realtimeProgramming/NXP_RTOS/lpc_chip_175x_6x/Debug/liblpc_chip_175x_6x.a(uart_17xx_40xx.o)
 .text.Chip_UART_GetClkIndex
                0x0000000000001c68       0x50 /home/andres/Documents/EMBT/Term3/Ese3025/realtimeProgramming/NXP_RTOS/lpc_chip_175x_6x/Debug/liblpc_chip_175x_6x.a(uart_17xx_40xx.o)
 .text.Chip_UART_Init
                0x0000000000001cb8       0x78 /home/andres/Documents/EMBT/Term3/Ese3025/realtimeProgramming/NXP_RTOS/lpc_chip_175x_6x/Debug/liblpc_chip_175x_6x.a(uart_17xx_40xx.o)
                0x0000000000001cb8                Chip_UART_Init
 .text.Chip_UART_TXEnable
                0x0000000000001d30       0x18 /home/andres/Documents/EMBT/Term3/Ese3025/realtimeProgramming/NXP_RTOS/lpc_chip_175x_6x/Debug/liblpc_chip_175x_6x.a(uart_17xx_40xx.o)
                0x0000000000001d30                Chip_UART_TXEnable
 .text.Chip_UART_TXDisable
                0x0000000000001d48       0x18 /home/andres/Documents/EMBT/Term3/Ese3025/realtimeProgramming/NXP_RTOS/lpc_chip_175x_6x/Debug/liblpc_chip_175x_6x.a(uart_17xx_40xx.o)
                0x0000000000001d48                Chip_UART_TXDisable
 .text.Chip_UART_SetBaud
                0x0000000000001d60       0x62 /home/andres/Documents/EMBT/Term3/Ese3025/realtimeProgramming/NXP_RTOS/lpc_chip_175x_6x/Debug/liblpc_chip_175x_6x.a(uart_17xx_40xx.o)
                0x0000000000001d60                Chip_UART_SetBaud
 .text.__main   0x0000000000001dc2        0xe /usr/local/mcuxpressoide-11.0.1_2563/ide/plugins/com.nxp.mcuxpresso.tools.linux_11.0.1.201907311258/tools/bin/../lib/gcc/arm-none-eabi/8.2.1/../../../../arm-none-eabi/lib/thumb/v7-m/nofp/libcr_nohost.a(_cr__main.o)
                0x0000000000001dc2                __main
 .text.memset   0x0000000000001dd0        0x4 /usr/local/mcuxpressoide-11.0.1_2563/ide/plugins/com.nxp.mcuxpresso.tools.linux_11.0.1.201907311258/tools/bin/../lib/gcc/arm-none-eabi/8.2.1/../../../../arm-none-eabi/lib/thumb/v7-m/nofp/libcr_c.a(memset.o)
                0x0000000000001dd0                memset
 .text.malloc   0x0000000000001dd4       0xc8 /usr/local/mcuxpressoide-11.0.1_2563/ide/plugins/com.nxp.mcuxpresso.tools.linux_11.0.1.201907311258/tools/bin/../lib/gcc/arm-none-eabi/8.2.1/../../../../arm-none-eabi/lib/thumb/v7-m/nofp/libcr_c.a(alloc.o)
                0x0000000000001dd4                malloc
 .text.free     0x0000000000001e9c       0x30 /usr/local/mcuxpressoide-11.0.1_2563/ide/plugins/com.nxp.mcuxpresso.tools.linux_11.0.1.201907311258/tools/bin/../lib/gcc/arm-none-eabi/8.2.1/../../../../arm-none-eabi/lib/thumb/v7-m/nofp/libcr_c.a(alloc.o)
                0x0000000000001e9c                free
 .text._Csys_alloc
                0x0000000000001ecc       0x20 /usr/local/mcuxpressoide-11.0.1_2563/ide/plugins/com.nxp.mcuxpresso.tools.linux_11.0.1.201907311258/tools/bin/../lib/gcc/arm-none-eabi/8.2.1/../../../../arm-none-eabi/lib/thumb/v7-m/nofp/libcr_c.a(alloc.o)
                0x0000000000001ecc                _Csys_alloc
 .text.fp_round
                0x0000000000001eec       0x4c /usr/local/mcuxpressoide-11.0.1_2563/ide/plugins/com.nxp.mcuxpresso.tools.linux_11.0.1.201907311258/tools/bin/../lib/gcc/arm-none-eabi/8.2.1/../../../../arm-none-eabi/lib/thumb/v7-m/nofp/libcr_c.a(fpprintf.o)
 .text.pr_dec.constprop.1
                0x0000000000001f38       0x26 /usr/local/mcuxpressoide-11.0.1_2563/ide/plugins/com.nxp.mcuxpresso.tools.linux_11.0.1.201907311258/tools/bin/../lib/gcc/arm-none-eabi/8.2.1/../../../../arm-none-eabi/lib/thumb/v7-m/nofp/libcr_c.a(fpprintf.o)
 *fill*         0x0000000000001f5e        0x2 ff
 .text.sprintf  0x0000000000001f60       0x6c /usr/local/mcuxpressoide-11.0.1_2563/ide/plugins/com.nxp.mcuxpresso.tools.linux_11.0.1.201907311258/tools/bin/../lib/gcc/arm-none-eabi/8.2.1/../../../../arm-none-eabi/lib/thumb/v7-m/nofp/libcr_c.a(fpprintf.o)
                0x0000000000001f60                sprintf
 *fill*         0x0000000000001fcc        0x4 ff
 .text.fp_display
                0x0000000000001fd0      0x948 /usr/local/mcuxpressoide-11.0.1_2563/ide/plugins/com.nxp.mcuxpresso.tools.linux_11.0.1.201907311258/tools/bin/../lib/gcc/arm-none-eabi/8.2.1/../../../../arm-none-eabi/lib/thumb/v7-m/nofp/libcr_c.a(fpprintf.o)
 .text.vsnprintf
                0x0000000000002918       0x68 /usr/local/mcuxpressoide-11.0.1_2563/ide/plugins/com.nxp.mcuxpresso.tools.linux_11.0.1.201907311258/tools/bin/../lib/gcc/arm-none-eabi/8.2.1/../../../../arm-none-eabi/lib/thumb/v7-m/nofp/libcr_c.a(fpprintf.o)
                0x0000000000002918                vsnprintf
 .text.printf   0x0000000000002980       0x54 /usr/local/mcuxpressoide-11.0.1_2563/ide/plugins/com.nxp.mcuxpresso.tools.linux_11.0.1.201907311258/tools/bin/../lib/gcc/arm-none-eabi/8.2.1/../../../../arm-none-eabi/lib/thumb/v7-m/nofp/libcr_c.a(fpprintf.o)
                0x0000000000002980                printf
 .text._initio  0x00000000000029d4       0x78 /usr/local/mcuxpressoide-11.0.1_2563/ide/plugins/com.nxp.mcuxpresso.tools.linux_11.0.1.201907311258/tools/bin/../lib/gcc/arm-none-eabi/8.2.1/../../../../arm-none-eabi/lib/thumb/v7-m/nofp/libcr_c.a(initio.o)
                0x00000000000029d4                _initio
 .text.__vfprintf
                0x0000000000002a4c      0xbd4 /usr/local/mcuxpressoide-11.0.1_2563/ide/plugins/com.nxp.mcuxpresso.tools.linux_11.0.1.201907311258/tools/bin/../lib/gcc/arm-none-eabi/8.2.1/../../../../arm-none-eabi/lib/thumb/v7-m/nofp/libcr_c.a(printf.o)
                0x0000000000002a4c                __vfprintf
 .text.setvbuf  0x0000000000003620       0x40 /usr/local/mcuxpressoide-11.0.1_2563/ide/plugins/com.nxp.mcuxpresso.tools.linux_11.0.1.201907311258/tools/bin/../lib/gcc/arm-none-eabi/8.2.1/../../../../arm-none-eabi/lib/thumb/v7-m/nofp/libcr_c.a(setvbuf.o)
                0x0000000000003620                setvbuf
 .text.strlen   0x0000000000003660       0x4c /usr/local/mcuxpressoide-11.0.1_2563/ide/plugins/com.nxp.mcuxpresso.tools.linux_11.0.1.201907311258/tools/bin/../lib/gcc/arm-none-eabi/8.2.1/../../../../arm-none-eabi/lib/thumb/v7-m/nofp/libcr_c.a(strlen.o)
                0x0000000000003660                strlen
 .text._sbrk    0x00000000000036ac       0x3c /usr/local/mcuxpressoide-11.0.1_2563/ide/plugins/com.nxp.mcuxpresso.tools.linux_11.0.1.201907311258/tools/bin/../lib/gcc/arm-none-eabi/8.2.1/../../../../arm-none-eabi/lib/thumb/v7-m/nofp/libcr_c.a(_cr_sbrk.o)
                0x00000000000036ac                _sbrk
 .text._deferredlazyseek
                0x00000000000036e8       0x40 /usr/local/mcuxpressoide-11.0.1_2563/ide/plugins/com.nxp.mcuxpresso.tools.linux_11.0.1.201907311258/tools/bin/../lib/gcc/arm-none-eabi/8.2.1/../../../../arm-none-eabi/lib/thumb/v7-m/nofp/libcr_c.a(_deferredlazyseek.o)
                0x00000000000036e8                _deferredlazyseek
 .text.__flsbuf
                0x0000000000003728      0x140 /usr/local/mcuxpressoide-11.0.1_2563/ide/plugins/com.nxp.mcuxpresso.tools.linux_11.0.1.201907311258/tools/bin/../lib/gcc/arm-none-eabi/8.2.1/../../../../arm-none-eabi/lib/thumb/v7-m/nofp/libcr_c.a(_deferredlazyseek.o)
                0x0000000000003728                __flsbuf
 .text._fdopen  0x0000000000003868       0x68 /usr/local/mcuxpressoide-11.0.1_2563/ide/plugins/com.nxp.mcuxpresso.tools.linux_11.0.1.201907311258/tools/bin/../lib/gcc/arm-none-eabi/8.2.1/../../../../arm-none-eabi/lib/thumb/v7-m/nofp/libcr_c.a(_fdopen.o)
                0x0000000000003868                _fdopen
 .text._fflush  0x00000000000038d0       0x52 /usr/local/mcuxpressoide-11.0.1_2563/ide/plugins/com.nxp.mcuxpresso.tools.linux_11.0.1.201907311258/tools/bin/../lib/gcc/arm-none-eabi/8.2.1/../../../../arm-none-eabi/lib/thumb/v7-m/nofp/libcr_c.a(_fflush.o)
                0x00000000000038d0                _fflush
 .text._frexpl  0x0000000000003922       0x56 /usr/local/mcuxpressoide-11.0.1_2563/ide/plugins/com.nxp.mcuxpresso.tools.linux_11.0.1.201907311258/tools/bin/../lib/gcc/arm-none-eabi/8.2.1/../../../../arm-none-eabi/lib/thumb/v7-m/nofp/libcr_c.a(_frexpl.o)
                0x0000000000003922                _frexpl
 .text._ldexpl  0x0000000000003978       0x48 /usr/local/mcuxpressoide-11.0.1_2563/ide/plugins/com.nxp.mcuxpresso.tools.linux_11.0.1.201907311258/tools/bin/../lib/gcc/arm-none-eabi/8.2.1/../../../../arm-none-eabi/lib/thumb/v7-m/nofp/libcr_c.a(_ldexpl.o)
                0x0000000000003978                _ldexpl
 .text._Cwritebuf
                0x00000000000039c0       0x6c /usr/local/mcuxpressoide-11.0.1_2563/ide/plugins/com.nxp.mcuxpresso.tools.linux_11.0.1.201907311258/tools/bin/../lib/gcc/arm-none-eabi/8.2.1/../../../../arm-none-eabi/lib/thumb/v7-m/nofp/libcr_c.a(_writebuf.o)
                0x00000000000039c0                _Cwritebuf
 .text.fclose   0x0000000000003a2c       0x58 /usr/local/mcuxpressoide-11.0.1_2563/ide/plugins/com.nxp.mcuxpresso.tools.linux_11.0.1.201907311258/tools/bin/../lib/gcc/arm-none-eabi/8.2.1/../../../../arm-none-eabi/lib/thumb/v7-m/nofp/libcr_c.a(fclose.o)
                0x0000000000003a2c                fclose
 .text.fflush   0x0000000000003a84       0x44 /usr/local/mcuxpressoide-11.0.1_2563/ide/plugins/com.nxp.mcuxpresso.tools.linux_11.0.1.201907311258/tools/bin/../lib/gcc/arm-none-eabi/8.2.1/../../../../arm-none-eabi/lib/thumb/v7-m/nofp/libcr_c.a(fflush.o)
                0x0000000000003a84                fflush
 .text.fseek    0x0000000000003ac8      0x100 /usr/local/mcuxpressoide-11.0.1_2563/ide/plugins/com.nxp.mcuxpresso.tools.linux_11.0.1.201907311258/tools/bin/../lib/gcc/arm-none-eabi/8.2.1/../../../../arm-none-eabi/lib/thumb/v7-m/nofp/libcr_c.a(fseek.o)
                0x0000000000003ac8                fseek
 .text.ftell    0x0000000000003bc8       0x48 /usr/local/mcuxpressoide-11.0.1_2563/ide/plugins/com.nxp.mcuxpresso.tools.linux_11.0.1.201907311258/tools/bin/../lib/gcc/arm-none-eabi/8.2.1/../../../../arm-none-eabi/lib/thumb/v7-m/nofp/libcr_c.a(ftell.o)
                0x0000000000003bc8                ftell
 .text.remove   0x0000000000003c10       0x14 /usr/local/mcuxpressoide-11.0.1_2563/ide/plugins/com.nxp.mcuxpresso.tools.linux_11.0.1.201907311258/tools/bin/../lib/gcc/arm-none-eabi/8.2.1/../../../../arm-none-eabi/lib/thumb/v7-m/nofp/libcr_c.a(remove.o)
                0x0000000000003c10                remove
 .text.__check_heap_overflow
                0x0000000000003c24       0x18 /usr/local/mcuxpressoide-11.0.1_2563/ide/plugins/com.nxp.mcuxpresso.tools.linux_11.0.1.201907311258/tools/bin/../lib/gcc/arm-none-eabi/8.2.1/../../../../arm-none-eabi/lib/thumb/v7-m/nofp/libcr_c.a(_cr_check_heap.o)
                0x0000000000003c24                __check_heap_overflow
 .text._do_fflush
                0x0000000000003c3c       0x40 /usr/local/mcuxpressoide-11.0.1_2563/ide/plugins/com.nxp.mcuxpresso.tools.linux_11.0.1.201907311258/tools/bin/../lib/gcc/arm-none-eabi/8.2.1/../../../../arm-none-eabi/lib/thumb/v7-m/nofp/libcr_c.a(_do_fflush.o)
                0x0000000000003c3c                _do_fflush
 .text.__aeabi_dmul
                0x0000000000003c7c      0x10c /usr/local/mcuxpressoide-11.0.1_2563/ide/plugins/com.nxp.mcuxpresso.tools.linux_11.0.1.201907311258/tools/bin/../lib/gcc/arm-none-eabi/8.2.1/thumb/v7-m/nofp/libcr_eabihelpers.a(double.o)
                0x0000000000003c7c                __aeabi_dmul
 .text.__aeabi_ddiv
                0x0000000000003d88      0x140 /usr/local/mcuxpressoide-11.0.1_2563/ide/plugins/com.nxp.mcuxpresso.tools.linux_11.0.1.201907311258/tools/bin/../lib/gcc/arm-none-eabi/8.2.1/thumb/v7-m/nofp/libcr_eabihelpers.a(double.o)
                0x0000000000003d88                __aeabi_ddiv
 .text.__aeabi_dsub
                0x0000000000003ec8      0x1a8 /usr/local/mcuxpressoide-11.0.1_2563/ide/plugins/com.nxp.mcuxpresso.tools.linux_11.0.1.201907311258/tools/bin/../lib/gcc/arm-none-eabi/8.2.1/thumb/v7-m/nofp/libcr_eabihelpers.a(double.o)
                0x0000000000003ec8                __aeabi_dsub
 .text.__aeabi_dadd
                0x0000000000004070      0x108 /usr/local/mcuxpressoide-11.0.1_2563/ide/plugins/com.nxp.mcuxpresso.tools.linux_11.0.1.201907311258/tools/bin/../lib/gcc/arm-none-eabi/8.2.1/thumb/v7-m/nofp/libcr_eabihelpers.a(double.o)
                0x0000000000004070                __aeabi_dadd
 .text.__aeabi_d2iz
                0x0000000000004178       0x40 /usr/local/mcuxpressoide-11.0.1_2563/ide/plugins/com.nxp.mcuxpresso.tools.linux_11.0.1.201907311258/tools/bin/../lib/gcc/arm-none-eabi/8.2.1/thumb/v7-m/nofp/libcr_eabihelpers.a(double.o)
                0x0000000000004178                __aeabi_d2iz
 .text.__bhs_ui2d
                0x00000000000041b8       0x46 /usr/local/mcuxpressoide-11.0.1_2563/ide/plugins/com.nxp.mcuxpresso.tools.linux_11.0.1.201907311258/tools/bin/../lib/gcc/arm-none-eabi/8.2.1/thumb/v7-m/nofp/libcr_eabihelpers.a(double.o)
                0x00000000000041b8                __bhs_ui2d
 .text.__aeabi_i2d
                0x00000000000041fe       0x12 /usr/local/mcuxpressoide-11.0.1_2563/ide/plugins/com.nxp.mcuxpresso.tools.linux_11.0.1.201907311258/tools/bin/../lib/gcc/arm-none-eabi/8.2.1/thumb/v7-m/nofp/libcr_eabihelpers.a(double.o)
                0x00000000000041fe                __aeabi_i2d
 .text.__aeabi_dcmpeq
                0x0000000000004210       0x2a /usr/local/mcuxpressoide-11.0.1_2563/ide/plugins/com.nxp.mcuxpresso.tools.linux_11.0.1.201907311258/tools/bin/../lib/gcc/arm-none-eabi/8.2.1/thumb/v7-m/nofp/libcr_eabihelpers.a(double.o)
                0x0000000000004210                __aeabi_dcmpeq
 .text.__aeabi_dcmplt
                0x000000000000423a       0x52 /usr/local/mcuxpressoide-11.0.1_2563/ide/plugins/com.nxp.mcuxpresso.tools.linux_11.0.1.201907311258/tools/bin/../lib/gcc/arm-none-eabi/8.2.1/thumb/v7-m/nofp/libcr_eabihelpers.a(double.o)
                0x000000000000423a                __aeabi_dcmplt
 .text.__aeabi_dcmple
                0x000000000000428c       0x52 /usr/local/mcuxpressoide-11.0.1_2563/ide/plugins/com.nxp.mcuxpresso.tools.linux_11.0.1.201907311258/tools/bin/../lib/gcc/arm-none-eabi/8.2.1/thumb/v7-m/nofp/libcr_eabihelpers.a(double.o)
                0x000000000000428c                __aeabi_dcmple
 .text.__aeabi_dcmpge
                0x00000000000042de       0x58 /usr/local/mcuxpressoide-11.0.1_2563/ide/plugins/com.nxp.mcuxpresso.tools.linux_11.0.1.201907311258/tools/bin/../lib/gcc/arm-none-eabi/8.2.1/thumb/v7-m/nofp/libcr_eabihelpers.a(double.o)
                0x00000000000042de                __aeabi_dcmpge
 .text.__aeabi_memset_lowlevel
                0x0000000000004336       0x32 /usr/local/mcuxpressoide-11.0.1_2563/ide/plugins/com.nxp.mcuxpresso.tools.linux_11.0.1.201907311258/tools/bin/../lib/gcc/arm-none-eabi/8.2.1/thumb/v7-m/nofp/libcr_eabihelpers.a(memcpy.o)
                0x0000000000004336                __aeabi_lowlevel_memset
 .text.__sys_appexit
                0x0000000000004368        0x2 /usr/local/mcuxpressoide-11.0.1_2563/ide/plugins/com.nxp.mcuxpresso.tools.linux_11.0.1.201907311258/tools/bin/../lib/gcc/arm-none-eabi/8.2.1/../../../../arm-none-eabi/lib/thumb/v7-m/nofp/libcr_nohost.a(__sys_appexit.o)
                0x0000000000004368                __exit
                0x0000000000004368                __sys_appexit
 .text.__sys_close
                0x000000000000436a        0x6 /usr/local/mcuxpressoide-11.0.1_2563/ide/plugins/com.nxp.mcuxpresso.tools.linux_11.0.1.201907311258/tools/bin/../lib/gcc/arm-none-eabi/8.2.1/../../../../arm-none-eabi/lib/thumb/v7-m/nofp/libcr_nohost.a(__sys_close.o)
                0x000000000000436a                __sys_close
 .text.__sys_flen
                0x0000000000004370        0x6 /usr/local/mcuxpressoide-11.0.1_2563/ide/plugins/com.nxp.mcuxpresso.tools.linux_11.0.1.201907311258/tools/bin/../lib/gcc/arm-none-eabi/8.2.1/../../../../arm-none-eabi/lib/thumb/v7-m/nofp/libcr_nohost.a(__sys_flen.o)
                0x0000000000004370                __sys_flen
 .text.__sys_istty
                0x0000000000004376        0x6 /usr/local/mcuxpressoide-11.0.1_2563/ide/plugins/com.nxp.mcuxpresso.tools.linux_11.0.1.201907311258/tools/bin/../lib/gcc/arm-none-eabi/8.2.1/../../../../arm-none-eabi/lib/thumb/v7-m/nofp/libcr_nohost.a(__sys_istty.o)
                0x0000000000004376                __sys_istty
 .text.__sys_remove
                0x000000000000437c        0x6 /usr/local/mcuxpressoide-11.0.1_2563/ide/plugins/com.nxp.mcuxpresso.tools.linux_11.0.1.201907311258/tools/bin/../lib/gcc/arm-none-eabi/8.2.1/../../../../arm-none-eabi/lib/thumb/v7-m/nofp/libcr_nohost.a(__sys_remove.o)
                0x000000000000437c                __sys_remove
 .text.__sys_seek
                0x0000000000004382        0x6 /usr/local/mcuxpressoide-11.0.1_2563/ide/plugins/com.nxp.mcuxpresso.tools.linux_11.0.1.201907311258/tools/bin/../lib/gcc/arm-none-eabi/8.2.1/../../../../arm-none-eabi/lib/thumb/v7-m/nofp/libcr_nohost.a(__sys_seek.o)
                0x0000000000004382                __sys_seek
 .text.__sys_tmpnam
                0x0000000000004388        0x6 /usr/local/mcuxpressoide-11.0.1_2563/ide/plugins/com.nxp.mcuxpresso.tools.linux_11.0.1.201907311258/tools/bin/../lib/gcc/arm-none-eabi/8.2.1/../../../../arm-none-eabi/lib/thumb/v7-m/nofp/libcr_nohost.a(__sys_tmpnam.o)
                0x0000000000004388                __sys_tmpnam
 *(.rodata .rodata.* .constdata .constdata.*)
 *fill*         0x000000000000438e        0x2 ff
 .rodata        0x0000000000004390        0x5 ./freertos/src/tasks.o
 *fill*         0x0000000000004395        0x3 ff
 .rodata        0x0000000000004398       0x2e ./example/src/freertos_blinky.o
 *fill*         0x00000000000043c6        0x2 ff
 .rodata.OscRateIn
                0x00000000000043c8        0x4 /home/andres/Documents/EMBT/Term3/Ese3025/realtimeProgramming/NXP_RTOS/lpc_board_nxp_lpcxpresso_1769/Debug/liblpc_board_nxp_lpcxpresso_1769.a(board.o)
                0x00000000000043c8                OscRateIn
 .rodata.RTCOscRateIn
                0x00000000000043cc        0x4 /home/andres/Documents/EMBT/Term3/Ese3025/realtimeProgramming/NXP_RTOS/lpc_board_nxp_lpcxpresso_1769/Debug/liblpc_board_nxp_lpcxpresso_1769.a(board.o)
                0x00000000000043cc                RTCOscRateIn
 .rodata.pinmuxing
                0x00000000000043d0       0x5c /home/andres/Documents/EMBT/Term3/Ese3025/realtimeProgramming/NXP_RTOS/lpc_board_nxp_lpcxpresso_1769/Debug/liblpc_board_nxp_lpcxpresso_1769.a(board_sysinit.o)
 .rodata._Csys_alloc.str1.1
                0x000000000000442c       0x18 /usr/local/mcuxpressoide-11.0.1_2563/ide/plugins/com.nxp.mcuxpresso.tools.linux_11.0.1.201907311258/tools/bin/../lib/gcc/arm-none-eabi/8.2.1/../../../../arm-none-eabi/lib/thumb/v7-m/nofp/libcr_c.a(alloc.o)
 .rodata.fp_display.str1.1
                0x0000000000004444       0x34 /usr/local/mcuxpressoide-11.0.1_2563/ide/plugins/com.nxp.mcuxpresso.tools.linux_11.0.1.201907311258/tools/bin/../lib/gcc/arm-none-eabi/8.2.1/../../../../arm-none-eabi/lib/thumb/v7-m/nofp/libcr_c.a(fpprintf.o)
                                         0x35 (size before relaxing)
 .rodata._initio.str1.1
                0x0000000000004478        0x4 /usr/local/mcuxpressoide-11.0.1_2563/ide/plugins/com.nxp.mcuxpresso.tools.linux_11.0.1.201907311258/tools/bin/../lib/gcc/arm-none-eabi/8.2.1/../../../../arm-none-eabi/lib/thumb/v7-m/nofp/libcr_c.a(initio.o)
 .rodata.__vfprintf.str1.1
                0x000000000000447c       0x31 /usr/local/mcuxpressoide-11.0.1_2563/ide/plugins/com.nxp.mcuxpresso.tools.linux_11.0.1.201907311258/tools/bin/../lib/gcc/arm-none-eabi/8.2.1/../../../../arm-none-eabi/lib/thumb/v7-m/nofp/libcr_c.a(printf.o)
                                         0x38 (size before relaxing)
 *fill*         0x00000000000044ad        0x3 ff
 .rodata.__num_Ciob_streams
                0x00000000000044b0        0x4 /usr/local/mcuxpressoide-11.0.1_2563/ide/plugins/com.nxp.mcuxpresso.tools.linux_11.0.1.201907311258/tools/bin/../lib/gcc/arm-none-eabi/8.2.1/../../../../arm-none-eabi/lib/thumb/v7-m/nofp/libcr_nohost.a(__ciob.o)
                0x00000000000044b0                __num_Ciob_streams
                0x00000000000044b4                . = ALIGN (0x4)

.glue_7         0x00000000000044b4        0x0
 .glue_7        0x00000000000044b4        0x0 linker stubs

.glue_7t        0x00000000000044b4        0x0
 .glue_7t       0x00000000000044b4        0x0 linker stubs

.vfp11_veneer   0x00000000000044b4        0x0
 .vfp11_veneer  0x00000000000044b4        0x0 linker stubs

.v4_bx          0x00000000000044b4        0x0
 .v4_bx         0x00000000000044b4        0x0 linker stubs

.iplt           0x00000000000044b4        0x0
 .iplt          0x00000000000044b4        0x0 ./freertos/src/FreeRTOSCommonHooks.o

.rel.dyn        0x00000000000044b4        0x0
 .rel.iplt      0x00000000000044b4        0x0 ./freertos/src/FreeRTOSCommonHooks.o

.ARM.extab
 *(.ARM.extab* .gnu.linkonce.armextab.*)
                0x00000000000044b4                __exidx_start = .

.ARM.exidx
 *(.ARM.exidx* .gnu.linkonce.armexidx.*)
                0x00000000000044b4                __exidx_end = .
                0x00000000000044b4                _etext = .

.data_RAM2      0x000000002007c000        0x0 load address 0x00000000000044b4
 FILL mask 0xff
                [!provide]                        PROVIDE (__start_data_RAM2 = .)
 *(.ramfunc.$RAM2)
 *(.ramfunc.$RamAHB32)
 *(.data.$RAM2)
 *(.data.$RamAHB32)
 *(.data.$RAM2.*)
 *(.data.$RamAHB32.*)
                0x000000002007c000                . = ALIGN (0x4)
                [!provide]                        PROVIDE (__end_data_RAM2 = .)

.uninit_RESERVED
                0x0000000010000000        0x0
                0x0000000010000000                . = ALIGN (0x4)
 *(.bss.$RESERVED*)
                0x0000000010000000                . = ALIGN (0x4)
                0x0000000010000000                _end_uninit_RESERVED = .

.data           0x0000000010000000        0x8 load address 0x00000000000044b4
 FILL mask 0xff
                0x0000000010000000                _data = .
 *(vtable)
 *(.ramfunc*)
 *(CodeQuickAccess)
 *(DataQuickAccess)
 *(RamFunction)
 *(.data*)
 .data.uxCriticalNesting
                0x0000000010000000        0x4 ./freertos/src/port.o
 .data.xNextTaskUnblockTime
                0x0000000010000004        0x4 ./freertos/src/tasks.o
                0x0000000010000008                . = ALIGN (0x4)
                0x0000000010000008                _edata = .

.igot.plt       0x0000000010000008        0x0 load address 0x00000000000044bc
 .igot.plt      0x0000000010000008        0x0 ./freertos/src/FreeRTOSCommonHooks.o

.bss_RAM2       0x000000002007c000        0x0
                0x000000002007c000                . = ALIGN (0x4)
                [!provide]                        PROVIDE (__start_bss_RAM2 = .)
 *(.bss.$RAM2)
 *(.bss.$RamAHB32)
 *(.bss.$RAM2.*)
 *(.bss.$RamAHB32.*)
                0x000000002007c000                . = ALIGN ((. != 0x0)?0x4:0x1)
                [!provide]                        PROVIDE (__end_bss_RAM2 = .)

.bss            0x0000000010000008      0x334
                0x0000000010000008                . = ALIGN (0x4)
                0x0000000010000008                _bss = .
 *(.bss*)
 .bss.ulTimerCountsForOneTick
                0x0000000010000008        0x4 ./freertos/src/port.o
 .bss.xMaximumPossibleSuppressedTicks
                0x000000001000000c        0x4 ./freertos/src/port.o
 .bss.ulStoppedTimerCompensation
                0x0000000010000010        0x4 ./freertos/src/port.o
 .bss.pxCurrentTCB
                0x0000000010000014        0x4 ./freertos/src/tasks.o
                0x0000000010000014                pxCurrentTCB
 .bss.pxReadyTasksLists
                0x0000000010000018       0xa0 ./freertos/src/tasks.o
 .bss.xDelayedTaskList1
                0x00000000100000b8       0x14 ./freertos/src/tasks.o
 .bss.xDelayedTaskList2
                0x00000000100000cc       0x14 ./freertos/src/tasks.o
 .bss.pxDelayedTaskList
                0x00000000100000e0        0x4 ./freertos/src/tasks.o
 .bss.pxOverflowDelayedTaskList
                0x00000000100000e4        0x4 ./freertos/src/tasks.o
 .bss.xPendingReadyList
                0x00000000100000e8       0x14 ./freertos/src/tasks.o
 .bss.xTasksWaitingTermination
                0x00000000100000fc       0x14 ./freertos/src/tasks.o
 .bss.uxTasksDeleted
                0x0000000010000110        0x4 ./freertos/src/tasks.o
 .bss.xSuspendedTaskList
                0x0000000010000114       0x14 ./freertos/src/tasks.o
 .bss.uxCurrentNumberOfTasks
                0x0000000010000128        0x4 ./freertos/src/tasks.o
 .bss.xTickCount
                0x000000001000012c        0x4 ./freertos/src/tasks.o
 .bss.uxTopReadyPriority
                0x0000000010000130        0x4 ./freertos/src/tasks.o
 .bss.xSchedulerRunning
                0x0000000010000134        0x4 ./freertos/src/tasks.o
 .bss.uxSchedulerSuspended
                0x0000000010000138        0x4 ./freertos/src/tasks.o
 .bss.uxPendedTicks
                0x000000001000013c        0x4 ./freertos/src/tasks.o
 .bss.xYieldPending
                0x0000000010000140        0x4 ./freertos/src/tasks.o
 .bss.xNumOfOverflows
                0x0000000010000144        0x4 ./freertos/src/tasks.o
 .bss.uxTaskNumber
                0x0000000010000148        0x4 ./freertos/src/tasks.o
 .bss.__end_of_heap
                0x000000001000014c        0x4 /usr/local/mcuxpressoide-11.0.1_2563/ide/plugins/com.nxp.mcuxpresso.tools.linux_11.0.1.201907311258/tools/bin/../lib/gcc/arm-none-eabi/8.2.1/../../../../arm-none-eabi/lib/thumb/v7-m/nofp/libcr_c.a(__init_alloc.o)
                0x000000001000014c                __end_of_heap
 .bss.__heaps   0x0000000010000150        0x4 /usr/local/mcuxpressoide-11.0.1_2563/ide/plugins/com.nxp.mcuxpresso.tools.linux_11.0.1.201907311258/tools/bin/../lib/gcc/arm-none-eabi/8.2.1/../../../../arm-none-eabi/lib/thumb/v7-m/nofp/libcr_c.a(__init_alloc.o)
                0x0000000010000150                __heaps
 .bss.errno     0x0000000010000154        0x4 /usr/local/mcuxpressoide-11.0.1_2563/ide/plugins/com.nxp.mcuxpresso.tools.linux_11.0.1.201907311258/tools/bin/../lib/gcc/arm-none-eabi/8.2.1/../../../../arm-none-eabi/lib/thumb/v7-m/nofp/libcr_c.a(errno.o)
                0x0000000010000154                errno
 .bss.__Ciob    0x0000000010000158      0x1e0 /usr/local/mcuxpressoide-11.0.1_2563/ide/plugins/com.nxp.mcuxpresso.tools.linux_11.0.1.201907311258/tools/bin/../lib/gcc/arm-none-eabi/8.2.1/../../../../arm-none-eabi/lib/thumb/v7-m/nofp/libcr_nohost.a(__ciob.o)
                0x0000000010000158                __Ciob
 *(COMMON)
 COMMON         0x0000000010000338        0x4 /home/andres/Documents/EMBT/Term3/Ese3025/realtimeProgramming/NXP_RTOS/lpc_chip_175x_6x/Debug/liblpc_chip_175x_6x.a(chip_17xx_40xx.o)
                0x0000000010000338                SystemCoreClock
                0x000000001000033c                . = ALIGN (0x4)
                0x000000001000033c                _ebss = .
                [!provide]                        PROVIDE (end = .)

.noinit_RAM2    0x000000002007c000        0x0
                0x000000002007c000                . = ALIGN (0x4)
 *(.noinit.$RAM2)
 *(.noinit.$RamAHB32)
 *(.noinit.$RAM2.*)
 *(.noinit.$RamAHB32.*)
                0x000000002007c000                . = ALIGN (0x4)

.noinit         0x000000001000033c        0x0
                0x000000001000033c                . = ALIGN (0x4)
                0x000000001000033c                _noinit = .
 *(.noinit*)
                0x000000001000033c                . = ALIGN (0x4)
                0x000000001000033c                _end_noinit = .
                0x000000001000033c                PROVIDE (_pvHeapStart = DEFINED (__user_heap_base)?__user_heap_base:.)
                0x0000000010008000                PROVIDE (_vStackTop = DEFINED (__user_stack_top)?__user_stack_top:(__top_RamLoc32 - 0x0))
                [!provide]                        PROVIDE (__valid_user_code_checksum = (0x0 - ((((((_vStackTop + (ResetISR + 0x1)) + (NMI_Handler + 0x1)) + (HardFault_Handler + 0x1)) + (DEFINED (MemManage_Handler)?MemManage_Handler:0x0 + 0x1)) + (DEFINED (BusFault_Handler)?BusFault_Handler:0x0 + 0x1)) + (DEFINED (UsageFault_Handler)?UsageFault_Handler:0x0 + 0x1))))
                0x0000000000000000                _image_start = LOADADDR (.text)
                0x00000000000044bc                _image_end = (LOADADDR (.data) + SIZEOF (.data))
                0x00000000000044bc                _image_size = (_image_end - _image_start)
OUTPUT(freertos_blinky.axf elf32-littlearm)

.debug_info     0x0000000000000000     0x71df
 .debug_info    0x0000000000000000      0x2f8 ./freertos/src/FreeRTOSCommonHooks.o
 .debug_info    0x00000000000002f8      0x282 ./freertos/src/heap_3.o
 .debug_info    0x000000000000057a      0x439 ./freertos/src/list.o
 .debug_info    0x00000000000009b3      0x53e ./freertos/src/port.o
 .debug_info    0x0000000000000ef1     0x1436 ./freertos/src/tasks.o
 .debug_info    0x0000000000002327      0x272 ./example/src/cr_startup_lpc175x_6x.o
 .debug_info    0x0000000000002599      0x2fb ./example/src/freertos_blinky.o
 .debug_info    0x0000000000002894      0x250 ./example/src/sysinit.o
 .debug_info    0x0000000000002ae4     0x1652 /home/andres/Documents/EMBT/Term3/Ese3025/realtimeProgramming/NXP_RTOS/lpc_board_nxp_lpcxpresso_1769/Debug/liblpc_board_nxp_lpcxpresso_1769.a(board.o)
 .debug_info    0x0000000000004136      0x71d /home/andres/Documents/EMBT/Term3/Ese3025/realtimeProgramming/NXP_RTOS/lpc_board_nxp_lpcxpresso_1769/Debug/liblpc_board_nxp_lpcxpresso_1769.a(board_sysinit.o)
 .debug_info    0x0000000000004853      0x591 /home/andres/Documents/EMBT/Term3/Ese3025/realtimeProgramming/NXP_RTOS/lpc_chip_175x_6x/Debug/liblpc_chip_175x_6x.a(chip_17xx_40xx.o)
 .debug_info    0x0000000000004de4      0xc2a /home/andres/Documents/EMBT/Term3/Ese3025/realtimeProgramming/NXP_RTOS/lpc_chip_175x_6x/Debug/liblpc_chip_175x_6x.a(clock_17xx_40xx.o)
 .debug_info    0x0000000000005a0e      0x347 /home/andres/Documents/EMBT/Term3/Ese3025/realtimeProgramming/NXP_RTOS/lpc_chip_175x_6x/Debug/liblpc_chip_175x_6x.a(iocon_17xx_40xx.o)
 .debug_info    0x0000000000005d55      0x4b0 /home/andres/Documents/EMBT/Term3/Ese3025/realtimeProgramming/NXP_RTOS/lpc_chip_175x_6x/Debug/liblpc_chip_175x_6x.a(sysinit_17xx_40xx.o)
 .debug_info    0x0000000000006205      0xfda /home/andres/Documents/EMBT/Term3/Ese3025/realtimeProgramming/NXP_RTOS/lpc_chip_175x_6x/Debug/liblpc_chip_175x_6x.a(uart_17xx_40xx.o)

.debug_abbrev   0x0000000000000000     0x1cbf
 .debug_abbrev  0x0000000000000000      0x181 ./freertos/src/FreeRTOSCommonHooks.o
 .debug_abbrev  0x0000000000000181      0x12b ./freertos/src/heap_3.o
 .debug_abbrev  0x00000000000002ac      0x136 ./freertos/src/list.o
 .debug_abbrev  0x00000000000003e2      0x243 ./freertos/src/port.o
 .debug_abbrev  0x0000000000000625      0x291 ./freertos/src/tasks.o
 .debug_abbrev  0x00000000000008b6      0x117 ./example/src/cr_startup_lpc175x_6x.o
 .debug_abbrev  0x00000000000009cd      0x130 ./example/src/freertos_blinky.o
 .debug_abbrev  0x0000000000000afd       0xeb ./example/src/sysinit.o
 .debug_abbrev  0x0000000000000be8      0x413 /home/andres/Documents/EMBT/Term3/Ese3025/realtimeProgramming/NXP_RTOS/lpc_board_nxp_lpcxpresso_1769/Debug/liblpc_board_nxp_lpcxpresso_1769.a(board.o)
 .debug_abbrev  0x0000000000000ffb      0x1a2 /home/andres/Documents/EMBT/Term3/Ese3025/realtimeProgramming/NXP_RTOS/lpc_board_nxp_lpcxpresso_1769/Debug/liblpc_board_nxp_lpcxpresso_1769.a(board_sysinit.o)
 .debug_abbrev  0x000000000000119d      0x16d /home/andres/Documents/EMBT/Term3/Ese3025/realtimeProgramming/NXP_RTOS/lpc_chip_175x_6x/Debug/liblpc_chip_175x_6x.a(chip_17xx_40xx.o)
 .debug_abbrev  0x000000000000130a      0x34d /home/andres/Documents/EMBT/Term3/Ese3025/realtimeProgramming/NXP_RTOS/lpc_chip_175x_6x/Debug/liblpc_chip_175x_6x.a(clock_17xx_40xx.o)
 .debug_abbrev  0x0000000000001657      0x164 /home/andres/Documents/EMBT/Term3/Ese3025/realtimeProgramming/NXP_RTOS/lpc_chip_175x_6x/Debug/liblpc_chip_175x_6x.a(iocon_17xx_40xx.o)
 .debug_abbrev  0x00000000000017bb      0x1b0 /home/andres/Documents/EMBT/Term3/Ese3025/realtimeProgramming/NXP_RTOS/lpc_chip_175x_6x/Debug/liblpc_chip_175x_6x.a(sysinit_17xx_40xx.o)
 .debug_abbrev  0x000000000000196b      0x354 /home/andres/Documents/EMBT/Term3/Ese3025/realtimeProgramming/NXP_RTOS/lpc_chip_175x_6x/Debug/liblpc_chip_175x_6x.a(uart_17xx_40xx.o)

.debug_aranges  0x0000000000000000      0x830
 .debug_aranges
                0x0000000000000000       0x40 ./freertos/src/FreeRTOSCommonHooks.o
 .debug_aranges
                0x0000000000000040       0x28 ./freertos/src/heap_3.o
 .debug_aranges
                0x0000000000000068       0x40 ./freertos/src/list.o
 .debug_aranges
                0x00000000000000a8       0x90 ./freertos/src/port.o
 .debug_aranges
                0x0000000000000138      0x170 ./freertos/src/tasks.o
 .debug_aranges
                0x00000000000002a8       0x80 ./example/src/cr_startup_lpc175x_6x.o
 .debug_aranges
                0x0000000000000328       0x40 ./example/src/freertos_blinky.o
 .debug_aranges
                0x0000000000000368       0x20 ./example/src/sysinit.o
 .debug_aranges
                0x0000000000000388      0x160 /home/andres/Documents/EMBT/Term3/Ese3025/realtimeProgramming/NXP_RTOS/lpc_board_nxp_lpcxpresso_1769/Debug/liblpc_board_nxp_lpcxpresso_1769.a(board.o)
 .debug_aranges
                0x00000000000004e8       0x38 /home/andres/Documents/EMBT/Term3/Ese3025/realtimeProgramming/NXP_RTOS/lpc_board_nxp_lpcxpresso_1769/Debug/liblpc_board_nxp_lpcxpresso_1769.a(board_sysinit.o)
 .debug_aranges
                0x0000000000000520       0x38 /home/andres/Documents/EMBT/Term3/Ese3025/realtimeProgramming/NXP_RTOS/lpc_chip_175x_6x/Debug/liblpc_chip_175x_6x.a(chip_17xx_40xx.o)
 .debug_aranges
                0x0000000000000558      0x120 /home/andres/Documents/EMBT/Term3/Ese3025/realtimeProgramming/NXP_RTOS/lpc_chip_175x_6x/Debug/liblpc_chip_175x_6x.a(clock_17xx_40xx.o)
 .debug_aranges
                0x0000000000000678       0x30 /home/andres/Documents/EMBT/Term3/Ese3025/realtimeProgramming/NXP_RTOS/lpc_chip_175x_6x/Debug/liblpc_chip_175x_6x.a(iocon_17xx_40xx.o)
 .debug_aranges
                0x00000000000006a8       0x60 /home/andres/Documents/EMBT/Term3/Ese3025/realtimeProgramming/NXP_RTOS/lpc_chip_175x_6x/Debug/liblpc_chip_175x_6x.a(sysinit_17xx_40xx.o)
 .debug_aranges
                0x0000000000000708      0x128 /home/andres/Documents/EMBT/Term3/Ese3025/realtimeProgramming/NXP_RTOS/lpc_chip_175x_6x/Debug/liblpc_chip_175x_6x.a(uart_17xx_40xx.o)

.debug_ranges   0x0000000000000000      0x740
 .debug_ranges  0x0000000000000000       0x30 ./freertos/src/FreeRTOSCommonHooks.o
 .debug_ranges  0x0000000000000030       0x18 ./freertos/src/heap_3.o
 .debug_ranges  0x0000000000000048       0x30 ./freertos/src/list.o
 .debug_ranges  0x0000000000000078       0x80 ./freertos/src/port.o
 .debug_ranges  0x00000000000000f8      0x160 ./freertos/src/tasks.o
 .debug_ranges  0x0000000000000258       0x70 ./example/src/cr_startup_lpc175x_6x.o
 .debug_ranges  0x00000000000002c8       0x30 ./example/src/freertos_blinky.o
 .debug_ranges  0x00000000000002f8       0x10 ./example/src/sysinit.o
 .debug_ranges  0x0000000000000308      0x150 /home/andres/Documents/EMBT/Term3/Ese3025/realtimeProgramming/NXP_RTOS/lpc_board_nxp_lpcxpresso_1769/Debug/liblpc_board_nxp_lpcxpresso_1769.a(board.o)
 .debug_ranges  0x0000000000000458       0x28 /home/andres/Documents/EMBT/Term3/Ese3025/realtimeProgramming/NXP_RTOS/lpc_board_nxp_lpcxpresso_1769/Debug/liblpc_board_nxp_lpcxpresso_1769.a(board_sysinit.o)
 .debug_ranges  0x0000000000000480       0x28 /home/andres/Documents/EMBT/Term3/Ese3025/realtimeProgramming/NXP_RTOS/lpc_chip_175x_6x/Debug/liblpc_chip_175x_6x.a(chip_17xx_40xx.o)
 .debug_ranges  0x00000000000004a8      0x110 /home/andres/Documents/EMBT/Term3/Ese3025/realtimeProgramming/NXP_RTOS/lpc_chip_175x_6x/Debug/liblpc_chip_175x_6x.a(clock_17xx_40xx.o)
 .debug_ranges  0x00000000000005b8       0x20 /home/andres/Documents/EMBT/Term3/Ese3025/realtimeProgramming/NXP_RTOS/lpc_chip_175x_6x/Debug/liblpc_chip_175x_6x.a(iocon_17xx_40xx.o)
 .debug_ranges  0x00000000000005d8       0x50 /home/andres/Documents/EMBT/Term3/Ese3025/realtimeProgramming/NXP_RTOS/lpc_chip_175x_6x/Debug/liblpc_chip_175x_6x.a(sysinit_17xx_40xx.o)
 .debug_ranges  0x0000000000000628      0x118 /home/andres/Documents/EMBT/Term3/Ese3025/realtimeProgramming/NXP_RTOS/lpc_chip_175x_6x/Debug/liblpc_chip_175x_6x.a(uart_17xx_40xx.o)

.debug_macro    0x0000000000000000     0x62af
 .debug_macro   0x0000000000000000      0x29c ./freertos/src/FreeRTOSCommonHooks.o
 .debug_macro   0x000000000000029c      0xa9c ./freertos/src/FreeRTOSCommonHooks.o
 .debug_macro   0x0000000000000d38       0x10 ./freertos/src/FreeRTOSCommonHooks.o
 .debug_macro   0x0000000000000d48      0x12e ./freertos/src/FreeRTOSCommonHooks.o
 .debug_macro   0x0000000000000e76       0x16 ./freertos/src/FreeRTOSCommonHooks.o
 .debug_macro   0x0000000000000e8c       0x46 ./freertos/src/FreeRTOSCommonHooks.o
 .debug_macro   0x0000000000000ed2      0x5b3 ./freertos/src/FreeRTOSCommonHooks.o
 .debug_macro   0x0000000000001485       0x22 ./freertos/src/FreeRTOSCommonHooks.o
 .debug_macro   0x00000000000014a7       0x74 ./freertos/src/FreeRTOSCommonHooks.o
 .debug_macro   0x000000000000151b       0x10 ./freertos/src/FreeRTOSCommonHooks.o
 .debug_macro   0x000000000000152b       0x2d ./freertos/src/FreeRTOSCommonHooks.o
 .debug_macro   0x0000000000001558       0x3a ./freertos/src/FreeRTOSCommonHooks.o
 .debug_macro   0x0000000000001592       0x2d ./freertos/src/FreeRTOSCommonHooks.o
 .debug_macro   0x00000000000015bf      0xbb1 ./freertos/src/FreeRTOSCommonHooks.o
 .debug_macro   0x0000000000002170      0x22c ./freertos/src/FreeRTOSCommonHooks.o
 .debug_macro   0x000000000000239c       0x42 ./freertos/src/FreeRTOSCommonHooks.o
 .debug_macro   0x00000000000023de       0x52 ./freertos/src/FreeRTOSCommonHooks.o
 .debug_macro   0x0000000000002430       0x78 ./freertos/src/FreeRTOSCommonHooks.o
 .debug_macro   0x00000000000024a8       0x82 ./freertos/src/FreeRTOSCommonHooks.o
 .debug_macro   0x000000000000252a      0x48c ./freertos/src/FreeRTOSCommonHooks.o
 .debug_macro   0x00000000000029b6       0x34 ./freertos/src/FreeRTOSCommonHooks.o
 .debug_macro   0x00000000000029ea      0x4c5 ./freertos/src/FreeRTOSCommonHooks.o
 .debug_macro   0x0000000000002eaf      0x1b7 ./freertos/src/FreeRTOSCommonHooks.o
 .debug_macro   0x0000000000003066       0x10 ./freertos/src/FreeRTOSCommonHooks.o
 .debug_macro   0x0000000000003076      0x21b ./freertos/src/FreeRTOSCommonHooks.o
 .debug_macro   0x0000000000003291      0x1b9 ./freertos/src/FreeRTOSCommonHooks.o
 .debug_macro   0x000000000000344a       0x40 ./freertos/src/FreeRTOSCommonHooks.o
 .debug_macro   0x000000000000348a       0x22 ./freertos/src/FreeRTOSCommonHooks.o
 .debug_macro   0x00000000000034ac      0x162 ./freertos/src/FreeRTOSCommonHooks.o
 .debug_macro   0x000000000000360e       0x94 ./freertos/src/FreeRTOSCommonHooks.o
 .debug_macro   0x00000000000036a2       0xb8 ./freertos/src/FreeRTOSCommonHooks.o
 .debug_macro   0x000000000000375a       0x4c ./freertos/src/FreeRTOSCommonHooks.o
 .debug_macro   0x00000000000037a6       0x16 ./freertos/src/FreeRTOSCommonHooks.o
 .debug_macro   0x00000000000037bc      0x328 ./freertos/src/FreeRTOSCommonHooks.o
 .debug_macro   0x0000000000003ae4       0x49 ./freertos/src/FreeRTOSCommonHooks.o
 .debug_macro   0x0000000000003b2d       0x16 ./freertos/src/FreeRTOSCommonHooks.o
 .debug_macro   0x0000000000003b43       0xca ./freertos/src/FreeRTOSCommonHooks.o
 .debug_macro   0x0000000000003c0d       0x11 ./freertos/src/FreeRTOSCommonHooks.o
 .debug_macro   0x0000000000003c1e       0x70 ./freertos/src/FreeRTOSCommonHooks.o
 .debug_macro   0x0000000000003c8e       0x9a ./freertos/src/FreeRTOSCommonHooks.o
 .debug_macro   0x0000000000003d28       0x20 ./freertos/src/FreeRTOSCommonHooks.o
 .debug_macro   0x0000000000003d48       0x28 ./freertos/src/FreeRTOSCommonHooks.o
 .debug_macro   0x0000000000003d70       0xee ./freertos/src/FreeRTOSCommonHooks.o
 .debug_macro   0x0000000000003e5e       0xab ./freertos/src/FreeRTOSCommonHooks.o
 .debug_macro   0x0000000000003f09       0x12 ./freertos/src/FreeRTOSCommonHooks.o
 .debug_macro   0x0000000000003f1b       0x1f ./freertos/src/FreeRTOSCommonHooks.o
 .debug_macro   0x0000000000003f3a      0x257 ./freertos/src/FreeRTOSCommonHooks.o
 .debug_macro   0x0000000000004191       0x64 ./freertos/src/FreeRTOSCommonHooks.o
 .debug_macro   0x00000000000041f5       0x57 ./freertos/src/FreeRTOSCommonHooks.o
 .debug_macro   0x000000000000424c      0x2b2 ./freertos/src/heap_3.o
 .debug_macro   0x00000000000044fe       0x28 ./freertos/src/heap_3.o
 .debug_macro   0x0000000000004526      0x297 ./freertos/src/list.o
 .debug_macro   0x00000000000047bd      0x329 ./freertos/src/port.o
 .debug_macro   0x0000000000004ae6      0x336 ./freertos/src/tasks.o
 .debug_macro   0x0000000000004e1c       0x5b ./freertos/src/tasks.o
 .debug_macro   0x0000000000004e77       0x16 ./freertos/src/tasks.o
 .debug_macro   0x0000000000004e8d       0x1d ./example/src/cr_startup_lpc175x_6x.o
 .debug_macro   0x0000000000004eaa      0x28c ./example/src/freertos_blinky.o
 .debug_macro   0x0000000000005136       0x7b ./example/src/freertos_blinky.o
 .debug_macro   0x00000000000051b1       0x18 ./example/src/freertos_blinky.o
 .debug_macro   0x00000000000051c9       0x10 ./example/src/freertos_blinky.o
 .debug_macro   0x00000000000051d9       0xf4 ./example/src/freertos_blinky.o
 .debug_macro   0x00000000000052cd      0x217 ./example/src/sysinit.o
 .debug_macro   0x00000000000054e4      0x2a1 /home/andres/Documents/EMBT/Term3/Ese3025/realtimeProgramming/NXP_RTOS/lpc_board_nxp_lpcxpresso_1769/Debug/liblpc_board_nxp_lpcxpresso_1769.a(board.o)
 .debug_macro   0x0000000000005785       0x12 /home/andres/Documents/EMBT/Term3/Ese3025/realtimeProgramming/NXP_RTOS/lpc_board_nxp_lpcxpresso_1769/Debug/liblpc_board_nxp_lpcxpresso_1769.a(board.o)
 .debug_macro   0x0000000000005797      0x217 /home/andres/Documents/EMBT/Term3/Ese3025/realtimeProgramming/NXP_RTOS/lpc_board_nxp_lpcxpresso_1769/Debug/liblpc_board_nxp_lpcxpresso_1769.a(board_sysinit.o)
 .debug_macro   0x00000000000059ae      0x1cd /home/andres/Documents/EMBT/Term3/Ese3025/realtimeProgramming/NXP_RTOS/lpc_chip_175x_6x/Debug/liblpc_chip_175x_6x.a(chip_17xx_40xx.o)
 .debug_macro   0x0000000000005b7b      0x1cd /home/andres/Documents/EMBT/Term3/Ese3025/realtimeProgramming/NXP_RTOS/lpc_chip_175x_6x/Debug/liblpc_chip_175x_6x.a(clock_17xx_40xx.o)
 .debug_macro   0x0000000000005d48      0x1cd /home/andres/Documents/EMBT/Term3/Ese3025/realtimeProgramming/NXP_RTOS/lpc_chip_175x_6x/Debug/liblpc_chip_175x_6x.a(iocon_17xx_40xx.o)
 .debug_macro   0x0000000000005f15      0x1cd /home/andres/Documents/EMBT/Term3/Ese3025/realtimeProgramming/NXP_RTOS/lpc_chip_175x_6x/Debug/liblpc_chip_175x_6x.a(sysinit_17xx_40xx.o)
 .debug_macro   0x00000000000060e2      0x1cd /home/andres/Documents/EMBT/Term3/Ese3025/realtimeProgramming/NXP_RTOS/lpc_chip_175x_6x/Debug/liblpc_chip_175x_6x.a(uart_17xx_40xx.o)

.debug_line     0x0000000000000000     0x74e5
 .debug_line    0x0000000000000000      0x712 ./freertos/src/FreeRTOSCommonHooks.o
 .debug_line    0x0000000000000712      0x6b4 ./freertos/src/heap_3.o
 .debug_line    0x0000000000000dc6      0x77d ./freertos/src/list.o
 .debug_line    0x0000000000001543      0x945 ./freertos/src/port.o
 .debug_line    0x0000000000001e88     0x1360 ./freertos/src/tasks.o
 .debug_line    0x00000000000031e8      0x168 ./example/src/cr_startup_lpc175x_6x.o
 .debug_line    0x0000000000003350      0x731 ./example/src/freertos_blinky.o
 .debug_line    0x0000000000003a81      0x542 ./example/src/sysinit.o
 .debug_line    0x0000000000003fc3      0xaf3 /home/andres/Documents/EMBT/Term3/Ese3025/realtimeProgramming/NXP_RTOS/lpc_board_nxp_lpcxpresso_1769/Debug/liblpc_board_nxp_lpcxpresso_1769.a(board.o)
 .debug_line    0x0000000000004ab6      0x593 /home/andres/Documents/EMBT/Term3/Ese3025/realtimeProgramming/NXP_RTOS/lpc_board_nxp_lpcxpresso_1769/Debug/liblpc_board_nxp_lpcxpresso_1769.a(board_sysinit.o)
 .debug_line    0x0000000000005049      0x533 /home/andres/Documents/EMBT/Term3/Ese3025/realtimeProgramming/NXP_RTOS/lpc_chip_175x_6x/Debug/liblpc_chip_175x_6x.a(chip_17xx_40xx.o)
 .debug_line    0x000000000000557c      0x99a /home/andres/Documents/EMBT/Term3/Ese3025/realtimeProgramming/NXP_RTOS/lpc_chip_175x_6x/Debug/liblpc_chip_175x_6x.a(clock_17xx_40xx.o)
 .debug_line    0x0000000000005f16      0x54f /home/andres/Documents/EMBT/Term3/Ese3025/realtimeProgramming/NXP_RTOS/lpc_chip_175x_6x/Debug/liblpc_chip_175x_6x.a(iocon_17xx_40xx.o)
 .debug_line    0x0000000000006465      0x60c /home/andres/Documents/EMBT/Term3/Ese3025/realtimeProgramming/NXP_RTOS/lpc_chip_175x_6x/Debug/liblpc_chip_175x_6x.a(sysinit_17xx_40xx.o)
 .debug_line    0x0000000000006a71      0xa74 /home/andres/Documents/EMBT/Term3/Ese3025/realtimeProgramming/NXP_RTOS/lpc_chip_175x_6x/Debug/liblpc_chip_175x_6x.a(uart_17xx_40xx.o)

.debug_str      0x0000000000000000    0x17509
 .debug_str     0x0000000000000000    0x13453 ./freertos/src/FreeRTOSCommonHooks.o
                                      0x1353b (size before relaxing)
 .debug_str     0x0000000000013453      0x103 ./freertos/src/heap_3.o
                                      0x1354f (size before relaxing)
 .debug_str     0x0000000000013556      0x12e ./freertos/src/list.o
                                      0x13294 (size before relaxing)
 .debug_str     0x0000000000013684      0x8f6 ./freertos/src/port.o
                                      0x13d8b (size before relaxing)
 .debug_str     0x0000000000013f7a     0x153a ./freertos/src/tasks.o
                                      0x14d56 (size before relaxing)
 .debug_str     0x00000000000154b4      0x1b3 ./example/src/cr_startup_lpc175x_6x.o
                                       0x2fa3 (size before relaxing)
 .debug_str     0x0000000000015667       0x9c ./example/src/freertos_blinky.o
                                      0x134fd (size before relaxing)
 .debug_str     0x0000000000015703       0x23 ./example/src/sysinit.o
                                      0x11385 (size before relaxing)
 .debug_str     0x0000000000015726      0xd91 /home/andres/Documents/EMBT/Term3/Ese3025/realtimeProgramming/NXP_RTOS/lpc_board_nxp_lpcxpresso_1769/Debug/liblpc_board_nxp_lpcxpresso_1769.a(board.o)
                                      0x122b5 (size before relaxing)
 .debug_str     0x00000000000164b7      0x22d /home/andres/Documents/EMBT/Term3/Ese3025/realtimeProgramming/NXP_RTOS/lpc_board_nxp_lpcxpresso_1769/Debug/liblpc_board_nxp_lpcxpresso_1769.a(board_sysinit.o)
                                      0x11793 (size before relaxing)
 .debug_str     0x00000000000166e4       0xd1 /home/andres/Documents/EMBT/Term3/Ese3025/realtimeProgramming/NXP_RTOS/lpc_chip_175x_6x/Debug/liblpc_chip_175x_6x.a(chip_17xx_40xx.o)
                                      0x113e3 (size before relaxing)
 .debug_str     0x00000000000167b5      0x857 /home/andres/Documents/EMBT/Term3/Ese3025/realtimeProgramming/NXP_RTOS/lpc_chip_175x_6x/Debug/liblpc_chip_175x_6x.a(clock_17xx_40xx.o)
                                      0x11a61 (size before relaxing)
 .debug_str     0x000000000001700c       0x79 /home/andres/Documents/EMBT/Term3/Ese3025/realtimeProgramming/NXP_RTOS/lpc_chip_175x_6x/Debug/liblpc_chip_175x_6x.a(iocon_17xx_40xx.o)
                                      0x10ede (size before relaxing)
 .debug_str     0x0000000000017085       0xc4 /home/andres/Documents/EMBT/Term3/Ese3025/realtimeProgramming/NXP_RTOS/lpc_chip_175x_6x/Debug/liblpc_chip_175x_6x.a(sysinit_17xx_40xx.o)
                                      0x110c6 (size before relaxing)
 .debug_str     0x0000000000017149      0x3c0 /home/andres/Documents/EMBT/Term3/Ese3025/realtimeProgramming/NXP_RTOS/lpc_chip_175x_6x/Debug/liblpc_chip_175x_6x.a(uart_17xx_40xx.o)
                                      0x11936 (size before relaxing)

.comment        0x0000000000000000       0x75
 .comment       0x0000000000000000       0x75 ./freertos/src/FreeRTOSCommonHooks.o
                                         0x76 (size before relaxing)
 .comment       0x0000000000000075       0x76 ./freertos/src/heap_3.o
 .comment       0x0000000000000075       0x76 ./freertos/src/list.o
 .comment       0x0000000000000075       0x76 ./freertos/src/port.o
 .comment       0x0000000000000075       0x76 ./freertos/src/tasks.o
 .comment       0x0000000000000075       0x76 ./example/src/cr_startup_lpc175x_6x.o
 .comment       0x0000000000000075       0x76 ./example/src/freertos_blinky.o
 .comment       0x0000000000000075       0x76 ./example/src/sysinit.o
 .comment       0x0000000000000075       0x76 /home/andres/Documents/EMBT/Term3/Ese3025/realtimeProgramming/NXP_RTOS/lpc_board_nxp_lpcxpresso_1769/Debug/liblpc_board_nxp_lpcxpresso_1769.a(board.o)
 .comment       0x0000000000000075       0x76 /home/andres/Documents/EMBT/Term3/Ese3025/realtimeProgramming/NXP_RTOS/lpc_board_nxp_lpcxpresso_1769/Debug/liblpc_board_nxp_lpcxpresso_1769.a(board_sysinit.o)
 .comment       0x0000000000000075       0x76 /home/andres/Documents/EMBT/Term3/Ese3025/realtimeProgramming/NXP_RTOS/lpc_chip_175x_6x/Debug/liblpc_chip_175x_6x.a(chip_17xx_40xx.o)
 .comment       0x0000000000000075       0x76 /home/andres/Documents/EMBT/Term3/Ese3025/realtimeProgramming/NXP_RTOS/lpc_chip_175x_6x/Debug/liblpc_chip_175x_6x.a(clock_17xx_40xx.o)
 .comment       0x0000000000000075       0x76 /home/andres/Documents/EMBT/Term3/Ese3025/realtimeProgramming/NXP_RTOS/lpc_chip_175x_6x/Debug/liblpc_chip_175x_6x.a(iocon_17xx_40xx.o)
 .comment       0x0000000000000075       0x76 /home/andres/Documents/EMBT/Term3/Ese3025/realtimeProgramming/NXP_RTOS/lpc_chip_175x_6x/Debug/liblpc_chip_175x_6x.a(sysinit_17xx_40xx.o)
 .comment       0x0000000000000075       0x76 /home/andres/Documents/EMBT/Term3/Ese3025/realtimeProgramming/NXP_RTOS/lpc_chip_175x_6x/Debug/liblpc_chip_175x_6x.a(uart_17xx_40xx.o)
 .comment       0x0000000000000075       0x76 /usr/local/mcuxpressoide-11.0.1_2563/ide/plugins/com.nxp.mcuxpresso.tools.linux_11.0.1.201907311258/tools/bin/../lib/gcc/arm-none-eabi/8.2.1/../../../../arm-none-eabi/lib/thumb/v7-m/nofp/libcr_nohost.a(_cr__main.o)
 .comment       0x0000000000000075       0x76 /usr/local/mcuxpressoide-11.0.1_2563/ide/plugins/com.nxp.mcuxpresso.tools.linux_11.0.1.201907311258/tools/bin/../lib/gcc/arm-none-eabi/8.2.1/../../../../arm-none-eabi/lib/thumb/v7-m/nofp/libcr_c.a(memset.o)
 .comment       0x0000000000000075       0x76 /usr/local/mcuxpressoide-11.0.1_2563/ide/plugins/com.nxp.mcuxpresso.tools.linux_11.0.1.201907311258/tools/bin/../lib/gcc/arm-none-eabi/8.2.1/../../../../arm-none-eabi/lib/thumb/v7-m/nofp/libcr_c.a(alloc.o)
 .comment       0x0000000000000075       0x76 /usr/local/mcuxpressoide-11.0.1_2563/ide/plugins/com.nxp.mcuxpresso.tools.linux_11.0.1.201907311258/tools/bin/../lib/gcc/arm-none-eabi/8.2.1/../../../../arm-none-eabi/lib/thumb/v7-m/nofp/libcr_c.a(fpprintf.o)
 .comment       0x0000000000000075       0x76 /usr/local/mcuxpressoide-11.0.1_2563/ide/plugins/com.nxp.mcuxpresso.tools.linux_11.0.1.201907311258/tools/bin/../lib/gcc/arm-none-eabi/8.2.1/../../../../arm-none-eabi/lib/thumb/v7-m/nofp/libcr_c.a(initio.o)
 .comment       0x0000000000000075       0x76 /usr/local/mcuxpressoide-11.0.1_2563/ide/plugins/com.nxp.mcuxpresso.tools.linux_11.0.1.201907311258/tools/bin/../lib/gcc/arm-none-eabi/8.2.1/../../../../arm-none-eabi/lib/thumb/v7-m/nofp/libcr_c.a(printf.o)
 .comment       0x0000000000000075       0x76 /usr/local/mcuxpressoide-11.0.1_2563/ide/plugins/com.nxp.mcuxpresso.tools.linux_11.0.1.201907311258/tools/bin/../lib/gcc/arm-none-eabi/8.2.1/../../../../arm-none-eabi/lib/thumb/v7-m/nofp/libcr_c.a(setvbuf.o)
 .comment       0x0000000000000075       0x76 /usr/local/mcuxpressoide-11.0.1_2563/ide/plugins/com.nxp.mcuxpresso.tools.linux_11.0.1.201907311258/tools/bin/../lib/gcc/arm-none-eabi/8.2.1/../../../../arm-none-eabi/lib/thumb/v7-m/nofp/libcr_c.a(strlen.o)
 .comment       0x0000000000000075       0x76 /usr/local/mcuxpressoide-11.0.1_2563/ide/plugins/com.nxp.mcuxpresso.tools.linux_11.0.1.201907311258/tools/bin/../lib/gcc/arm-none-eabi/8.2.1/../../../../arm-none-eabi/lib/thumb/v7-m/nofp/libcr_c.a(__init_alloc.o)
 .comment       0x0000000000000075       0x76 /usr/local/mcuxpressoide-11.0.1_2563/ide/plugins/com.nxp.mcuxpresso.tools.linux_11.0.1.201907311258/tools/bin/../lib/gcc/arm-none-eabi/8.2.1/../../../../arm-none-eabi/lib/thumb/v7-m/nofp/libcr_c.a(_cr_sbrk.o)
 .comment       0x0000000000000075       0x76 /usr/local/mcuxpressoide-11.0.1_2563/ide/plugins/com.nxp.mcuxpresso.tools.linux_11.0.1.201907311258/tools/bin/../lib/gcc/arm-none-eabi/8.2.1/../../../../arm-none-eabi/lib/thumb/v7-m/nofp/libcr_c.a(_deferredlazyseek.o)
 .comment       0x0000000000000075       0x76 /usr/local/mcuxpressoide-11.0.1_2563/ide/plugins/com.nxp.mcuxpresso.tools.linux_11.0.1.201907311258/tools/bin/../lib/gcc/arm-none-eabi/8.2.1/../../../../arm-none-eabi/lib/thumb/v7-m/nofp/libcr_c.a(_fdopen.o)
 .comment       0x0000000000000075       0x76 /usr/local/mcuxpressoide-11.0.1_2563/ide/plugins/com.nxp.mcuxpresso.tools.linux_11.0.1.201907311258/tools/bin/../lib/gcc/arm-none-eabi/8.2.1/../../../../arm-none-eabi/lib/thumb/v7-m/nofp/libcr_c.a(_fflush.o)
 .comment       0x0000000000000075       0x76 /usr/local/mcuxpressoide-11.0.1_2563/ide/plugins/com.nxp.mcuxpresso.tools.linux_11.0.1.201907311258/tools/bin/../lib/gcc/arm-none-eabi/8.2.1/../../../../arm-none-eabi/lib/thumb/v7-m/nofp/libcr_c.a(_frexpl.o)
 .comment       0x0000000000000075       0x76 /usr/local/mcuxpressoide-11.0.1_2563/ide/plugins/com.nxp.mcuxpresso.tools.linux_11.0.1.201907311258/tools/bin/../lib/gcc/arm-none-eabi/8.2.1/../../../../arm-none-eabi/lib/thumb/v7-m/nofp/libcr_c.a(_ldexpl.o)
 .comment       0x0000000000000075       0x76 /usr/local/mcuxpressoide-11.0.1_2563/ide/plugins/com.nxp.mcuxpresso.tools.linux_11.0.1.201907311258/tools/bin/../lib/gcc/arm-none-eabi/8.2.1/../../../../arm-none-eabi/lib/thumb/v7-m/nofp/libcr_c.a(_writebuf.o)
 .comment       0x0000000000000075       0x76 /usr/local/mcuxpressoide-11.0.1_2563/ide/plugins/com.nxp.mcuxpresso.tools.linux_11.0.1.201907311258/tools/bin/../lib/gcc/arm-none-eabi/8.2.1/../../../../arm-none-eabi/lib/thumb/v7-m/nofp/libcr_c.a(errno.o)
 .comment       0x0000000000000075       0x76 /usr/local/mcuxpressoide-11.0.1_2563/ide/plugins/com.nxp.mcuxpresso.tools.linux_11.0.1.201907311258/tools/bin/../lib/gcc/arm-none-eabi/8.2.1/../../../../arm-none-eabi/lib/thumb/v7-m/nofp/libcr_c.a(fclose.o)
 .comment       0x0000000000000075       0x76 /usr/local/mcuxpressoide-11.0.1_2563/ide/plugins/com.nxp.mcuxpresso.tools.linux_11.0.1.201907311258/tools/bin/../lib/gcc/arm-none-eabi/8.2.1/../../../../arm-none-eabi/lib/thumb/v7-m/nofp/libcr_c.a(fflush.o)
 .comment       0x0000000000000075       0x76 /usr/local/mcuxpressoide-11.0.1_2563/ide/plugins/com.nxp.mcuxpresso.tools.linux_11.0.1.201907311258/tools/bin/../lib/gcc/arm-none-eabi/8.2.1/../../../../arm-none-eabi/lib/thumb/v7-m/nofp/libcr_c.a(fseek.o)
 .comment       0x0000000000000075       0x76 /usr/local/mcuxpressoide-11.0.1_2563/ide/plugins/com.nxp.mcuxpresso.tools.linux_11.0.1.201907311258/tools/bin/../lib/gcc/arm-none-eabi/8.2.1/../../../../arm-none-eabi/lib/thumb/v7-m/nofp/libcr_c.a(ftell.o)
 .comment       0x0000000000000075       0x76 /usr/local/mcuxpressoide-11.0.1_2563/ide/plugins/com.nxp.mcuxpresso.tools.linux_11.0.1.201907311258/tools/bin/../lib/gcc/arm-none-eabi/8.2.1/../../../../arm-none-eabi/lib/thumb/v7-m/nofp/libcr_c.a(remove.o)
 .comment       0x0000000000000075       0x76 /usr/local/mcuxpressoide-11.0.1_2563/ide/plugins/com.nxp.mcuxpresso.tools.linux_11.0.1.201907311258/tools/bin/../lib/gcc/arm-none-eabi/8.2.1/../../../../arm-none-eabi/lib/thumb/v7-m/nofp/libcr_c.a(_cr_check_heap.o)
 .comment       0x0000000000000075       0x76 /usr/local/mcuxpressoide-11.0.1_2563/ide/plugins/com.nxp.mcuxpresso.tools.linux_11.0.1.201907311258/tools/bin/../lib/gcc/arm-none-eabi/8.2.1/../../../../arm-none-eabi/lib/thumb/v7-m/nofp/libcr_c.a(_do_fflush.o)
 .comment       0x0000000000000075       0x76 /usr/local/mcuxpressoide-11.0.1_2563/ide/plugins/com.nxp.mcuxpresso.tools.linux_11.0.1.201907311258/tools/bin/../lib/gcc/arm-none-eabi/8.2.1/thumb/v7-m/nofp/libcr_eabihelpers.a(double.o)
 .comment       0x0000000000000075       0x76 /usr/local/mcuxpressoide-11.0.1_2563/ide/plugins/com.nxp.mcuxpresso.tools.linux_11.0.1.201907311258/tools/bin/../lib/gcc/arm-none-eabi/8.2.1/../../../../arm-none-eabi/lib/thumb/v7-m/nofp/libcr_nohost.a(__ciob.o)
 .comment       0x0000000000000075       0x76 /usr/local/mcuxpressoide-11.0.1_2563/ide/plugins/com.nxp.mcuxpresso.tools.linux_11.0.1.201907311258/tools/bin/../lib/gcc/arm-none-eabi/8.2.1/../../../../arm-none-eabi/lib/thumb/v7-m/nofp/libcr_nohost.a(__sys_appexit.o)
 .comment       0x0000000000000075       0x76 /usr/local/mcuxpressoide-11.0.1_2563/ide/plugins/com.nxp.mcuxpresso.tools.linux_11.0.1.201907311258/tools/bin/../lib/gcc/arm-none-eabi/8.2.1/../../../../arm-none-eabi/lib/thumb/v7-m/nofp/libcr_nohost.a(__sys_close.o)
 .comment       0x0000000000000075       0x76 /usr/local/mcuxpressoide-11.0.1_2563/ide/plugins/com.nxp.mcuxpresso.tools.linux_11.0.1.201907311258/tools/bin/../lib/gcc/arm-none-eabi/8.2.1/../../../../arm-none-eabi/lib/thumb/v7-m/nofp/libcr_nohost.a(__sys_flen.o)
 .comment       0x0000000000000075       0x76 /usr/local/mcuxpressoide-11.0.1_2563/ide/plugins/com.nxp.mcuxpresso.tools.linux_11.0.1.201907311258/tools/bin/../lib/gcc/arm-none-eabi/8.2.1/../../../../arm-none-eabi/lib/thumb/v7-m/nofp/libcr_nohost.a(__sys_istty.o)
 .comment       0x0000000000000075       0x76 /usr/local/mcuxpressoide-11.0.1_2563/ide/plugins/com.nxp.mcuxpresso.tools.linux_11.0.1.201907311258/tools/bin/../lib/gcc/arm-none-eabi/8.2.1/../../../../arm-none-eabi/lib/thumb/v7-m/nofp/libcr_nohost.a(__sys_remove.o)
 .comment       0x0000000000000075       0x76 /usr/local/mcuxpressoide-11.0.1_2563/ide/plugins/com.nxp.mcuxpresso.tools.linux_11.0.1.201907311258/tools/bin/../lib/gcc/arm-none-eabi/8.2.1/../../../../arm-none-eabi/lib/thumb/v7-m/nofp/libcr_nohost.a(__sys_seek.o)
 .comment       0x0000000000000075       0x76 /usr/local/mcuxpressoide-11.0.1_2563/ide/plugins/com.nxp.mcuxpresso.tools.linux_11.0.1.201907311258/tools/bin/../lib/gcc/arm-none-eabi/8.2.1/../../../../arm-none-eabi/lib/thumb/v7-m/nofp/libcr_nohost.a(__sys_tmpnam.o)

.ARM.attributes
                0x0000000000000000       0x2b
 .ARM.attributes
                0x0000000000000000       0x2d ./freertos/src/FreeRTOSCommonHooks.o
 .ARM.attributes
                0x000000000000002d       0x2d ./freertos/src/heap_3.o
 .ARM.attributes
                0x000000000000005a       0x2d ./freertos/src/list.o
 .ARM.attributes
                0x0000000000000087       0x2d ./freertos/src/port.o
 .ARM.attributes
                0x00000000000000b4       0x2d ./freertos/src/tasks.o
 .ARM.attributes
                0x00000000000000e1       0x2d ./example/src/cr_startup_lpc175x_6x.o
 .ARM.attributes
                0x000000000000010e       0x2d ./example/src/freertos_blinky.o
 .ARM.attributes
                0x000000000000013b       0x2d ./example/src/sysinit.o
 .ARM.attributes
                0x0000000000000168       0x2d /home/andres/Documents/EMBT/Term3/Ese3025/realtimeProgramming/NXP_RTOS/lpc_board_nxp_lpcxpresso_1769/Debug/liblpc_board_nxp_lpcxpresso_1769.a(board.o)
 .ARM.attributes
                0x0000000000000195       0x2d /home/andres/Documents/EMBT/Term3/Ese3025/realtimeProgramming/NXP_RTOS/lpc_board_nxp_lpcxpresso_1769/Debug/liblpc_board_nxp_lpcxpresso_1769.a(board_sysinit.o)
 .ARM.attributes
                0x00000000000001c2       0x2d /home/andres/Documents/EMBT/Term3/Ese3025/realtimeProgramming/NXP_RTOS/lpc_chip_175x_6x/Debug/liblpc_chip_175x_6x.a(chip_17xx_40xx.o)
 .ARM.attributes
                0x00000000000001ef       0x2d /home/andres/Documents/EMBT/Term3/Ese3025/realtimeProgramming/NXP_RTOS/lpc_chip_175x_6x/Debug/liblpc_chip_175x_6x.a(clock_17xx_40xx.o)
 .ARM.attributes
                0x000000000000021c       0x2d /home/andres/Documents/EMBT/Term3/Ese3025/realtimeProgramming/NXP_RTOS/lpc_chip_175x_6x/Debug/liblpc_chip_175x_6x.a(iocon_17xx_40xx.o)
 .ARM.attributes
                0x0000000000000249       0x2d /home/andres/Documents/EMBT/Term3/Ese3025/realtimeProgramming/NXP_RTOS/lpc_chip_175x_6x/Debug/liblpc_chip_175x_6x.a(sysinit_17xx_40xx.o)
 .ARM.attributes
                0x0000000000000276       0x2d /home/andres/Documents/EMBT/Term3/Ese3025/realtimeProgramming/NXP_RTOS/lpc_chip_175x_6x/Debug/liblpc_chip_175x_6x.a(uart_17xx_40xx.o)
 .ARM.attributes
                0x00000000000002a3       0x2d /usr/local/mcuxpressoide-11.0.1_2563/ide/plugins/com.nxp.mcuxpresso.tools.linux_11.0.1.201907311258/tools/bin/../lib/gcc/arm-none-eabi/8.2.1/../../../../arm-none-eabi/lib/thumb/v7-m/nofp/libcr_nohost.a(_cr__main.o)
 .ARM.attributes
                0x00000000000002d0       0x2d /usr/local/mcuxpressoide-11.0.1_2563/ide/plugins/com.nxp.mcuxpresso.tools.linux_11.0.1.201907311258/tools/bin/../lib/gcc/arm-none-eabi/8.2.1/../../../../arm-none-eabi/lib/thumb/v7-m/nofp/libcr_c.a(memset.o)
 .ARM.attributes
                0x00000000000002fd       0x2d /usr/local/mcuxpressoide-11.0.1_2563/ide/plugins/com.nxp.mcuxpresso.tools.linux_11.0.1.201907311258/tools/bin/../lib/gcc/arm-none-eabi/8.2.1/../../../../arm-none-eabi/lib/thumb/v7-m/nofp/libcr_c.a(alloc.o)
 .ARM.attributes
                0x000000000000032a       0x2d /usr/local/mcuxpressoide-11.0.1_2563/ide/plugins/com.nxp.mcuxpresso.tools.linux_11.0.1.201907311258/tools/bin/../lib/gcc/arm-none-eabi/8.2.1/../../../../arm-none-eabi/lib/thumb/v7-m/nofp/libcr_c.a(fpprintf.o)
 .ARM.attributes
                0x0000000000000357       0x2d /usr/local/mcuxpressoide-11.0.1_2563/ide/plugins/com.nxp.mcuxpresso.tools.linux_11.0.1.201907311258/tools/bin/../lib/gcc/arm-none-eabi/8.2.1/../../../../arm-none-eabi/lib/thumb/v7-m/nofp/libcr_c.a(initio.o)
 .ARM.attributes
                0x0000000000000384       0x2d /usr/local/mcuxpressoide-11.0.1_2563/ide/plugins/com.nxp.mcuxpresso.tools.linux_11.0.1.201907311258/tools/bin/../lib/gcc/arm-none-eabi/8.2.1/../../../../arm-none-eabi/lib/thumb/v7-m/nofp/libcr_c.a(printf.o)
 .ARM.attributes
                0x00000000000003b1       0x2d /usr/local/mcuxpressoide-11.0.1_2563/ide/plugins/com.nxp.mcuxpresso.tools.linux_11.0.1.201907311258/tools/bin/../lib/gcc/arm-none-eabi/8.2.1/../../../../arm-none-eabi/lib/thumb/v7-m/nofp/libcr_c.a(setvbuf.o)
 .ARM.attributes
                0x00000000000003de       0x2d /usr/local/mcuxpressoide-11.0.1_2563/ide/plugins/com.nxp.mcuxpresso.tools.linux_11.0.1.201907311258/tools/bin/../lib/gcc/arm-none-eabi/8.2.1/../../../../arm-none-eabi/lib/thumb/v7-m/nofp/libcr_c.a(strlen.o)
 .ARM.attributes
                0x000000000000040b       0x2d /usr/local/mcuxpressoide-11.0.1_2563/ide/plugins/com.nxp.mcuxpresso.tools.linux_11.0.1.201907311258/tools/bin/../lib/gcc/arm-none-eabi/8.2.1/../../../../arm-none-eabi/lib/thumb/v7-m/nofp/libcr_c.a(__init_alloc.o)
 .ARM.attributes
                0x0000000000000438       0x2d /usr/local/mcuxpressoide-11.0.1_2563/ide/plugins/com.nxp.mcuxpresso.tools.linux_11.0.1.201907311258/tools/bin/../lib/gcc/arm-none-eabi/8.2.1/../../../../arm-none-eabi/lib/thumb/v7-m/nofp/libcr_c.a(_cr_sbrk.o)
 .ARM.attributes
                0x0000000000000465       0x2d /usr/local/mcuxpressoide-11.0.1_2563/ide/plugins/com.nxp.mcuxpresso.tools.linux_11.0.1.201907311258/tools/bin/../lib/gcc/arm-none-eabi/8.2.1/../../../../arm-none-eabi/lib/thumb/v7-m/nofp/libcr_c.a(_deferredlazyseek.o)
 .ARM.attributes
                0x0000000000000492       0x2d /usr/local/mcuxpressoide-11.0.1_2563/ide/plugins/com.nxp.mcuxpresso.tools.linux_11.0.1.201907311258/tools/bin/../lib/gcc/arm-none-eabi/8.2.1/../../../../arm-none-eabi/lib/thumb/v7-m/nofp/libcr_c.a(_fdopen.o)
 .ARM.attributes
                0x00000000000004bf       0x2d /usr/local/mcuxpressoide-11.0.1_2563/ide/plugins/com.nxp.mcuxpresso.tools.linux_11.0.1.201907311258/tools/bin/../lib/gcc/arm-none-eabi/8.2.1/../../../../arm-none-eabi/lib/thumb/v7-m/nofp/libcr_c.a(_fflush.o)
 .ARM.attributes
                0x00000000000004ec       0x2d /usr/local/mcuxpressoide-11.0.1_2563/ide/plugins/com.nxp.mcuxpresso.tools.linux_11.0.1.201907311258/tools/bin/../lib/gcc/arm-none-eabi/8.2.1/../../../../arm-none-eabi/lib/thumb/v7-m/nofp/libcr_c.a(_frexpl.o)
 .ARM.attributes
                0x0000000000000519       0x2d /usr/local/mcuxpressoide-11.0.1_2563/ide/plugins/com.nxp.mcuxpresso.tools.linux_11.0.1.201907311258/tools/bin/../lib/gcc/arm-none-eabi/8.2.1/../../../../arm-none-eabi/lib/thumb/v7-m/nofp/libcr_c.a(_ldexpl.o)
 .ARM.attributes
                0x0000000000000546       0x2d /usr/local/mcuxpressoide-11.0.1_2563/ide/plugins/com.nxp.mcuxpresso.tools.linux_11.0.1.201907311258/tools/bin/../lib/gcc/arm-none-eabi/8.2.1/../../../../arm-none-eabi/lib/thumb/v7-m/nofp/libcr_c.a(_writebuf.o)
 .ARM.attributes
                0x0000000000000573       0x33 /usr/local/mcuxpressoide-11.0.1_2563/ide/plugins/com.nxp.mcuxpresso.tools.linux_11.0.1.201907311258/tools/bin/../lib/gcc/arm-none-eabi/8.2.1/../../../../arm-none-eabi/lib/thumb/v7-m/nofp/libcr_c.a(errno.o)
 .ARM.attributes
                0x00000000000005a6       0x2d /usr/local/mcuxpressoide-11.0.1_2563/ide/plugins/com.nxp.mcuxpresso.tools.linux_11.0.1.201907311258/tools/bin/../lib/gcc/arm-none-eabi/8.2.1/../../../../arm-none-eabi/lib/thumb/v7-m/nofp/libcr_c.a(fclose.o)
 .ARM.attributes
                0x00000000000005d3       0x2d /usr/local/mcuxpressoide-11.0.1_2563/ide/plugins/com.nxp.mcuxpresso.tools.linux_11.0.1.201907311258/tools/bin/../lib/gcc/arm-none-eabi/8.2.1/../../../../arm-none-eabi/lib/thumb/v7-m/nofp/libcr_c.a(fflush.o)
 .ARM.attributes