Archive member included to satisfy reference by file (symbol)

/home/andres/Documents/EMBT/Term3/Ese3025/EmbeddedGame/GameEngine/lpc_board_nxp_lpcxpresso_1769/Debug/liblpc_board_nxp_lpcxpresso_1769.a(board.o)
                              ./freertos/src/FreeRTOSCommonHooks.o (Board_UARTPutSTR)
/home/andres/Documents/EMBT/Term3/Ese3025/EmbeddedGame/GameEngine/lpc_board_nxp_lpcxpresso_1769/Debug/liblpc_board_nxp_lpcxpresso_1769.a(board_sysinit.o)
                              ./src/src/sysinit.o (Board_SystemInit)
/home/andres/Documents/EMBT/Term3/Ese3025/EmbeddedGame/GameEngine/lpc_chip_175x_6x/Debug/liblpc_chip_175x_6x.a(chip_17xx_40xx.o)
                              ./freertos/src/port.o (SystemCoreClock)
/home/andres/Documents/EMBT/Term3/Ese3025/EmbeddedGame/GameEngine/lpc_chip_175x_6x/Debug/liblpc_chip_175x_6x.a(clock_17xx_40xx.o)
                              /home/andres/Documents/EMBT/Term3/Ese3025/EmbeddedGame/GameEngine/lpc_chip_175x_6x/Debug/liblpc_chip_175x_6x.a(chip_17xx_40xx.o) (Chip_Clock_EnablePLL)
/home/andres/Documents/EMBT/Term3/Ese3025/EmbeddedGame/GameEngine/lpc_chip_175x_6x/Debug/liblpc_chip_175x_6x.a(i2s_17xx_40xx.o)
                              /home/andres/Documents/EMBT/Term3/Ese3025/EmbeddedGame/GameEngine/lpc_board_nxp_lpcxpresso_1769/Debug/liblpc_board_nxp_lpcxpresso_1769.a(board.o) (Chip_I2S_Init)
/home/andres/Documents/EMBT/Term3/Ese3025/EmbeddedGame/GameEngine/lpc_chip_175x_6x/Debug/liblpc_chip_175x_6x.a(iocon_17xx_40xx.o)
                              /home/andres/Documents/EMBT/Term3/Ese3025/EmbeddedGame/GameEngine/lpc_board_nxp_lpcxpresso_1769/Debug/liblpc_board_nxp_lpcxpresso_1769.a(board.o) (Chip_IOCON_PinMux)
/home/andres/Documents/EMBT/Term3/Ese3025/EmbeddedGame/GameEngine/lpc_chip_175x_6x/Debug/liblpc_chip_175x_6x.a(sysinit_17xx_40xx.o)
                              /home/andres/Documents/EMBT/Term3/Ese3025/EmbeddedGame/GameEngine/lpc_board_nxp_lpcxpresso_1769/Debug/liblpc_board_nxp_lpcxpresso_1769.a(board_sysinit.o) (Chip_SetupXtalClocking)
/home/andres/Documents/EMBT/Term3/Ese3025/EmbeddedGame/GameEngine/lpc_chip_175x_6x/Debug/liblpc_chip_175x_6x.a(uart_17xx_40xx.o)
                              /home/andres/Documents/EMBT/Term3/Ese3025/EmbeddedGame/GameEngine/lpc_board_nxp_lpcxpresso_1769/Debug/liblpc_board_nxp_lpcxpresso_1769.a(board.o) (Chip_UART_Init)
/home/andres/Documents/EMBT/Term3/Ese3025/EmbeddedGame/GameEngine/lpc_chip_175x_6x/Debug/liblpc_chip_175x_6x.a(ring_buffer.o)
                              /home/andres/Documents/EMBT/Term3/Ese3025/EmbeddedGame/GameEngine/lpc_chip_175x_6x/Debug/liblpc_chip_175x_6x.a(uart_17xx_40xx.o) (RingBuffer_Insert)
/usr/local/mcuxpressoide-11.0.1_2563/ide/plugins/com.nxp.mcuxpresso.tools.linux_11.0.1.201907311258/tools/bin/../lib/gcc/arm-none-eabi/8.2.1/../../../../arm-none-eabi/lib/thumb/v7-m/nofp/libcr_nohost.a(_cr__main.o)
                              ./src/src/cr_startup_lpc175x_6x.o (__main)
/usr/local/mcuxpressoide-11.0.1_2563/ide/plugins/com.nxp.mcuxpresso.tools.linux_11.0.1.201907311258/tools/bin/../lib/gcc/arm-none-eabi/8.2.1/../../../../arm-none-eabi/lib/thumb/v7-m/nofp/libcr_c.a(memcpy.o)
                              ./freertos/src/queue.o (memcpy)
/usr/local/mcuxpressoide-11.0.1_2563/ide/plugins/com.nxp.mcuxpresso.tools.linux_11.0.1.201907311258/tools/bin/../lib/gcc/arm-none-eabi/8.2.1/../../../../arm-none-eabi/lib/thumb/v7-m/nofp/libcr_c.a(memset.o)
                              ./freertos/src/tasks.o (memset)
/usr/local/mcuxpressoide-11.0.1_2563/ide/plugins/com.nxp.mcuxpresso.tools.linux_11.0.1.201907311258/tools/bin/../lib/gcc/arm-none-eabi/8.2.1/../../../../arm-none-eabi/lib/thumb/v7-m/nofp/libcr_c.a(alloc.o)
                              ./freertos/src/heap_3.o (malloc)
/usr/local/mcuxpressoide-11.0.1_2563/ide/plugins/com.nxp.mcuxpresso.tools.linux_11.0.1.201907311258/tools/bin/../lib/gcc/arm-none-eabi/8.2.1/../../../../arm-none-eabi/lib/thumb/v7-m/nofp/libcr_c.a(fpprintf.o)
                              ./src/src/gameEngine.o (printf)
/usr/local/mcuxpressoide-11.0.1_2563/ide/plugins/com.nxp.mcuxpresso.tools.linux_11.0.1.201907311258/tools/bin/../lib/gcc/arm-none-eabi/8.2.1/../../../../arm-none-eabi/lib/thumb/v7-m/nofp/libcr_c.a(initio.o)
                              /usr/local/mcuxpressoide-11.0.1_2563/ide/plugins/com.nxp.mcuxpresso.tools.linux_11.0.1.201907311258/tools/bin/../lib/gcc/arm-none-eabi/8.2.1/../../../../arm-none-eabi/lib/thumb/v7-m/nofp/libcr_nohost.a(_cr__main.o) (_initio)
/usr/local/mcuxpressoide-11.0.1_2563/ide/plugins/com.nxp.mcuxpresso.tools.linux_11.0.1.201907311258/tools/bin/../lib/gcc/arm-none-eabi/8.2.1/../../../../arm-none-eabi/lib/thumb/v7-m/nofp/libcr_c.a(printf.o)
                              /usr/local/mcuxpressoide-11.0.1_2563/ide/plugins/com.nxp.mcuxpresso.tools.linux_11.0.1.201907311258/tools/bin/../lib/gcc/arm-none-eabi/8.2.1/../../../../arm-none-eabi/lib/thumb/v7-m/nofp/libcr_c.a(fpprintf.o) (__vfprintf)
[...]
Memory Configuration

Name             Origin             Length             Attributes
MFlash512        0x0000000000000000 0x0000000000080000 xr
RamLoc32         0x0000000010000000 0x0000000000008000 xrw
RamAHB32         0x000000002007c000 0x0000000000008000 xrw
*default*        0x0000000000000000 0xffffffffffffffff

Linker script and memory map

LOAD ./src/src/cr_startup_lpc175x_6x.o
LOAD ./src/src/gameEngine.o
LOAD ./src/src/sysinit.o
LOAD ./freertos/src/FreeRTOSCommonHooks.o
LOAD ./freertos/src/heap_3.o
LOAD ./freertos/src/list.o
LOAD ./freertos/src/port.o
LOAD ./freertos/src/queue.o
LOAD ./freertos/src/tasks.o
LOAD /home/andres/Documents/EMBT/Term3/Ese3025/EmbeddedGame/GameEngine/lpc_board_nxp_lpcxpresso_1769/Debug/liblpc_board_nxp_lpcxpresso_1769.a
LOAD /home/andres/Documents/EMBT/Term3/Ese3025/EmbeddedGame/GameEngine/lpc_chip_175x_6x/Debug/liblpc_chip_175x_6x.a
START GROUP
LOAD /usr/local/mcuxpressoide-11.0.1_2563/ide/plugins/com.nxp.mcuxpresso.tools.linux_11.0.1.201907311258/tools/bin/../lib/gcc/arm-none-eabi/8.2.1/../../../../arm-none-eabi/lib/thumb/v7-m/nofp/libcr_nohost.a
LOAD /usr/local/mcuxpressoide-11.0.1_2563/ide/plugins/com.nxp.mcuxpresso.tools.linux_11.0.1.201907311258/tools/bin/../lib/gcc/arm-none-eabi/8.2.1/../../../../arm-none-eabi/lib/thumb/v7-m/nofp/libcr_c.a
LOAD /usr/local/mcuxpressoide-11.0.1_2563/ide/plugins/com.nxp.mcuxpresso.tools.linux_11.0.1.201907311258/tools/bin/../lib/gcc/arm-none-eabi/8.2.1/thumb/v7-m/nofp/libcr_eabihelpers.a
LOAD /usr/local/mcuxpressoide-11.0.1_2563/ide/plugins/com.nxp.mcuxpresso.tools.linux_11.0.1.201907311258/tools/bin/../lib/gcc/arm-none-eabi/8.2.1/thumb/v7-m/nofp/libgcc.a
END GROUP
                0x0000000000000000                __base_MFlash512 = 0x0
                0x0000000000000000                __base_Flash = 0x0
                0x0000000000080000                __top_MFlash512 = 0x80000
                0x0000000000080000                __top_Flash = 0x80000
                0x0000000010000000                __base_RamLoc32 = 0x10000000
                0x0000000010000000                __base_RAM = 0x10000000
                0x0000000010008000                __top_RamLoc32 = 0x10008000
                0x0000000010008000                __top_RAM = 0x10008000
                0x000000002007c000                __base_RamAHB32 = 0x2007c000
                0x000000002007c000                __base_RAM2 = 0x2007c000
                0x0000000020084000                __top_RamAHB32 = 0x20084000
                0x0000000020084000                __top_RAM2 = 0x20084000

.text           0x0000000000000000     0x44cc
 FILL mask 0xff
                0x0000000000000000                __vectors_start__ = ABSOLUTE (.)
 *(.isr_vector)
 .isr_vector    0x0000000000000000       0xcc ./src/src/cr_startup_lpc175x_6x.o
                0x0000000000000000                g_pfnVectors
                0x00000000000000cc                . = ALIGN (0x4)
                0x00000000000000cc                __section_table_start = .
                0x00000000000000cc                __data_section_table = .
                0x00000000000000cc        0x4 LONG 0x44cc LOADADDR (.data)
                0x00000000000000d0        0x4 LONG 0x10000000 ADDR (.data)
                0x00000000000000d4        0x4 LONG 0x8 SIZEOF (.data)
                0x00000000000000d8        0x4 LONG 0x44cc LOADADDR (.data_RAM2)
                0x00000000000000dc        0x4 LONG 0x2007c000 ADDR (.data_RAM2)
                0x00000000000000e0        0x4 LONG 0x0 SIZEOF (.data_RAM2)
                0x00000000000000e4                __data_section_table_end = .
                0x00000000000000e4                __bss_section_table = .
                0x00000000000000e4        0x4 LONG 0x10000008 ADDR (.bss)
                0x00000000000000e8        0x4 LONG 0x334 SIZEOF (.bss)
                0x00000000000000ec        0x4 LONG 0x2007c000 ADDR (.bss_RAM2)
                0x00000000000000f0        0x4 LONG 0x0 SIZEOF (.bss_RAM2)
                0x00000000000000f4                __bss_section_table_end = .
                0x00000000000000f4                __section_table_end = .
 *(.after_vectors*)
 .after_vectors
                0x00000000000000f4      0x12c ./src/src/cr_startup_lpc175x_6x.o
                0x00000000000000f4                data_init
                0x0000000000000136                bss_init
                0x000000000000016c                ResetISR
                0x00000000000001e4                NMI_Handler
                0x00000000000001ea                HardFault_Handler
                0x00000000000001f0                MemManage_Handler
                0x00000000000001f6                BusFault_Handler
                0x00000000000001fc                UsageFault_Handler
                0x0000000000000208                DebugMon_Handler
                0x000000000000021a                TIMER2_IRQHandler
                0x000000000000021a                RIT_IRQHandler
                0x000000000000021a                I2C0_IRQHandler
                0x000000000000021a                USBActivity_IRQHandler
                0x000000000000021a                PWM1_IRQHandler
                0x000000000000021a                I2C1_IRQHandler
                0x000000000000021a                EINT2_IRQHandler
                0x000000000000021a                UART1_IRQHandler
                0x000000000000021a                EINT3_IRQHandler
                0x000000000000021a                CANActivity_IRQHandler
                0x000000000000021a                TIMER3_IRQHandler
                0x000000000000021a                UART0_IRQHandler
                0x000000000000021a                IntDefaultHandler
                0x000000000000021a                PLL0_IRQHandler
                0x000000000000021a                CAN_IRQHandler
                0x000000000000021a                PLL1_IRQHandler
                0x000000000000021a                SSP0_IRQHandler
                0x000000000000021a                I2S_IRQHandler
                0x000000000000021a                I2C2_IRQHandler
                0x000000000000021a                RTC_IRQHandler
                0x000000000000021a                TIMER0_IRQHandler
                0x000000000000021a                SPI_IRQHandler
                0x000000000000021a                EINT1_IRQHandler
                0x000000000000021a                TIMER1_IRQHandler
                0x000000000000021a                UART2_IRQHandler
                0x000000000000021a                ADC_IRQHandler
                0x000000000000021a                SSP1_IRQHandler
                0x000000000000021a                USB_IRQHandler
                0x000000000000021a                BOD_IRQHandler
                0x000000000000021a                WDT_IRQHandler
                0x000000000000021a                QEI_IRQHandler
                0x000000000000021a                EINT0_IRQHandler
                0x000000000000021a                ETH_IRQHandler
                0x000000000000021a                DMA_IRQHandler
                0x000000000000021a                UART3_IRQHandler
                0x000000000000021a                MCPWM_IRQHandler
 *(.text*)
 .text.prvSetupHardware
                0x0000000000000220       0x20 ./src/src/gameEngine.o
 .text.vLEDTask1
                0x0000000000000240       0x26 ./src/src/gameEngine.o
 .text.vLEDTask2
                0x0000000000000266       0x28 ./src/src/gameEngine.o
 *fill*         0x000000000000028e        0x2 ff
 .text.vUARTTask
                0x0000000000000290       0x28 ./src/src/gameEngine.o
 .text.main     0x00000000000002b8       0x84 ./src/src/gameEngine.o
                0x00000000000002b8                main
 .text.SystemInit
                0x000000000000033c       0x24 ./src/src/sysinit.o
                0x000000000000033c                SystemInit
 .text.vApplicationIdleHook
                0x0000000000000360        0xe ./freertos/src/FreeRTOSCommonHooks.o
                0x0000000000000360                vApplicationIdleHook
 .text.pvPortMalloc
                0x000000000000036e       0x22 ./freertos/src/heap_3.o
                0x000000000000036e                pvPortMalloc
 .text.vPortFree
                0x0000000000000390       0x24 ./freertos/src/heap_3.o
                0x0000000000000390                vPortFree
 .text.vListInitialise
                0x00000000000003b4       0x3e ./freertos/src/list.o
                0x00000000000003b4                vListInitialise
 .text.vListInitialiseItem
                0x00000000000003f2       0x18 ./freertos/src/list.o
                0x00000000000003f2                vListInitialiseItem
 .text.vListInsertEnd
                0x000000000000040a       0x46 ./freertos/src/list.o
                0x000000000000040a                vListInsertEnd
 .text.vListInsert
                0x0000000000000450       0x70 ./freertos/src/list.o
                0x0000000000000450                vListInsert
 .text.uxListRemove
                0x00000000000004c0       0x52 ./freertos/src/list.o
                0x00000000000004c0                uxListRemove
 *fill*         0x0000000000000512        0x2 ff
 .text.pxPortInitialiseStack
                0x0000000000000514       0x54 ./freertos/src/port.o
                0x0000000000000514                pxPortInitialiseStack
 .text.prvTaskExitError
                0x0000000000000568        0xa ./freertos/src/port.o
 *fill*         0x0000000000000572        0x2 ff
 .text.SVC_Handler
                0x0000000000000574       0x24 ./freertos/src/port.o
                0x0000000000000574                SVC_Handler
 .text.prvPortStartFirstTask
                0x0000000000000598       0x18 ./freertos/src/port.o
 .text.xPortStartScheduler
                0x00000000000005b0       0x38 ./freertos/src/port.o
                0x00000000000005b0                xPortStartScheduler
 .text.vPortYield
                0x00000000000005e8       0x20 ./freertos/src/port.o
                0x00000000000005e8                vPortYield
 .text.vPortEnterCritical
                0x0000000000000608       0x24 ./freertos/src/port.o
                0x0000000000000608                vPortEnterCritical
 .text.vPortExitCritical
                0x000000000000062c       0x24 ./freertos/src/port.o
                0x000000000000062c                vPortExitCritical
 .text.ulPortSetInterruptMask
                0x0000000000000650       0x12 ./freertos/src/port.o
                0x0000000000000650                ulPortSetInterruptMask
 .text.vPortClearInterruptMask
                0x0000000000000662        0x8 ./freertos/src/port.o
                0x0000000000000662                vPortClearInterruptMask
 *fill*         0x000000000000066a        0x2 ff
 .text.PendSV_Handler
                0x000000000000066c       0x40 ./freertos/src/port.o
                0x000000000000066c                PendSV_Handler
 .text.SysTick_Handler
                0x00000000000006ac       0x28 ./freertos/src/port.o
                0x00000000000006ac                SysTick_Handler
 .text.vPortSuppressTicksAndSleep
                0x00000000000006d4      0x15c ./freertos/src/port.o
                0x00000000000006d4                vPortSuppressTicksAndSleep
 .text.vPortSetupTimerInterrupt
                0x0000000000000830       0x68 ./freertos/src/port.o
                0x0000000000000830                vPortSetupTimerInterrupt
 .text.xTaskGenericCreate
                0x0000000000000898      0x140 ./freertos/src/tasks.o
                0x0000000000000898                xTaskGenericCreate
 .text.vTaskDelay
                0x00000000000009d8       0x54 ./freertos/src/tasks.o
                0x00000000000009d8                vTaskDelay
 .text.vTaskStartScheduler
                0x0000000000000a2c       0x58 ./freertos/src/tasks.o
                0x0000000000000a2c                vTaskStartScheduler
 .text.vTaskSuspendAll
                0x0000000000000a84       0x1c ./freertos/src/tasks.o
                0x0000000000000a84                vTaskSuspendAll
 .text.prvGetExpectedIdleTime
                0x0000000000000aa0       0x4c ./freertos/src/tasks.o
 .text.xTaskResumeAll
                0x0000000000000aec       0xfc ./freertos/src/tasks.o
                0x0000000000000aec                xTaskResumeAll
 .text.vTaskStepTick
                0x0000000000000be8       0x24 ./freertos/src/tasks.o
                0x0000000000000be8                vTaskStepTick
 .text.xTaskIncrementTick
                0x0000000000000c0c      0x18c ./freertos/src/tasks.o
                0x0000000000000c0c                xTaskIncrementTick
 .text.vTaskSwitchContext
                0x0000000000000d98       0x98 ./freertos/src/tasks.o
                0x0000000000000d98                vTaskSwitchContext
 .text.prvIdleTask
                0x0000000000000e30       0x48 ./freertos/src/tasks.o
 .text.eTaskConfirmSleepModeStatus
                0x0000000000000e78       0x5c ./freertos/src/tasks.o
                0x0000000000000e78                eTaskConfirmSleepModeStatus
 .text.prvInitialiseTCBVariables
                0x0000000000000ed4       0x98 ./freertos/src/tasks.o
 .text.prvInitialiseTaskLists
                0x0000000000000f6c       0x80 ./freertos/src/tasks.o
 .text.prvCheckTasksWaitingTermination
                0x0000000000000fec       0x78 ./freertos/src/tasks.o
 .text.prvAddCurrentTaskToDelayedList
                0x0000000000001064       0x6c ./freertos/src/tasks.o
 .text.prvAllocateTCBAndStack
                0x00000000000010d0       0x62 ./freertos/src/tasks.o
 .text.prvDeleteTCB
                0x0000000000001132       0x20 ./freertos/src/tasks.o
 .text.Chip_IOCON_Init
                0x0000000000001152       0x16 /home/andres/Documents/EMBT/Term3/Ese3025/EmbeddedGame/GameEngine/lpc_board_nxp_lpcxpresso_1769/Debug/liblpc_board_nxp_lpcxpresso_1769.a(board.o)
 .text.Chip_GPIO_Init
                0x0000000000001168       0x16 /home/andres/Documents/EMBT/Term3/Ese3025/EmbeddedGame/GameEngine/lpc_board_nxp_lpcxpresso_1769/Debug/liblpc_board_nxp_lpcxpresso_1769.a(board.o)
 .text.Chip_GPIO_SetPinState
                0x000000000000117e       0x64 /home/andres/Documents/EMBT/Term3/Ese3025/EmbeddedGame/GameEngine/lpc_board_nxp_lpcxpresso_1769/Debug/liblpc_board_nxp_lpcxpresso_1769.a(board.o)
 .text.Chip_GPIO_WritePortBit
                0x00000000000011e2       0x2c /home/andres/Documents/EMBT/Term3/Ese3025/EmbeddedGame/GameEngine/lpc_board_nxp_lpcxpresso_1769/Debug/liblpc_board_nxp_lpcxpresso_1769.a(board.o)
 .text.Chip_GPIO_SetPinDIROutput
                0x000000000000120e       0x36 /home/andres/Documents/EMBT/Term3/Ese3025/EmbeddedGame/GameEngine/lpc_board_nxp_lpcxpresso_1769/Debug/liblpc_board_nxp_lpcxpresso_1769.a(board.o)
 .text.Chip_GPIO_SetPinDIRInput
                0x0000000000001244       0x3a /home/andres/Documents/EMBT/Term3/Ese3025/EmbeddedGame/GameEngine/lpc_board_nxp_lpcxpresso_1769/Debug/liblpc_board_nxp_lpcxpresso_1769.a(board.o)
 .text.Chip_GPIO_SetPinDIR
                0x000000000000127e       0x42 /home/andres/Documents/EMBT/Term3/Ese3025/EmbeddedGame/GameEngine/lpc_board_nxp_lpcxpresso_1769/Debug/liblpc_board_nxp_lpcxpresso_1769.a(board.o)
 .text.Chip_GPIO_WriteDirBit
                0x00000000000012c0       0x2e /home/andres/Documents/EMBT/Term3/Ese3025/EmbeddedGame/GameEngine/lpc_board_nxp_lpcxpresso_1769/Debug/liblpc_board_nxp_lpcxpresso_1769.a(board.o)
 .text.Chip_UART_SendByte
                0x00000000000012ee       0x1c /home/andres/Documents/EMBT/Term3/Ese3025/EmbeddedGame/GameEngine/lpc_board_nxp_lpcxpresso_1769/Debug/liblpc_board_nxp_lpcxpresso_1769.a(board.o)
 .text.Chip_UART_ConfigData
                0x000000000000130a       0x1a /home/andres/Documents/EMBT/Term3/Ese3025/EmbeddedGame/GameEngine/lpc_board_nxp_lpcxpresso_1769/Debug/liblpc_board_nxp_lpcxpresso_1769.a(board.o)
 .text.Chip_UART_ReadLineStatus
                0x0000000000001324       0x16 /home/andres/Documents/EMBT/Term3/Ese3025/EmbeddedGame/GameEngine/lpc_board_nxp_lpcxpresso_1769/Debug/liblpc_board_nxp_lpcxpresso_1769.a(board.o)
 .text.__sys_write
                0x000000000000133a       0x38 /home/andres/Documents/EMBT/Term3/Ese3025/EmbeddedGame/GameEngine/lpc_board_nxp_lpcxpresso_1769/Debug/liblpc_board_nxp_lpcxpresso_1769.a(board.o)
                0x000000000000133a                __sys_write
 *fill*         0x0000000000001372        0x2 ff
 .text.Board_LED_Init
                0x0000000000001374       0x30 /home/andres/Documents/EMBT/Term3/Ese3025/EmbeddedGame/GameEngine/lpc_board_nxp_lpcxpresso_1769/Debug/liblpc_board_nxp_lpcxpresso_1769.a(board.o)
 .text.Board_UART_Init
                0x00000000000013a4       0x12 /home/andres/Documents/EMBT/Term3/Ese3025/EmbeddedGame/GameEngine/lpc_board_nxp_lpcxpresso_1769/Debug/liblpc_board_nxp_lpcxpresso_1769.a(board.o)
                0x00000000000013a4                Board_UART_Init
 *fill*         0x00000000000013b6        0x2 ff
 .text.Board_Debug_Init
                0x00000000000013b8       0x30 /home/andres/Documents/EMBT/Term3/Ese3025/EmbeddedGame/GameEngine/lpc_board_nxp_lpcxpresso_1769/Debug/liblpc_board_nxp_lpcxpresso_1769.a(board.o)
                0x00000000000013b8                Board_Debug_Init
 .text.Board_UARTPutChar
                0x00000000000013e8       0x34 /home/andres/Documents/EMBT/Term3/Ese3025/EmbeddedGame/GameEngine/lpc_board_nxp_lpcxpresso_1769/Debug/liblpc_board_nxp_lpcxpresso_1769.a(board.o)
                0x00000000000013e8                Board_UARTPutChar
 .text.Board_LED_Set
                0x000000000000141c       0x58 /home/andres/Documents/EMBT/Term3/Ese3025/EmbeddedGame/GameEngine/lpc_board_nxp_lpcxpresso_1769/Debug/liblpc_board_nxp_lpcxpresso_1769.a(board.o)
                0x000000000000141c                Board_LED_Set
 .text.Board_Init
                0x0000000000001474       0x34 /home/andres/Documents/EMBT/Term3/Ese3025/EmbeddedGame/GameEngine/lpc_board_nxp_lpcxpresso_1769/Debug/liblpc_board_nxp_lpcxpresso_1769.a(board.o)
                0x0000000000001474                Board_Init
 .text.Chip_SYSCTL_SetFLASHAccess
                0x00000000000014a8       0x30 /home/andres/Documents/EMBT/Term3/Ese3025/EmbeddedGame/GameEngine/lpc_board_nxp_lpcxpresso_1769/Debug/liblpc_board_nxp_lpcxpresso_1769.a(board_sysinit.o)
 .text.Board_SetupMuxing
                0x00000000000014d8       0x1c /home/andres/Documents/EMBT/Term3/Ese3025/EmbeddedGame/GameEngine/lpc_board_nxp_lpcxpresso_1769/Debug/liblpc_board_nxp_lpcxpresso_1769.a(board_sysinit.o)
                0x00000000000014d8                Board_SetupMuxing
 .text.Board_SetupClocking
                0x00000000000014f4       0x12 /home/andres/Documents/EMBT/Term3/Ese3025/EmbeddedGame/GameEngine/lpc_board_nxp_lpcxpresso_1769/Debug/liblpc_board_nxp_lpcxpresso_1769.a(board_sysinit.o)
                0x00000000000014f4                Board_SetupClocking
 .text.Board_SystemInit
                0x0000000000001506       0x10 /home/andres/Documents/EMBT/Term3/Ese3025/EmbeddedGame/GameEngine/lpc_board_nxp_lpcxpresso_1769/Debug/liblpc_board_nxp_lpcxpresso_1769.a(board_sysinit.o)
                0x0000000000001506                Board_SystemInit
 *fill*         0x0000000000001516        0x2 ff
 .text.SystemCoreClockUpdate
                0x0000000000001518       0x18 /home/andres/Documents/EMBT/Term3/Ese3025/EmbeddedGame/GameEngine/lpc_chip_175x_6x/Debug/liblpc_chip_175x_6x.a(chip_17xx_40xx.o)
                0x0000000000001518                SystemCoreClockUpdate
 .text.Chip_Clock_IsMainPLLEnabled
                0x0000000000001530       0x24 /home/andres/Documents/EMBT/Term3/Ese3025/EmbeddedGame/GameEngine/lpc_chip_175x_6x/Debug/liblpc_chip_175x_6x.a(clock_17xx_40xx.o)
 .text.Chip_Clock_IsMainPLLConnected
                0x0000000000001554       0x24 /home/andres/Documents/EMBT/Term3/Ese3025/EmbeddedGame/GameEngine/lpc_chip_175x_6x/Debug/liblpc_chip_175x_6x.a(clock_17xx_40xx.o)
 .text.Chip_Clock_FeedPLL
                0x0000000000001578       0x34 /home/andres/Documents/EMBT/Term3/Ese3025/EmbeddedGame/GameEngine/lpc_chip_175x_6x/Debug/liblpc_chip_175x_6x.a(clock_17xx_40xx.o)
 .text.Chip_Clock_GetMainPLLSource
                0x00000000000015ac       0x20 /home/andres/Documents/EMBT/Term3/Ese3025/EmbeddedGame/GameEngine/lpc_chip_175x_6x/Debug/liblpc_chip_175x_6x.a(clock_17xx_40xx.o)
 .text.Chip_Clock_GetMainOscRate
                0x00000000000015cc       0x14 /home/andres/Documents/EMBT/Term3/Ese3025/EmbeddedGame/GameEngine/lpc_chip_175x_6x/Debug/liblpc_chip_175x_6x.a(clock_17xx_40xx.o)
 .text.Chip_Clock_GetIntOscRate
                0x00000000000015e0       0x14 /home/andres/Documents/EMBT/Term3/Ese3025/EmbeddedGame/GameEngine/lpc_chip_175x_6x/Debug/liblpc_chip_175x_6x.a(clock_17xx_40xx.o)
 .text.Chip_Clock_GetRTCOscRate
                0x00000000000015f4       0x14 /home/andres/Documents/EMBT/Term3/Ese3025/EmbeddedGame/GameEngine/lpc_chip_175x_6x/Debug/liblpc_chip_175x_6x.a(clock_17xx_40xx.o)
 .text.Chip_Clock_GetMainPLLInClockRate
                0x0000000000001608        0xe /home/andres/Documents/EMBT/Term3/Ese3025/EmbeddedGame/GameEngine/lpc_chip_175x_6x/Debug/liblpc_chip_175x_6x.a(clock_17xx_40xx.o)
 *fill*         0x0000000000001616        0x2 ff
 .text.Chip_Clock_EnablePLL
                0x0000000000001618       0x44 /home/andres/Documents/EMBT/Term3/Ese3025/EmbeddedGame/GameEngine/lpc_chip_175x_6x/Debug/liblpc_chip_175x_6x.a(clock_17xx_40xx.o)
                0x0000000000001618                Chip_Clock_EnablePLL
 .text.Chip_Clock_DisablePLL
                0x000000000000165c       0x48 /home/andres/Documents/EMBT/Term3/Ese3025/EmbeddedGame/GameEngine/lpc_chip_175x_6x/Debug/liblpc_chip_175x_6x.a(clock_17xx_40xx.o)
                0x000000000000165c                Chip_Clock_DisablePLL
 .text.Chip_Clock_SetupPLL
                0x00000000000016a4       0x5c /home/andres/Documents/EMBT/Term3/Ese3025/EmbeddedGame/GameEngine/lpc_chip_175x_6x/Debug/liblpc_chip_175x_6x.a(clock_17xx_40xx.o)
                0x00000000000016a4                Chip_Clock_SetupPLL
 .text.Chip_Clock_EnablePeriphClock
                0x0000000000001700       0x34 /home/andres/Documents/EMBT/Term3/Ese3025/EmbeddedGame/GameEngine/lpc_chip_175x_6x/Debug/liblpc_chip_175x_6x.a(clock_17xx_40xx.o)
                0x0000000000001700                Chip_Clock_EnablePeriphClock
 .text.Chip_Clock_GetCPUClockSource
                0x0000000000001734       0x24 /home/andres/Documents/EMBT/Term3/Ese3025/EmbeddedGame/GameEngine/lpc_chip_175x_6x/Debug/liblpc_chip_175x_6x.a(clock_17xx_40xx.o)
                0x0000000000001734                Chip_Clock_GetCPUClockSource
 .text.Chip_Clock_SetCPUClockDiv
                0x0000000000001758       0x20 /home/andres/Documents/EMBT/Term3/Ese3025/EmbeddedGame/GameEngine/lpc_chip_175x_6x/Debug/liblpc_chip_175x_6x.a(clock_17xx_40xx.o)
                0x0000000000001758                Chip_Clock_SetCPUClockDiv
 .text.Chip_Clock_GetCPUClockDiv
                0x0000000000001778       0x1c /home/andres/Documents/EMBT/Term3/Ese3025/EmbeddedGame/GameEngine/lpc_chip_175x_6x/Debug/liblpc_chip_175x_6x.a(clock_17xx_40xx.o)
                0x0000000000001778                Chip_Clock_GetCPUClockDiv
 .text.Chip_Clock_GetPCLKDiv
                0x0000000000001794       0x8c /home/andres/Documents/EMBT/Term3/Ese3025/EmbeddedGame/GameEngine/lpc_chip_175x_6x/Debug/liblpc_chip_175x_6x.a(clock_17xx_40xx.o)
                0x0000000000001794                Chip_Clock_GetPCLKDiv
 .text.Chip_Clock_GetSYSCLKRate
                0x0000000000001820       0x34 /home/andres/Documents/EMBT/Term3/Ese3025/EmbeddedGame/GameEngine/lpc_chip_175x_6x/Debug/liblpc_chip_175x_6x.a(clock_17xx_40xx.o)
                0x0000000000001820                Chip_Clock_GetSYSCLKRate
 .text.Chip_Clock_GetMainPLLOutClockRate
                0x0000000000001854       0x54 /home/andres/Documents/EMBT/Term3/Ese3025/EmbeddedGame/GameEngine/lpc_chip_175x_6x/Debug/liblpc_chip_175x_6x.a(clock_17xx_40xx.o)
                0x0000000000001854                Chip_Clock_GetMainPLLOutClockRate
 .text.Chip_Clock_GetMainClockRate
                0x00000000000018a8       0x28 /home/andres/Documents/EMBT/Term3/Ese3025/EmbeddedGame/GameEngine/lpc_chip_175x_6x/Debug/liblpc_chip_175x_6x.a(clock_17xx_40xx.o)
                0x00000000000018a8                Chip_Clock_GetMainClockRate
 .text.Chip_Clock_GetSystemClockRate
                0x00000000000018d0       0x18 /home/andres/Documents/EMBT/Term3/Ese3025/EmbeddedGame/GameEngine/lpc_chip_175x_6x/Debug/liblpc_chip_175x_6x.a(clock_17xx_40xx.o)
                0x00000000000018d0                Chip_Clock_GetSystemClockRate
 .text.Chip_Clock_GetPeripheralClockRate
                0x00000000000018e8       0x26 /home/andres/Documents/EMBT/Term3/Ese3025/EmbeddedGame/GameEngine/lpc_chip_175x_6x/Debug/liblpc_chip_175x_6x.a(clock_17xx_40xx.o)
                0x00000000000018e8                Chip_Clock_GetPeripheralClockRate
 .text.Chip_IOCON_PinMuxSet
                0x000000000000190e       0x36 /home/andres/Documents/EMBT/Term3/Ese3025/EmbeddedGame/GameEngine/lpc_chip_175x_6x/Debug/liblpc_chip_175x_6x.a(iocon_17xx_40xx.o)
                0x000000000000190e                Chip_IOCON_PinMuxSet
 .text.Chip_IOCON_PinMux
                0x0000000000001944       0x94 /home/andres/Documents/EMBT/Term3/Ese3025/EmbeddedGame/GameEngine/lpc_chip_175x_6x/Debug/liblpc_chip_175x_6x.a(iocon_17xx_40xx.o)
                0x0000000000001944                Chip_IOCON_PinMux
 .text.Chip_IOCON_SetPinMuxing
                0x00000000000019d8       0x62 /home/andres/Documents/EMBT/Term3/Ese3025/EmbeddedGame/GameEngine/lpc_chip_175x_6x/Debug/liblpc_chip_175x_6x.a(iocon_17xx_40xx.o)
                0x00000000000019d8                Chip_IOCON_SetPinMuxing
 *fill*         0x0000000000001a3a        0x2 ff
 .text.Chip_Clock_IsMainPLLEnabled
                0x0000000000001a3c       0x24 /home/andres/Documents/EMBT/Term3/Ese3025/EmbeddedGame/GameEngine/lpc_chip_175x_6x/Debug/liblpc_chip_175x_6x.a(sysinit_17xx_40xx.o)
 .text.Chip_Clock_IsMainPLLLocked
                0x0000000000001a60       0x24 /home/andres/Documents/EMBT/Term3/Ese3025/EmbeddedGame/GameEngine/lpc_chip_175x_6x/Debug/liblpc_chip_175x_6x.a(sysinit_17xx_40xx.o)
 .text.Chip_Clock_IsMainPLLConnected
                0x0000000000001a84       0x24 /home/andres/Documents/EMBT/Term3/Ese3025/EmbeddedGame/GameEngine/lpc_chip_175x_6x/Debug/liblpc_chip_175x_6x.a(sysinit_17xx_40xx.o)
 .text.Chip_Clock_EnableCrystal
                0x0000000000001aa8       0x20 /home/andres/Documents/EMBT/Term3/Ese3025/EmbeddedGame/GameEngine/lpc_chip_175x_6x/Debug/liblpc_chip_175x_6x.a(sysinit_17xx_40xx.o)
 .text.Chip_Clock_IsCrystalEnabled
                0x0000000000001ac8       0x24 /home/andres/Documents/EMBT/Term3/Ese3025/EmbeddedGame/GameEngine/lpc_chip_175x_6x/Debug/liblpc_chip_175x_6x.a(sysinit_17xx_40xx.o)
 .text.Chip_Clock_SetMainPLLSource
                0x0000000000001aec       0x20 /home/andres/Documents/EMBT/Term3/Ese3025/EmbeddedGame/GameEngine/lpc_chip_175x_6x/Debug/liblpc_chip_175x_6x.a(sysinit_17xx_40xx.o)
 .text.Chip_SetupXtalClocking
                0x0000000000001b0c       0x90 /home/andres/Documents/EMBT/Term3/Ese3025/EmbeddedGame/GameEngine/lpc_chip_175x_6x/Debug/liblpc_chip_175x_6x.a(sysinit_17xx_40xx.o)
                0x0000000000001b0c                Chip_SetupXtalClocking
 .text.Chip_UART_SetupFIFOS
                0x0000000000001b9c       0x1a /home/andres/Documents/EMBT/Term3/Ese3025/EmbeddedGame/GameEngine/lpc_chip_175x_6x/Debug/liblpc_chip_175x_6x.a(uart_17xx_40xx.o)
 .text.Chip_UART_ConfigData
                0x0000000000001bb6       0x1a /home/andres/Documents/EMBT/Term3/Ese3025/EmbeddedGame/GameEngine/lpc_chip_175x_6x/Debug/liblpc_chip_175x_6x.a(uart_17xx_40xx.o)
 .text.Chip_UART_EnableDivisorAccess
                0x0000000000001bd0       0x1e /home/andres/Documents/EMBT/Term3/Ese3025/EmbeddedGame/GameEngine/lpc_chip_175x_6x/Debug/liblpc_chip_175x_6x.a(uart_17xx_40xx.o)
 .text.Chip_UART_DisableDivisorAccess
                0x0000000000001bee       0x1e /home/andres/Documents/EMBT/Term3/Ese3025/EmbeddedGame/GameEngine/lpc_chip_175x_6x/Debug/liblpc_chip_175x_6x.a(uart_17xx_40xx.o)
 .text.Chip_UART_SetDivisorLatches
                0x0000000000001c0c       0x26 /home/andres/Documents/EMBT/Term3/Ese3025/EmbeddedGame/GameEngine/lpc_chip_175x_6x/Debug/liblpc_chip_175x_6x.a(uart_17xx_40xx.o)
 *fill*         0x0000000000001c32        0x2 ff
 .text.Chip_UART_GetClockIndex
                0x0000000000001c34       0x50 /home/andres/Documents/EMBT/Term3/Ese3025/EmbeddedGame/GameEngine/lpc_chip_175x_6x/Debug/liblpc_chip_175x_6x.a(uart_17xx_40xx.o)
 .text.Chip_UART_GetClkIndex
                0x0000000000001c84       0x50 /home/andres/Documents/EMBT/Term3/Ese3025/EmbeddedGame/GameEngine/lpc_chip_175x_6x/Debug/liblpc_chip_175x_6x.a(uart_17xx_40xx.o)
 .text.Chip_UART_Init
                0x0000000000001cd4       0x78 /home/andres/Documents/EMBT/Term3/Ese3025/EmbeddedGame/GameEngine/lpc_chip_175x_6x/Debug/liblpc_chip_175x_6x.a(uart_17xx_40xx.o)
                0x0000000000001cd4                Chip_UART_Init
 .text.Chip_UART_TXEnable
                0x0000000000001d4c       0x18 /home/andres/Documents/EMBT/Term3/Ese3025/EmbeddedGame/GameEngine/lpc_chip_175x_6x/Debug/liblpc_chip_175x_6x.a(uart_17xx_40xx.o)
                0x0000000000001d4c                Chip_UART_TXEnable
 .text.Chip_UART_TXDisable
                0x0000000000001d64       0x18 /home/andres/Documents/EMBT/Term3/Ese3025/EmbeddedGame/GameEngine/lpc_chip_175x_6x/Debug/liblpc_chip_175x_6x.a(uart_17xx_40xx.o)
                0x0000000000001d64                Chip_UART_TXDisable
 .text.Chip_UART_SetBaud
                0x0000000000001d7c       0x62 /home/andres/Documents/EMBT/Term3/Ese3025/EmbeddedGame/GameEngine/lpc_chip_175x_6x/Debug/liblpc_chip_175x_6x.a(uart_17xx_40xx.o)
                0x0000000000001d7c                Chip_UART_SetBaud
 .text.__main   0x0000000000001dde        0xe /usr/local/mcuxpressoide-11.0.1_2563/ide/plugins/com.nxp.mcuxpresso.tools.linux_11.0.1.201907311258/tools/bin/../lib/gcc/arm-none-eabi/8.2.1/../../../../arm-none-eabi/lib/thumb/v7-m/nofp/libcr_nohost.a(_cr__main.o)
                0x0000000000001dde                __main
 .text.memset   0x0000000000001dec        0x4 /usr/local/mcuxpressoide-11.0.1_2563/ide/plugins/com.nxp.mcuxpresso.tools.linux_11.0.1.201907311258/tools/bin/../lib/gcc/arm-none-eabi/8.2.1/../../../../arm-none-eabi/lib/thumb/v7-m/nofp/libcr_c.a(memset.o)
                0x0000000000001dec                memset
 .text.malloc   0x0000000000001df0       0xc8 /usr/local/mcuxpressoide-11.0.1_2563/ide/plugins/com.nxp.mcuxpresso.tools.linux_11.0.1.201907311258/tools/bin/../lib/gcc/arm-none-eabi/8.2.1/../../../../arm-none-eabi/lib/thumb/v7-m/nofp/libcr_c.a(alloc.o)
                0x0000000000001df0                malloc
 .text.free     0x0000000000001eb8       0x30 /usr/local/mcuxpressoide-11.0.1_2563/ide/plugins/com.nxp.mcuxpresso.tools.linux_11.0.1.201907311258/tools/bin/../lib/gcc/arm-none-eabi/8.2.1/../../../../arm-none-eabi/lib/thumb/v7-m/nofp/libcr_c.a(alloc.o)
                0x0000000000001eb8                free
 .text._Csys_alloc
                0x0000000000001ee8       0x20 /usr/local/mcuxpressoide-11.0.1_2563/ide/plugins/com.nxp.mcuxpresso.tools.linux_11.0.1.201907311258/tools/bin/../lib/gcc/arm-none-eabi/8.2.1/../../../../arm-none-eabi/lib/thumb/v7-m/nofp/libcr_c.a(alloc.o)
                0x0000000000001ee8                _Csys_alloc
 .text.fp_round
                0x0000000000001f08       0x4c /usr/local/mcuxpressoide-11.0.1_2563/ide/plugins/com.nxp.mcuxpresso.tools.linux_11.0.1.201907311258/tools/bin/../lib/gcc/arm-none-eabi/8.2.1/../../../../arm-none-eabi/lib/thumb/v7-m/nofp/libcr_c.a(fpprintf.o)
 .text.pr_dec.constprop.1
                0x0000000000001f54       0x26 /usr/local/mcuxpressoide-11.0.1_2563/ide/plugins/com.nxp.mcuxpresso.tools.linux_11.0.1.201907311258/tools/bin/../lib/gcc/arm-none-eabi/8.2.1/../../../../arm-none-eabi/lib/thumb/v7-m/nofp/libcr_c.a(fpprintf.o)
 *fill*         0x0000000000001f7a        0x2 ff
 .text.sprintf  0x0000000000001f7c       0x6c /usr/local/mcuxpressoide-11.0.1_2563/ide/plugins/com.nxp.mcuxpresso.tools.linux_11.0.1.201907311258/tools/bin/../lib/gcc/arm-none-eabi/8.2.1/../../../../arm-none-eabi/lib/thumb/v7-m/nofp/libcr_c.a(fpprintf.o)
                0x0000000000001f7c                sprintf
 .text.fp_display
                0x0000000000001fe8      0x948 /usr/local/mcuxpressoide-11.0.1_2563/ide/plugins/com.nxp.mcuxpresso.tools.linux_11.0.1.201907311258/tools/bin/../lib/gcc/arm-none-eabi/8.2.1/../../../../arm-none-eabi/lib/thumb/v7-m/nofp/libcr_c.a(fpprintf.o)
 .text.vsnprintf
                0x0000000000002930       0x68 /usr/local/mcuxpressoide-11.0.1_2563/ide/plugins/com.nxp.mcuxpresso.tools.linux_11.0.1.201907311258/tools/bin/../lib/gcc/arm-none-eabi/8.2.1/../../../../arm-none-eabi/lib/thumb/v7-m/nofp/libcr_c.a(fpprintf.o)
                0x0000000000002930                vsnprintf
 .text.printf   0x0000000000002998       0x54 /usr/local/mcuxpressoide-11.0.1_2563/ide/plugins/com.nxp.mcuxpresso.tools.linux_11.0.1.201907311258/tools/bin/../lib/gcc/arm-none-eabi/8.2.1/../../../../arm-none-eabi/lib/thumb/v7-m/nofp/libcr_c.a(fpprintf.o)
                0x0000000000002998                printf
 .text._initio  0x00000000000029ec       0x78 /usr/local/mcuxpressoide-11.0.1_2563/ide/plugins/com.nxp.mcuxpresso.tools.linux_11.0.1.201907311258/tools/bin/../lib/gcc/arm-none-eabi/8.2.1/../../../../arm-none-eabi/lib/thumb/v7-m/nofp/libcr_c.a(initio.o)
                0x00000000000029ec                _initio
 .text.__vfprintf
                0x0000000000002a64      0xbd4 /usr/local/mcuxpressoide-11.0.1_2563/ide/plugins/com.nxp.mcuxpresso.tools.linux_11.0.1.201907311258/tools/bin/../lib/gcc/arm-none-eabi/8.2.1/../../../../arm-none-eabi/lib/thumb/v7-m/nofp/libcr_c.a(printf.o)
                0x0000000000002a64                __vfprintf
 .text.setvbuf  0x0000000000003638       0x40 /usr/local/mcuxpressoide-11.0.1_2563/ide/plugins/com.nxp.mcuxpresso.tools.linux_11.0.1.201907311258/tools/bin/../lib/gcc/arm-none-eabi/8.2.1/../../../../arm-none-eabi/lib/thumb/v7-m/nofp/libcr_c.a(setvbuf.o)
                0x0000000000003638                setvbuf
 .text.strlen   0x0000000000003678       0x4c /usr/local/mcuxpressoide-11.0.1_2563/ide/plugins/com.nxp.mcuxpresso.tools.linux_11.0.1.201907311258/tools/bin/../lib/gcc/arm-none-eabi/8.2.1/../../../../arm-none-eabi/lib/thumb/v7-m/nofp/libcr_c.a(strlen.o)
                0x0000000000003678                strlen
 .text._sbrk    0x00000000000036c4       0x3c /usr/local/mcuxpressoide-11.0.1_2563/ide/plugins/com.nxp.mcuxpresso.tools.linux_11.0.1.201907311258/tools/bin/../lib/gcc/arm-none-eabi/8.2.1/../../../../arm-none-eabi/lib/thumb/v7-m/nofp/libcr_c.a(_cr_sbrk.o)
                0x00000000000036c4                _sbrk
 .text._deferredlazyseek
                0x0000000000003700       0x40 /usr/local/mcuxpressoide-11.0.1_2563/ide/plugins/com.nxp.mcuxpresso.tools.linux_11.0.1.201907311258/tools/bin/../lib/gcc/arm-none-eabi/8.2.1/../../../../arm-none-eabi/lib/thumb/v7-m/nofp/libcr_c.a(_deferredlazyseek.o)
                0x0000000000003700                _deferredlazyseek
 .text.__flsbuf
                0x0000000000003740      0x140 /usr/local/mcuxpressoide-11.0.1_2563/ide/plugins/com.nxp.mcuxpresso.tools.linux_11.0.1.201907311258/tools/bin/../lib/gcc/arm-none-eabi/8.2.1/../../../../arm-none-eabi/lib/thumb/v7-m/nofp/libcr_c.a(_deferredlazyseek.o)
                0x0000000000003740                __flsbuf
 .text._fdopen  0x0000000000003880       0x68 /usr/local/mcuxpressoide-11.0.1_2563/ide/plugins/com.nxp.mcuxpresso.tools.linux_11.0.1.201907311258/tools/bin/../lib/gcc/arm-none-eabi/8.2.1/../../../../arm-none-eabi/lib/thumb/v7-m/nofp/libcr_c.a(_fdopen.o)
                0x0000000000003880                _fdopen
 .text._fflush  0x00000000000038e8       0x52 /usr/local/mcuxpressoide-11.0.1_2563/ide/plugins/com.nxp.mcuxpresso.tools.linux_11.0.1.201907311258/tools/bin/../lib/gcc/arm-none-eabi/8.2.1/../../../../arm-none-eabi/lib/thumb/v7-m/nofp/libcr_c.a(_fflush.o)
                0x00000000000038e8                _fflush
 .text._frexpl  0x000000000000393a       0x56 /usr/local/mcuxpressoide-11.0.1_2563/ide/plugins/com.nxp.mcuxpresso.tools.linux_11.0.1.201907311258/tools/bin/../lib/gcc/arm-none-eabi/8.2.1/../../../../arm-none-eabi/lib/thumb/v7-m/nofp/libcr_c.a(_frexpl.o)
                0x000000000000393a                _frexpl
 .text._ldexpl  0x0000000000003990       0x48 /usr/local/mcuxpressoide-11.0.1_2563/ide/plugins/com.nxp.mcuxpresso.tools.linux_11.0.1.201907311258/tools/bin/../lib/gcc/arm-none-eabi/8.2.1/../../../../arm-none-eabi/lib/thumb/v7-m/nofp/libcr_c.a(_ldexpl.o)
                0x0000000000003990                _ldexpl
 .text._Cwritebuf
                0x00000000000039d8       0x6c /usr/local/mcuxpressoide-11.0.1_2563/ide/plugins/com.nxp.mcuxpresso.tools.linux_11.0.1.201907311258/tools/bin/../lib/gcc/arm-none-eabi/8.2.1/../../../../arm-none-eabi/lib/thumb/v7-m/nofp/libcr_c.a(_writebuf.o)
                0x00000000000039d8                _Cwritebuf
 .text.fclose   0x0000000000003a44       0x58 /usr/local/mcuxpressoide-11.0.1_2563/ide/plugins/com.nxp.mcuxpresso.tools.linux_11.0.1.201907311258/tools/bin/../lib/gcc/arm-none-eabi/8.2.1/../../../../arm-none-eabi/lib/thumb/v7-m/nofp/libcr_c.a(fclose.o)
                0x0000000000003a44                fclose
 .text.fflush   0x0000000000003a9c       0x44 /usr/local/mcuxpressoide-11.0.1_2563/ide/plugins/com.nxp.mcuxpresso.tools.linux_11.0.1.201907311258/tools/bin/../lib/gcc/arm-none-eabi/8.2.1/../../../../arm-none-eabi/lib/thumb/v7-m/nofp/libcr_c.a(fflush.o)
                0x0000000000003a9c                fflush
 .text.fseek    0x0000000000003ae0      0x100 /usr/local/mcuxpressoide-11.0.1_2563/ide/plugins/com.nxp.mcuxpresso.tools.linux_11.0.1.201907311258/tools/bin/../lib/gcc/arm-none-eabi/8.2.1/../../../../arm-none-eabi/lib/thumb/v7-m/nofp/libcr_c.a(fseek.o)
                0x0000000000003ae0                fseek
 .text.ftell    0x0000000000003be0       0x48 /usr/local/mcuxpressoide-11.0.1_2563/ide/plugins/com.nxp.mcuxpresso.tools.linux_11.0.1.201907311258/tools/bin/../lib/gcc/arm-none-eabi/8.2.1/../../../../arm-none-eabi/lib/thumb/v7-m/nofp/libcr_c.a(ftell.o)
                0x0000000000003be0                ftell
 .text.remove   0x0000000000003c28       0x14 /usr/local/mcuxpressoide-11.0.1_2563/ide/plugins/com.nxp.mcuxpresso.tools.linux_11.0.1.201907311258/tools/bin/../lib/gcc/arm-none-eabi/8.2.1/../../../../arm-none-eabi/lib/thumb/v7-m/nofp/libcr_c.a(remove.o)
                0x0000000000003c28                remove
 .text.__check_heap_overflow
                0x0000000000003c3c       0x18 /usr/local/mcuxpressoide-11.0.1_2563/ide/plugins/com.nxp.mcuxpresso.tools.linux_11.0.1.201907311258/tools/bin/../lib/gcc/arm-none-eabi/8.2.1/../../../../arm-none-eabi/lib/thumb/v7-m/nofp/libcr_c.a(_cr_check_heap.o)
                0x0000000000003c3c                __check_heap_overflow
 .text._do_fflush
                0x0000000000003c54       0x40 /usr/local/mcuxpressoide-11.0.1_2563/ide/plugins/com.nxp.mcuxpresso.tools.linux_11.0.1.201907311258/tools/bin/../lib/gcc/arm-none-eabi/8.2.1/../../../../arm-none-eabi/lib/thumb/v7-m/nofp/libcr_c.a(_do_fflush.o)
                0x0000000000003c54                _do_fflush
 .text.__aeabi_dmul
                0x0000000000003c94      0x10c /usr/local/mcuxpressoide-11.0.1_2563/ide/plugins/com.nxp.mcuxpresso.tools.linux_11.0.1.201907311258/tools/bin/../lib/gcc/arm-none-eabi/8.2.1/thumb/v7-m/nofp/libcr_eabihelpers.a(double.o)
                0x0000000000003c94                __aeabi_dmul
 .text.__aeabi_ddiv
                0x0000000000003da0      0x140 /usr/local/mcuxpressoide-11.0.1_2563/ide/plugins/com.nxp.mcuxpresso.tools.linux_11.0.1.201907311258/tools/bin/../lib/gcc/arm-none-eabi/8.2.1/thumb/v7-m/nofp/libcr_eabihelpers.a(double.o)
                0x0000000000003da0                __aeabi_ddiv
 .text.__aeabi_dsub
                0x0000000000003ee0      0x1a8 /usr/local/mcuxpressoide-11.0.1_2563/ide/plugins/com.nxp.mcuxpresso.tools.linux_11.0.1.201907311258/tools/bin/../lib/gcc/arm-none-eabi/8.2.1/thumb/v7-m/nofp/libcr_eabihelpers.a(double.o)
                0x0000000000003ee0                __aeabi_dsub
 .text.__aeabi_dadd
                0x0000000000004088      0x108 /usr/local/mcuxpressoide-11.0.1_2563/ide/plugins/com.nxp.mcuxpresso.tools.linux_11.0.1.201907311258/tools/bin/../lib/gcc/arm-none-eabi/8.2.1/thumb/v7-m/nofp/libcr_eabihelpers.a(double.o)
                0x0000000000004088                __aeabi_dadd
 .text.__aeabi_d2iz
                0x0000000000004190       0x40 /usr/local/mcuxpressoide-11.0.1_2563/ide/plugins/com.nxp.mcuxpresso.tools.linux_11.0.1.201907311258/tools/bin/../lib/gcc/arm-none-eabi/8.2.1/thumb/v7-m/nofp/libcr_eabihelpers.a(double.o)
                0x0000000000004190                __aeabi_d2iz
 .text.__bhs_ui2d
                0x00000000000041d0       0x46 /usr/local/mcuxpressoide-11.0.1_2563/ide/plugins/com.nxp.mcuxpresso.tools.linux_11.0.1.201907311258/tools/bin/../lib/gcc/arm-none-eabi/8.2.1/thumb/v7-m/nofp/libcr_eabihelpers.a(double.o)
                0x00000000000041d0                __bhs_ui2d
 .text.__aeabi_i2d
                0x0000000000004216       0x12 /usr/local/mcuxpressoide-11.0.1_2563/ide/plugins/com.nxp.mcuxpresso.tools.linux_11.0.1.201907311258/tools/bin/../lib/gcc/arm-none-eabi/8.2.1/thumb/v7-m/nofp/libcr_eabihelpers.a(double.o)
                0x0000000000004216                __aeabi_i2d
 .text.__aeabi_dcmpeq
                0x0000000000004228       0x2a /usr/local/mcuxpressoide-11.0.1_2563/ide/plugins/com.nxp.mcuxpresso.tools.linux_11.0.1.201907311258/tools/bin/../lib/gcc/arm-none-eabi/8.2.1/thumb/v7-m/nofp/libcr_eabihelpers.a(double.o)
                0x0000000000004228                __aeabi_dcmpeq
 .text.__aeabi_dcmplt
                0x0000000000004252       0x52 /usr/local/mcuxpressoide-11.0.1_2563/ide/plugins/com.nxp.mcuxpresso.tools.linux_11.0.1.201907311258/tools/bin/../lib/gcc/arm-none-eabi/8.2.1/thumb/v7-m/nofp/libcr_eabihelpers.a(double.o)
                0x0000000000004252                __aeabi_dcmplt
 .text.__aeabi_dcmple
                0x00000000000042a4       0x52 /usr/local/mcuxpressoide-11.0.1_2563/ide/plugins/com.nxp.mcuxpresso.tools.linux_11.0.1.201907311258/tools/bin/../lib/gcc/arm-none-eabi/8.2.1/thumb/v7-m/nofp/libcr_eabihelpers.a(double.o)
                0x00000000000042a4                __aeabi_dcmple
 .text.__aeabi_dcmpge
                0x00000000000042f6       0x58 /usr/local/mcuxpressoide-11.0.1_2563/ide/plugins/com.nxp.mcuxpresso.tools.linux_11.0.1.201907311258/tools/bin/../lib/gcc/arm-none-eabi/8.2.1/thumb/v7-m/nofp/libcr_eabihelpers.a(double.o)
                0x00000000000042f6                __aeabi_dcmpge
 .text.__aeabi_memset_lowlevel
                0x000000000000434e       0x32 /usr/local/mcuxpressoide-11.0.1_2563/ide/plugins/com.nxp.mcuxpresso.tools.linux_11.0.1.201907311258/tools/bin/../lib/gcc/arm-none-eabi/8.2.1/thumb/v7-m/nofp/libcr_eabihelpers.a(memcpy.o)
                0x000000000000434e                __aeabi_lowlevel_memset
 .text.__sys_appexit
                0x0000000000004380        0x2 /usr/local/mcuxpressoide-11.0.1_2563/ide/plugins/com.nxp.mcuxpresso.tools.linux_11.0.1.201907311258/tools/bin/../lib/gcc/arm-none-eabi/8.2.1/../../../../arm-none-eabi/lib/thumb/v7-m/nofp/libcr_nohost.a(__sys_appexit.o)
                0x0000000000004380                __exit
                0x0000000000004380                __sys_appexit
 .text.__sys_close
                0x0000000000004382        0x6 /usr/local/mcuxpressoide-11.0.1_2563/ide/plugins/com.nxp.mcuxpresso.tools.linux_11.0.1.201907311258/tools/bin/../lib/gcc/arm-none-eabi/8.2.1/../../../../arm-none-eabi/lib/thumb/v7-m/nofp/libcr_nohost.a(__sys_close.o)
                0x0000000000004382                __sys_close
 .text.__sys_flen
                0x0000000000004388        0x6 /usr/local/mcuxpressoide-11.0.1_2563/ide/plugins/com.nxp.mcuxpresso.tools.linux_11.0.1.201907311258/tools/bin/../lib/gcc/arm-none-eabi/8.2.1/../../../../arm-none-eabi/lib/thumb/v7-m/nofp/libcr_nohost.a(__sys_flen.o)
                0x0000000000004388                __sys_flen
 .text.__sys_istty
                0x000000000000438e        0x6 /usr/local/mcuxpressoide-11.0.1_2563/ide/plugins/com.nxp.mcuxpresso.tools.linux_11.0.1.201907311258/tools/bin/../lib/gcc/arm-none-eabi/8.2.1/../../../../arm-none-eabi/lib/thumb/v7-m/nofp/libcr_nohost.a(__sys_istty.o)
                0x000000000000438e                __sys_istty
 .text.__sys_remove
                0x0000000000004394        0x6 /usr/local/mcuxpressoide-11.0.1_2563/ide/plugins/com.nxp.mcuxpresso.tools.linux_11.0.1.201907311258/tools/bin/../lib/gcc/arm-none-eabi/8.2.1/../../../../arm-none-eabi/lib/thumb/v7-m/nofp/libcr_nohost.a(__sys_remove.o)
                0x0000000000004394                __sys_remove
 .text.__sys_seek
                0x000000000000439a        0x6 /usr/local/mcuxpressoide-11.0.1_2563/ide/plugins/com.nxp.mcuxpresso.tools.linux_11.0.1.201907311258/tools/bin/../lib/gcc/arm-none-eabi/8.2.1/../../../../arm-none-eabi/lib/thumb/v7-m/nofp/libcr_nohost.a(__sys_seek.o)
                0x000000000000439a                __sys_seek
 .text.__sys_tmpnam
                0x00000000000043a0        0x6 /usr/local/mcuxpressoide-11.0.1_2563/ide/plugins/com.nxp.mcuxpresso.tools.linux_11.0.1.201907311258/tools/bin/../lib/gcc/arm-none-eabi/8.2.1/../../../../arm-none-eabi/lib/thumb/v7-m/nofp/libcr_nohost.a(__sys_tmpnam.o)
                0x00000000000043a0                __sys_tmpnam
 *(.rodata .rodata.* .constdata .constdata.*)
 *fill*         0x00000000000043a6        0x2 ff
 .rodata        0x00000000000043a8       0x2e ./src/src/gameEngine.o
 *fill*         0x00000000000043d6        0x2 ff
 .rodata        0x00000000000043d8        0x5 ./freertos/src/tasks.o
 *fill*         0x00000000000043dd        0x3 ff
 .rodata.OscRateIn
                0x00000000000043e0        0x4 /home/andres/Documents/EMBT/Term3/Ese3025/EmbeddedGame/GameEngine/lpc_board_nxp_lpcxpresso_1769/Debug/liblpc_board_nxp_lpcxpresso_1769.a(board.o)
                0x00000000000043e0                OscRateIn
 .rodata.RTCOscRateIn
                0x00000000000043e4        0x4 /home/andres/Documents/EMBT/Term3/Ese3025/EmbeddedGame/GameEngine/lpc_board_nxp_lpcxpresso_1769/Debug/liblpc_board_nxp_lpcxpresso_1769.a(board.o)
                0x00000000000043e4                RTCOscRateIn
 .rodata.pinmuxing
                0x00000000000043e8       0x5c /home/andres/Documents/EMBT/Term3/Ese3025/EmbeddedGame/GameEngine/lpc_board_nxp_lpcxpresso_1769/Debug/liblpc_board_nxp_lpcxpresso_1769.a(board_sysinit.o)
 .rodata._Csys_alloc.str1.1
                0x0000000000004444       0x18 /usr/local/mcuxpressoide-11.0.1_2563/ide/plugins/com.nxp.mcuxpresso.tools.linux_11.0.1.201907311258/tools/bin/../lib/gcc/arm-none-eabi/8.2.1/../../../../arm-none-eabi/lib/thumb/v7-m/nofp/libcr_c.a(alloc.o)
 .rodata.fp_display.str1.1
                0x000000000000445c       0x34 /usr/local/mcuxpressoide-11.0.1_2563/ide/plugins/com.nxp.mcuxpresso.tools.linux_11.0.1.201907311258/tools/bin/../lib/gcc/arm-none-eabi/8.2.1/../../../../arm-none-eabi/lib/thumb/v7-m/nofp/libcr_c.a(fpprintf.o)
                                         0x35 (size before relaxing)
 .rodata._initio.str1.1
                0x0000000000004490        0x4 /usr/local/mcuxpressoide-11.0.1_2563/ide/plugins/com.nxp.mcuxpresso.tools.linux_11.0.1.201907311258/tools/bin/../lib/gcc/arm-none-eabi/8.2.1/../../../../arm-none-eabi/lib/thumb/v7-m/nofp/libcr_c.a(initio.o)
 .rodata.__vfprintf.str1.1
                0x0000000000004494       0x31 /usr/local/mcuxpressoide-11.0.1_2563/ide/plugins/com.nxp.mcuxpresso.tools.linux_11.0.1.201907311258/tools/bin/../lib/gcc/arm-none-eabi/8.2.1/../../../../arm-none-eabi/lib/thumb/v7-m/nofp/libcr_c.a(printf.o)
                                         0x38 (size before relaxing)
 *fill*         0x00000000000044c5        0x3 ff
 .rodata.__num_Ciob_streams
                0x00000000000044c8        0x4 /usr/local/mcuxpressoide-11.0.1_2563/ide/plugins/com.nxp.mcuxpresso.tools.linux_11.0.1.201907311258/tools/bin/../lib/gcc/arm-none-eabi/8.2.1/../../../../arm-none-eabi/lib/thumb/v7-m/nofp/libcr_nohost.a(__ciob.o)
                0x00000000000044c8                __num_Ciob_streams
                0x00000000000044cc                . = ALIGN (0x4)

.glue_7         0x00000000000044cc        0x0
 .glue_7        0x00000000000044cc        0x0 linker stubs

.glue_7t        0x00000000000044cc        0x0
 .glue_7t       0x00000000000044cc        0x0 linker stubs

.vfp11_veneer   0x00000000000044cc        0x0
 .vfp11_veneer  0x00000000000044cc        0x0 linker stubs

.v4_bx          0x00000000000044cc        0x0
 .v4_bx         0x00000000000044cc        0x0 linker stubs

.iplt           0x00000000000044cc        0x0
 .iplt          0x00000000000044cc        0x0 ./src/src/cr_startup_lpc175x_6x.o

.rel.dyn        0x00000000000044cc        0x0
 .rel.iplt      0x00000000000044cc        0x0 ./src/src/cr_startup_lpc175x_6x.o

.ARM.extab
 *(.ARM.extab* .gnu.linkonce.armextab.*)
                0x00000000000044cc                __exidx_start = .

.ARM.exidx
 *(.ARM.exidx* .gnu.linkonce.armexidx.*)
                0x00000000000044cc                __exidx_end = .
                0x00000000000044cc                _etext = .

.data_RAM2      0x000000002007c000        0x0 load address 0x00000000000044cc
 FILL mask 0xff
                [!provide]                        PROVIDE (__start_data_RAM2 = .)
 *(.ramfunc.$RAM2)
 *(.ramfunc.$RamAHB32)
 *(.data.$RAM2)
 *(.data.$RamAHB32)
 *(.data.$RAM2.*)
 *(.data.$RamAHB32.*)
                0x000000002007c000                . = ALIGN (0x4)
                [!provide]                        PROVIDE (__end_data_RAM2 = .)

.uninit_RESERVED
                0x0000000010000000        0x0
                0x0000000010000000                . = ALIGN (0x4)
 *(.bss.$RESERVED*)
                0x0000000010000000                . = ALIGN (0x4)
                0x0000000010000000                _end_uninit_RESERVED = .

.data           0x0000000010000000        0x8 load address 0x00000000000044cc
 FILL mask 0xff
                0x0000000010000000                _data = .
 *(vtable)
 *(.ramfunc*)
 *(CodeQuickAccess)
 *(DataQuickAccess)
 *(RamFunction)
 *(.data*)
 .data.uxCriticalNesting
                0x0000000010000000        0x4 ./freertos/src/port.o
 .data.xNextTaskUnblockTime
                0x0000000010000004        0x4 ./freertos/src/tasks.o
                0x0000000010000008                . = ALIGN (0x4)
                0x0000000010000008                _edata = .

.igot.plt       0x0000000010000008        0x0 load address 0x00000000000044d4
 .igot.plt      0x0000000010000008        0x0 ./src/src/cr_startup_lpc175x_6x.o

.bss_RAM2       0x000000002007c000        0x0
                0x000000002007c000                . = ALIGN (0x4)
                [!provide]                        PROVIDE (__start_bss_RAM2 = .)
 *(.bss.$RAM2)
 *(.bss.$RamAHB32)
 *(.bss.$RAM2.*)
 *(.bss.$RamAHB32.*)
                0x000000002007c000                . = ALIGN ((. != 0x0)?0x4:0x1)
                [!provide]                        PROVIDE (__end_bss_RAM2 = .)

.bss            0x0000000010000008      0x334
                0x0000000010000008                . = ALIGN (0x4)
                0x0000000010000008                _bss = .
 *(.bss*)
 .bss.ulTimerCountsForOneTick
                0x0000000010000008        0x4 ./freertos/src/port.o
 .bss.xMaximumPossibleSuppressedTicks
                0x000000001000000c        0x4 ./freertos/src/port.o
 .bss.ulStoppedTimerCompensation
                0x0000000010000010        0x4 ./freertos/src/port.o
 .bss.pxCurrentTCB
                0x0000000010000014        0x4 ./freertos/src/tasks.o
                0x0000000010000014                pxCurrentTCB
 .bss.pxReadyTasksLists
                0x0000000010000018       0xa0 ./freertos/src/tasks.o
 .bss.xDelayedTaskList1
                0x00000000100000b8       0x14 ./freertos/src/tasks.o
 .bss.xDelayedTaskList2
                0x00000000100000cc       0x14 ./freertos/src/tasks.o
 .bss.pxDelayedTaskList
                0x00000000100000e0        0x4 ./freertos/src/tasks.o
 .bss.pxOverflowDelayedTaskList
                0x00000000100000e4        0x4 ./freertos/src/tasks.o
 .bss.xPendingReadyList
                0x00000000100000e8       0x14 ./freertos/src/tasks.o
 .bss.xTasksWaitingTermination
                0x00000000100000fc       0x14 ./freertos/src/tasks.o
 .bss.uxTasksDeleted
                0x0000000010000110        0x4 ./freertos/src/tasks.o
 .bss.xSuspendedTaskList
                0x0000000010000114       0x14 ./freertos/src/tasks.o
 .bss.uxCurrentNumberOfTasks
                0x0000000010000128        0x4 ./freertos/src/tasks.o
 .bss.xTickCount
                0x000000001000012c        0x4 ./freertos/src/tasks.o
 .bss.uxTopReadyPriority
                0x0000000010000130        0x4 ./freertos/src/tasks.o
 .bss.xSchedulerRunning
                0x0000000010000134        0x4 ./freertos/src/tasks.o
 .bss.uxSchedulerSuspended
                0x0000000010000138        0x4 ./freertos/src/tasks.o
 .bss.uxPendedTicks
                0x000000001000013c        0x4 ./freertos/src/tasks.o
 .bss.xYieldPending
                0x0000000010000140        0x4 ./freertos/src/tasks.o
 .bss.xNumOfOverflows
                0x0000000010000144        0x4 ./freertos/src/tasks.o
 .bss.uxTaskNumber
                0x0000000010000148        0x4 ./freertos/src/tasks.o
 .bss.__end_of_heap
                0x000000001000014c        0x4 /usr/local/mcuxpressoide-11.0.1_2563/ide/plugins/com.nxp.mcuxpresso.tools.linux_11.0.1.201907311258/tools/bin/../lib/gcc/arm-none-eabi/8.2.1/../../../../arm-none-eabi/lib/thumb/v7-m/nofp/libcr_c.a(__init_alloc.o)
                0x000000001000014c                __end_of_heap
 .bss.__heaps   0x0000000010000150        0x4 /usr/local/mcuxpressoide-11.0.1_2563/ide/plugins/com.nxp.mcuxpresso.tools.linux_11.0.1.201907311258/tools/bin/../lib/gcc/arm-none-eabi/8.2.1/../../../../arm-none-eabi/lib/thumb/v7-m/nofp/libcr_c.a(__init_alloc.o)
                0x0000000010000150                __heaps
 .bss.errno     0x0000000010000154        0x4 /usr/local/mcuxpressoide-11.0.1_2563/ide/plugins/com.nxp.mcuxpresso.tools.linux_11.0.1.201907311258/tools/bin/../lib/gcc/arm-none-eabi/8.2.1/../../../../arm-none-eabi/lib/thumb/v7-m/nofp/libcr_c.a(errno.o)
                0x0000000010000154                errno
 .bss.__Ciob    0x0000000010000158      0x1e0 /usr/local/mcuxpressoide-11.0.1_2563/ide/plugins/com.nxp.mcuxpresso.tools.linux_11.0.1.201907311258/tools/bin/../lib/gcc/arm-none-eabi/8.2.1/../../../../arm-none-eabi/lib/thumb/v7-m/nofp/libcr_nohost.a(__ciob.o)
                0x0000000010000158                __Ciob
 *(COMMON)
 COMMON         0x0000000010000338        0x4 /home/andres/Documents/EMBT/Term3/Ese3025/EmbeddedGame/GameEngine/lpc_chip_175x_6x/Debug/liblpc_chip_175x_6x.a(chip_17xx_40xx.o)
                0x0000000010000338                SystemCoreClock
                0x000000001000033c                . = ALIGN (0x4)
                0x000000001000033c                _ebss = .
                [!provide]                        PROVIDE (end = .)

.noinit_RAM2    0x000000002007c000        0x0
                0x000000002007c000                . = ALIGN (0x4)
 *(.noinit.$RAM2)
 *(.noinit.$RamAHB32)
 *(.noinit.$RAM2.*)
 *(.noinit.$RamAHB32.*)
                0x000000002007c000                . = ALIGN (0x4)

.noinit         0x000000001000033c        0x0
                0x000000001000033c                . = ALIGN (0x4)
                0x000000001000033c                _noinit = .
 *(.noinit*)
                0x000000001000033c                . = ALIGN (0x4)
                0x000000001000033c                _end_noinit = .
                0x000000001000033c                PROVIDE (_pvHeapStart = DEFINED (__user_heap_base)?__user_heap_base:.)
                0x0000000010008000                PROVIDE (_vStackTop = DEFINED (__user_stack_top)?__user_stack_top:(__top_RamLoc32 - 0x0))
                [!provide]                        PROVIDE (__valid_user_code_checksum = (0x0 - ((((((_vStackTop + (ResetISR + 0x1)) + (NMI_Handler + 0x1)) + (HardFault_Handler + 0x1)) + (DEFINED (MemManage_Handler)?MemManage_Handler:0x0 + 0x1)) + (DEFINED (BusFault_Handler)?BusFault_Handler:0x0 + 0x1)) + (DEFINED (UsageFault_Handler)?UsageFault_Handler:0x0 + 0x1))))
                0x0000000000000000                _image_start = LOADADDR (.text)
                0x00000000000044d4                _image_end = (LOADADDR (.data) + SIZEOF (.data))
                0x00000000000044d4                _image_size = (_image_end - _image_start)
OUTPUT(gameEngine.axf elf32-littlearm)

.debug_info     0x0000000000000000     0x71df
 .debug_info    0x0000000000000000      0x272 ./src/src/cr_startup_lpc175x_6x.o
 .debug_info    0x0000000000000272      0x2fb ./src/src/gameEngine.o
 .debug_info    0x000000000000056d      0x250 ./src/src/sysinit.o
 .debug_info    0x00000000000007bd      0x2f8 ./freertos/src/FreeRTOSCommonHooks.o
 .debug_info    0x0000000000000ab5      0x282 ./freertos/src/heap_3.o
 .debug_info    0x0000000000000d37      0x439 ./freertos/src/list.o
 .debug_info    0x0000000000001170      0x53e ./freertos/src/port.o
 .debug_info    0x00000000000016ae     0x1436 ./freertos/src/tasks.o
 .debug_info    0x0000000000002ae4     0x1652 /home/andres/Documents/EMBT/Term3/Ese3025/EmbeddedGame/GameEngine/lpc_board_nxp_lpcxpresso_1769/Debug/liblpc_board_nxp_lpcxpresso_1769.a(board.o)
 .debug_info    0x0000000000004136      0x71d /home/andres/Documents/EMBT/Term3/Ese3025/EmbeddedGame/GameEngine/lpc_board_nxp_lpcxpresso_1769/Debug/liblpc_board_nxp_lpcxpresso_1769.a(board_sysinit.o)
 .debug_info    0x0000000000004853      0x591 /home/andres/Documents/EMBT/Term3/Ese3025/EmbeddedGame/GameEngine/lpc_chip_175x_6x/Debug/liblpc_chip_175x_6x.a(chip_17xx_40xx.o)
 .debug_info    0x0000000000004de4      0xc2a /home/andres/Documents/EMBT/Term3/Ese3025/EmbeddedGame/GameEngine/lpc_chip_175x_6x/Debug/liblpc_chip_175x_6x.a(clock_17xx_40xx.o)
 .debug_info    0x0000000000005a0e      0x347 /home/andres/Documents/EMBT/Term3/Ese3025/EmbeddedGame/GameEngine/lpc_chip_175x_6x/Debug/liblpc_chip_175x_6x.a(iocon_17xx_40xx.o)
 .debug_info    0x0000000000005d55      0x4b0 /home/andres/Documents/EMBT/Term3/Ese3025/EmbeddedGame/GameEngine/lpc_chip_175x_6x/Debug/liblpc_chip_175x_6x.a(sysinit_17xx_40xx.o)
 .debug_info    0x0000000000006205      0xfda /home/andres/Documents/EMBT/Term3/Ese3025/EmbeddedGame/GameEngine/lpc_chip_175x_6x/Debug/liblpc_chip_175x_6x.a(uart_17xx_40xx.o)

.debug_abbrev   0x0000000000000000     0x1cbf
 .debug_abbrev  0x0000000000000000      0x117 ./src/src/cr_startup_lpc175x_6x.o
 .debug_abbrev  0x0000000000000117      0x130 ./src/src/gameEngine.o
 .debug_abbrev  0x0000000000000247       0xeb ./src/src/sysinit.o
 .debug_abbrev  0x0000000000000332      0x181 ./freertos/src/FreeRTOSCommonHooks.o
 .debug_abbrev  0x00000000000004b3      0x12b ./freertos/src/heap_3.o
 .debug_abbrev  0x00000000000005de      0x136 ./freertos/src/list.o
 .debug_abbrev  0x0000000000000714      0x243 ./freertos/src/port.o
 .debug_abbrev  0x0000000000000957      0x291 ./freertos/src/tasks.o
 .debug_abbrev  0x0000000000000be8      0x413 /home/andres/Documents/EMBT/Term3/Ese3025/EmbeddedGame/GameEngine/lpc_board_nxp_lpcxpresso_1769/Debug/liblpc_board_nxp_lpcxpresso_1769.a(board.o)
 .debug_abbrev  0x0000000000000ffb      0x1a2 /home/andres/Documents/EMBT/Term3/Ese3025/EmbeddedGame/GameEngine/lpc_board_nxp_lpcxpresso_1769/Debug/liblpc_board_nxp_lpcxpresso_1769.a(board_sysinit.o)
 .debug_abbrev  0x000000000000119d      0x16d /home/andres/Documents/EMBT/Term3/Ese3025/EmbeddedGame/GameEngine/lpc_chip_175x_6x/Debug/liblpc_chip_175x_6x.a(chip_17xx_40xx.o)
 .debug_abbrev  0x000000000000130a      0x34d /home/andres/Documents/EMBT/Term3/Ese3025/EmbeddedGame/GameEngine/lpc_chip_175x_6x/Debug/liblpc_chip_175x_6x.a(clock_17xx_40xx.o)
 .debug_abbrev  0x0000000000001657      0x164 /home/andres/Documents/EMBT/Term3/Ese3025/EmbeddedGame/GameEngine/lpc_chip_175x_6x/Debug/liblpc_chip_175x_6x.a(iocon_17xx_40xx.o)
 .debug_abbrev  0x00000000000017bb      0x1b0 /home/andres/Documents/EMBT/Term3/Ese3025/EmbeddedGame/GameEngine/lpc_chip_175x_6x/Debug/liblpc_chip_175x_6x.a(sysinit_17xx_40xx.o)
 .debug_abbrev  0x000000000000196b      0x354 /home/andres/Documents/EMBT/Term3/Ese3025/EmbeddedGame/GameEngine/lpc_chip_175x_6x/Debug/liblpc_chip_175x_6x.a(uart_17xx_40xx.o)

.debug_aranges  0x0000000000000000      0x830
 .debug_aranges
                0x0000000000000000       0x80 ./src/src/cr_startup_lpc175x_6x.o
 .debug_aranges
                0x0000000000000080       0x40 ./src/src/gameEngine.o
 .debug_aranges
                0x00000000000000c0       0x20 ./src/src/sysinit.o
 .debug_aranges
                0x00000000000000e0       0x40 ./freertos/src/FreeRTOSCommonHooks.o
 .debug_aranges
                0x0000000000000120       0x28 ./freertos/src/heap_3.o
 .debug_aranges
                0x0000000000000148       0x40 ./freertos/src/list.o
 .debug_aranges
                0x0000000000000188       0x90 ./freertos/src/port.o
 .debug_aranges
                0x0000000000000218      0x170 ./freertos/src/tasks.o
 .debug_aranges
                0x0000000000000388      0x160 /home/andres/Documents/EMBT/Term3/Ese3025/EmbeddedGame/GameEngine/lpc_board_nxp_lpcxpresso_1769/Debug/liblpc_board_nxp_lpcxpresso_1769.a(board.o)
 .debug_aranges
                0x00000000000004e8       0x38 /home/andres/Documents/EMBT/Term3/Ese3025/EmbeddedGame/GameEngine/lpc_board_nxp_lpcxpresso_1769/Debug/liblpc_board_nxp_lpcxpresso_1769.a(board_sysinit.o)
 .debug_aranges
                0x0000000000000520       0x38 /home/andres/Documents/EMBT/Term3/Ese3025/EmbeddedGame/GameEngine/lpc_chip_175x_6x/Debug/liblpc_chip_175x_6x.a(chip_17xx_40xx.o)
 .debug_aranges
                0x0000000000000558      0x120 /home/andres/Documents/EMBT/Term3/Ese3025/EmbeddedGame/GameEngine/lpc_chip_175x_6x/Debug/liblpc_chip_175x_6x.a(clock_17xx_40xx.o)
 .debug_aranges
                0x0000000000000678       0x30 /home/andres/Documents/EMBT/Term3/Ese3025/EmbeddedGame/GameEngine/lpc_chip_175x_6x/Debug/liblpc_chip_175x_6x.a(iocon_17xx_40xx.o)
 .debug_aranges
                0x00000000000006a8       0x60 /home/andres/Documents/EMBT/Term3/Ese3025/EmbeddedGame/GameEngine/lpc_chip_175x_6x/Debug/liblpc_chip_175x_6x.a(sysinit_17xx_40xx.o)
 .debug_aranges
                0x0000000000000708      0x128 /home/andres/Documents/EMBT/Term3/Ese3025/EmbeddedGame/GameEngine/lpc_chip_175x_6x/Debug/liblpc_chip_175x_6x.a(uart_17xx_40xx.o)

.debug_ranges   0x0000000000000000      0x740
 .debug_ranges  0x0000000000000000       0x70 ./src/src/cr_startup_lpc175x_6x.o
 .debug_ranges  0x0000000000000070       0x30 ./src/src/gameEngine.o
 .debug_ranges  0x00000000000000a0       0x10 ./src/src/sysinit.o
 .debug_ranges  0x00000000000000b0       0x30 ./freertos/src/FreeRTOSCommonHooks.o
 .debug_ranges  0x00000000000000e0       0x18 ./freertos/src/heap_3.o
 .debug_ranges  0x00000000000000f8       0x30 ./freertos/src/list.o
 .debug_ranges  0x0000000000000128       0x80 ./freertos/src/port.o
 .debug_ranges  0x00000000000001a8      0x160 ./freertos/src/tasks.o
 .debug_ranges  0x0000000000000308      0x150 /home/andres/Documents/EMBT/Term3/Ese3025/EmbeddedGame/GameEngine/lpc_board_nxp_lpcxpresso_1769/Debug/liblpc_board_nxp_lpcxpresso_1769.a(board.o)
 .debug_ranges  0x0000000000000458       0x28 /home/andres/Documents/EMBT/Term3/Ese3025/EmbeddedGame/GameEngine/lpc_board_nxp_lpcxpresso_1769/Debug/liblpc_board_nxp_lpcxpresso_1769.a(board_sysinit.o)
 .debug_ranges  0x0000000000000480       0x28 /home/andres/Documents/EMBT/Term3/Ese3025/EmbeddedGame/GameEngine/lpc_chip_175x_6x/Debug/liblpc_chip_175x_6x.a(chip_17xx_40xx.o)
 .debug_ranges  0x00000000000004a8      0x110 /home/andres/Documents/EMBT/Term3/Ese3025/EmbeddedGame/GameEngine/lpc_chip_175x_6x/Debug/liblpc_chip_175x_6x.a(clock_17xx_40xx.o)
 .debug_ranges  0x00000000000005b8       0x20 /home/andres/Documents/EMBT/Term3/Ese3025/EmbeddedGame/GameEngine/lpc_chip_175x_6x/Debug/liblpc_chip_175x_6x.a(iocon_17xx_40xx.o)
 .debug_ranges  0x00000000000005d8       0x50 /home/andres/Documents/EMBT/Term3/Ese3025/EmbeddedGame/GameEngine/lpc_chip_175x_6x/Debug/liblpc_chip_175x_6x.a(sysinit_17xx_40xx.o)
 .debug_ranges  0x0000000000000628      0x118 /home/andres/Documents/EMBT/Term3/Ese3025/EmbeddedGame/GameEngine/lpc_chip_175x_6x/Debug/liblpc_chip_175x_6x.a(uart_17xx_40xx.o)

.debug_macro    0x0000000000000000     0x62af
 .debug_macro   0x0000000000000000       0x1d ./src/src/cr_startup_lpc175x_6x.o
 .debug_macro   0x000000000000001d      0xa9c ./src/src/cr_startup_lpc175x_6x.o
 .debug_macro   0x0000000000000ab9      0x28c ./src/src/gameEngine.o
 .debug_macro   0x0000000000000d45       0x10 ./src/src/gameEngine.o
 .debug_macro   0x0000000000000d55      0x12e ./src/src/gameEngine.o
 .debug_macro   0x0000000000000e83      0x5b3 ./src/src/gameEngine.o
 .debug_macro   0x0000000000001436       0x22 ./src/src/gameEngine.o
 .debug_macro   0x0000000000001458       0x7b ./src/src/gameEngine.o
 .debug_macro   0x00000000000014d3       0x10 ./src/src/gameEngine.o
 .debug_macro   0x00000000000014e3       0x2d ./src/src/gameEngine.o
 .debug_macro   0x0000000000001510       0x3a ./src/src/gameEngine.o
 .debug_macro   0x000000000000154a       0x2d ./src/src/gameEngine.o
 .debug_macro   0x0000000000001577      0xbb1 ./src/src/gameEngine.o
 .debug_macro   0x0000000000002128      0x22c ./src/src/gameEngine.o
 .debug_macro   0x0000000000002354       0x42 ./src/src/gameEngine.o
 .debug_macro   0x0000000000002396       0x52 ./src/src/gameEngine.o
 .debug_macro   0x00000000000023e8       0x78 ./src/src/gameEngine.o
 .debug_macro   0x0000000000002460       0x82 ./src/src/gameEngine.o
 .debug_macro   0x00000000000024e2      0x48c ./src/src/gameEngine.o
 .debug_macro   0x000000000000296e       0x34 ./src/src/gameEngine.o
 .debug_macro   0x00000000000029a2      0x4c5 ./src/src/gameEngine.o
 .debug_macro   0x0000000000002e67      0x1b7 ./src/src/gameEngine.o
 .debug_macro   0x000000000000301e       0x10 ./src/src/gameEngine.o
 .debug_macro   0x000000000000302e      0x21b ./src/src/gameEngine.o
 .debug_macro   0x0000000000003249      0x1b9 ./src/src/gameEngine.o
 .debug_macro   0x0000000000003402       0x40 ./src/src/gameEngine.o
 .debug_macro   0x0000000000003442       0x22 ./src/src/gameEngine.o
 .debug_macro   0x0000000000003464      0x162 ./src/src/gameEngine.o
 .debug_macro   0x00000000000035c6       0x94 ./src/src/gameEngine.o
 .debug_macro   0x000000000000365a       0xb8 ./src/src/gameEngine.o
 .debug_macro   0x0000000000003712       0x4c ./src/src/gameEngine.o
 .debug_macro   0x000000000000375e       0x16 ./src/src/gameEngine.o
 .debug_macro   0x0000000000003774      0x328 ./src/src/gameEngine.o
 .debug_macro   0x0000000000003a9c       0x49 ./src/src/gameEngine.o
 .debug_macro   0x0000000000003ae5       0x16 ./src/src/gameEngine.o
 .debug_macro   0x0000000000003afb       0xca ./src/src/gameEngine.o
 .debug_macro   0x0000000000003bc5       0x18 ./src/src/gameEngine.o
 .debug_macro   0x0000000000003bdd       0x70 ./src/src/gameEngine.o
 .debug_macro   0x0000000000003c4d       0x9a ./src/src/gameEngine.o
 .debug_macro   0x0000000000003ce7       0x20 ./src/src/gameEngine.o
 .debug_macro   0x0000000000003d07       0x28 ./src/src/gameEngine.o
 .debug_macro   0x0000000000003d2f       0x10 ./src/src/gameEngine.o
 .debug_macro   0x0000000000003d3f       0x46 ./src/src/gameEngine.o
 .debug_macro   0x0000000000003d85       0xf4 ./src/src/gameEngine.o
 .debug_macro   0x0000000000003e79       0xab ./src/src/gameEngine.o
 .debug_macro   0x0000000000003f24       0x12 ./src/src/gameEngine.o
 .debug_macro   0x0000000000003f36       0x1f ./src/src/gameEngine.o
 .debug_macro   0x0000000000003f55      0x257 ./src/src/gameEngine.o
 .debug_macro   0x00000000000041ac       0x64 ./src/src/gameEngine.o
 .debug_macro   0x0000000000004210       0x57 ./src/src/gameEngine.o
 .debug_macro   0x0000000000004267      0x217 ./src/src/sysinit.o
 .debug_macro   0x000000000000447e      0x29c ./freertos/src/FreeRTOSCommonHooks.o
 .debug_macro   0x000000000000471a       0x16 ./freertos/src/FreeRTOSCommonHooks.o
 .debug_macro   0x0000000000004730       0x74 ./freertos/src/FreeRTOSCommonHooks.o
 .debug_macro   0x00000000000047a4       0x11 ./freertos/src/FreeRTOSCommonHooks.o
 .debug_macro   0x00000000000047b5       0xee ./freertos/src/FreeRTOSCommonHooks.o
 .debug_macro   0x00000000000048a3      0x2b2 ./freertos/src/heap_3.o
 .debug_macro   0x0000000000004b55       0x28 ./freertos/src/heap_3.o
 .debug_macro   0x0000000000004b7d      0x297 ./freertos/src/list.o
 .debug_macro   0x0000000000004e14      0x329 ./freertos/src/port.o
 .debug_macro   0x000000000000513d      0x336 ./freertos/src/tasks.o
 .debug_macro   0x0000000000005473       0x5b ./freertos/src/tasks.o
 .debug_macro   0x00000000000054ce       0x16 ./freertos/src/tasks.o
 .debug_macro   0x00000000000054e4      0x2a1 /home/andres/Documents/EMBT/Term3/Ese3025/EmbeddedGame/GameEngine/lpc_board_nxp_lpcxpresso_1769/Debug/liblpc_board_nxp_lpcxpresso_1769.a(board.o)
 .debug_macro   0x0000000000005785       0x12 /home/andres/Documents/EMBT/Term3/Ese3025/EmbeddedGame/GameEngine/lpc_board_nxp_lpcxpresso_1769/Debug/liblpc_board_nxp_lpcxpresso_1769.a(board.o)
 .debug_macro   0x0000000000005797      0x217 /home/andres/Documents/EMBT/Term3/Ese3025/EmbeddedGame/GameEngine/lpc_board_nxp_lpcxpresso_1769/Debug/liblpc_board_nxp_lpcxpresso_1769.a(board_sysinit.o)
 .debug_macro   0x00000000000059ae      0x1cd /home/andres/Documents/EMBT/Term3/Ese3025/EmbeddedGame/GameEngine/lpc_chip_175x_6x/Debug/liblpc_chip_175x_6x.a(chip_17xx_40xx.o)
 .debug_macro   0x0000000000005b7b      0x1cd /home/andres/Documents/EMBT/Term3/Ese3025/EmbeddedGame/GameEngine/lpc_chip_175x_6x/Debug/liblpc_chip_175x_6x.a(clock_17xx_40xx.o)
 .debug_macro   0x0000000000005d48      0x1cd /home/andres/Documents/EMBT/Term3/Ese3025/EmbeddedGame/GameEngine/lpc_chip_175x_6x/Debug/liblpc_chip_175x_6x.a(iocon_17xx_40xx.o)
 .debug_macro   0x0000000000005f15      0x1cd /home/andres/Documents/EMBT/Term3/Ese3025/EmbeddedGame/GameEngine/lpc_chip_175x_6x/Debug/liblpc_chip_175x_6x.a(sysinit_17xx_40xx.o)
 .debug_macro   0x00000000000060e2      0x1cd /home/andres/Documents/EMBT/Term3/Ese3025/EmbeddedGame/GameEngine/lpc_chip_175x_6x/Debug/liblpc_chip_175x_6x.a(uart_17xx_40xx.o)

.debug_line     0x0000000000000000     0x7445
 .debug_line    0x0000000000000000      0x164 ./src/src/cr_startup_lpc175x_6x.o
 .debug_line    0x0000000000000164      0x719 ./src/src/gameEngine.o
 .debug_line    0x000000000000087d      0x534 ./src/src/sysinit.o
 .debug_line    0x0000000000000db1      0x703 ./freertos/src/FreeRTOSCommonHooks.o
 .debug_line    0x00000000000014b4      0x6a5 ./freertos/src/heap_3.o
 .debug_line    0x0000000000001b59      0x76e ./freertos/src/list.o
 .debug_line    0x00000000000022c7      0x936 ./freertos/src/port.o
 .debug_line    0x0000000000002bfd     0x1351 ./freertos/src/tasks.o
 .debug_line    0x0000000000003f4e      0xaeb /home/andres/Documents/EMBT/Term3/Ese3025/EmbeddedGame/GameEngine/lpc_board_nxp_lpcxpresso_1769/Debug/liblpc_board_nxp_lpcxpresso_1769.a(board.o)
 .debug_line    0x0000000000004a39      0x589 /home/andres/Documents/EMBT/Term3/Ese3025/EmbeddedGame/GameEngine/lpc_board_nxp_lpcxpresso_1769/Debug/liblpc_board_nxp_lpcxpresso_1769.a(board_sysinit.o)
 .debug_line    0x0000000000004fc2      0x52e /home/andres/Documents/EMBT/Term3/Ese3025/EmbeddedGame/GameEngine/lpc_chip_175x_6x/Debug/liblpc_chip_175x_6x.a(chip_17xx_40xx.o)
 .debug_line    0x00000000000054f0      0x995 /home/andres/Documents/EMBT/Term3/Ese3025/EmbeddedGame/GameEngine/lpc_chip_175x_6x/Debug/liblpc_chip_175x_6x.a(clock_17xx_40xx.o)
 .debug_line    0x0000000000005e85      0x54a /home/andres/Documents/EMBT/Term3/Ese3025/EmbeddedGame/GameEngine/lpc_chip_175x_6x/Debug/liblpc_chip_175x_6x.a(iocon_17xx_40xx.o)
 .debug_line    0x00000000000063cf      0x607 /home/andres/Documents/EMBT/Term3/Ese3025/EmbeddedGame/GameEngine/lpc_chip_175x_6x/Debug/liblpc_chip_175x_6x.a(sysinit_17xx_40xx.o)
 .debug_line    0x00000000000069d6      0xa6f /home/andres/Documents/EMBT/Term3/Ese3025/EmbeddedGame/GameEngine/lpc_chip_175x_6x/Debug/liblpc_chip_175x_6x.a(uart_17xx_40xx.o)

.debug_str      0x0000000000000000    0x174e4
 .debug_str     0x0000000000000000     0x2f57 ./src/src/cr_startup_lpc175x_6x.o
                                       0x2f95 (size before relaxing)
 .debug_str     0x0000000000002f57    0x1065a ./src/src/gameEngine.o
                                      0x134ea (size before relaxing)
 .debug_str     0x00000000000135b1       0x1f ./src/src/sysinit.o
                                      0x11377 (size before relaxing)
 .debug_str     0x00000000000135d0       0xe7 ./freertos/src/FreeRTOSCommonHooks.o
                                      0x13531 (size before relaxing)
 .debug_str     0x00000000000136b7      0x103 ./freertos/src/heap_3.o
                                      0x13545 (size before relaxing)
 .debug_str     0x00000000000137ba      0x12e ./freertos/src/list.o
                                      0x1328a (size before relaxing)
 .debug_str     0x00000000000138e8      0x8e9 ./freertos/src/port.o
                                      0x13d81 (size before relaxing)
 .debug_str     0x00000000000141d1     0x153a ./freertos/src/tasks.o
                                      0x14d4c (size before relaxing)
 .debug_str     0x000000000001570b      0xd8c /home/andres/Documents/EMBT/Term3/Ese3025/EmbeddedGame/GameEngine/lpc_board_nxp_lpcxpresso_1769/Debug/liblpc_board_nxp_lpcxpresso_1769.a(board.o)
                                      0x122b0 (size before relaxing)
 .debug_str     0x0000000000016497      0x22d /home/andres/Documents/EMBT/Term3/Ese3025/EmbeddedGame/GameEngine/lpc_board_nxp_lpcxpresso_1769/Debug/liblpc_board_nxp_lpcxpresso_1769.a(board_sysinit.o)
                                      0x1178e (size before relaxing)
 .debug_str     0x00000000000166c4       0xcc /home/andres/Documents/EMBT/Term3/Ese3025/EmbeddedGame/GameEngine/lpc_chip_175x_6x/Debug/liblpc_chip_175x_6x.a(chip_17xx_40xx.o)
                                      0x113de (size before relaxing)
 .debug_str     0x0000000000016790      0x857 /home/andres/Documents/EMBT/Term3/Ese3025/EmbeddedGame/GameEngine/lpc_chip_175x_6x/Debug/liblpc_chip_175x_6x.a(clock_17xx_40xx.o)
                                      0x11a5c (size before relaxing)
 .debug_str     0x0000000000016fe7       0x79 /home/andres/Documents/EMBT/Term3/Ese3025/EmbeddedGame/GameEngine/lpc_chip_175x_6x/Debug/liblpc_chip_175x_6x.a(iocon_17xx_40xx.o)
                                      0x10ed9 (size before relaxing)
 .debug_str     0x0000000000017060       0xc4 /home/andres/Documents/EMBT/Term3/Ese3025/EmbeddedGame/GameEngine/lpc_chip_175x_6x/Debug/liblpc_chip_175x_6x.a(sysinit_17xx_40xx.o)
                                      0x110c1 (size before relaxing)
 .debug_str     0x0000000000017124      0x3c0 /home/andres/Documents/EMBT/Term3/Ese3025/EmbeddedGame/GameEngine/lpc_chip_175x_6x/Debug/liblpc_chip_175x_6x.a(uart_17xx_40xx.o)
                                      0x11931 (size before relaxing)

.comment        0x0000000000000000       0x75
 .comment       0x0000000000000000       0x75 ./src/src/cr_startup_lpc175x_6x.o
                                         0x76 (size before relaxing)
 .comment       0x0000000000000075       0x76 ./src/src/gameEngine.o
 .comment       0x0000000000000075       0x76 ./src/src/sysinit.o
 .comment       0x0000000000000075       0x76 ./freertos/src/FreeRTOSCommonHooks.o
 .comment       0x0000000000000075       0x76 ./freertos/src/heap_3.o
 .comment       0x0000000000000075       0x76 ./freertos/src/list.o
 .comment       0x0000000000000075       0x76 ./freertos/src/port.o
 .comment       0x0000000000000075       0x76 ./freertos/src/tasks.o
 .comment       0x0000000000000075       0x76 /home/andres/Documents/EMBT/Term3/Ese3025/EmbeddedGame/GameEngine/lpc_board_nxp_lpcxpresso_1769/Debug/liblpc_board_nxp_lpcxpresso_1769.a(board.o)
 .comment       0x0000000000000075       0x76 /home/andres/Documents/EMBT/Term3/Ese3025/EmbeddedGame/GameEngine/lpc_board_nxp_lpcxpresso_1769/Debug/liblpc_board_nxp_lpcxpresso_1769.a(board_sysinit.o)
 .comment       0x0000000000000075       0x76 /home/andres/Documents/EMBT/Term3/Ese3025/EmbeddedGame/GameEngine/lpc_chip_175x_6x/Debug/liblpc_chip_175x_6x.a(chip_17xx_40xx.o)
 .comment       0x0000000000000075       0x76 /home/andres/Documents/EMBT/Term3/Ese3025/EmbeddedGame/GameEngine/lpc_chip_175x_6x/Debug/liblpc_chip_175x_6x.a(clock_17xx_40xx.o)
 .comment       0x0000000000000075       0x76 /home/andres/Documents/EMBT/Term3/Ese3025/EmbeddedGame/GameEngine/lpc_chip_175x_6x/Debug/liblpc_chip_175x_6x.a(iocon_17xx_40xx.o)
 .comment       0x0000000000000075       0x76 /home/andres/Documents/EMBT/Term3/Ese3025/EmbeddedGame/GameEngine/lpc_chip_175x_6x/Debug/liblpc_chip_175x_6x.a(sysinit_17xx_40xx.o)
 .comment       0x0000000000000075       0x76 /home/andres/Documents/EMBT/Term3/Ese3025/EmbeddedGame/GameEngine/lpc_chip_175x_6x/Debug/liblpc_chip_175x_6x.a(uart_17xx_40xx.o)
 .comment       0x0000000000000075       0x76 /usr/local/mcuxpressoide-11.0.1_2563/ide/plugins/com.nxp.mcuxpresso.tools.linux_11.0.1.201907311258/tools/bin/../lib/gcc/arm-none-eabi/8.2.1/../../../../arm-none-eabi/lib/thumb/v7-m/nofp/libcr_nohost.a(_cr__main.o)
 .comment       0x0000000000000075       0x76 /usr/local/mcuxpressoide-11.0.1_2563/ide/plugins/com.nxp.mcuxpresso.tools.linux_11.0.1.201907311258/tools/bin/../lib/gcc/arm-none-eabi/8.2.1/../../../../arm-none-eabi/lib/thumb/v7-m/nofp/libcr_c.a(memset.o)
 .comment       0x0000000000000075       0x76 /usr/local/mcuxpressoide-11.0.1_2563/ide/plugins/com.nxp.mcuxpresso.tools.linux_11.0.1.201907311258/tools/bin/../lib/gcc/arm-none-eabi/8.2.1/../../../../arm-none-eabi/lib/thumb/v7-m/nofp/libcr_c.a(alloc.o)
 .comment       0x0000000000000075       0x76 /usr/local/mcuxpressoide-11.0.1_2563/ide/plugins/com.nxp.mcuxpresso.tools.linux_11.0.1.201907311258/tools/bin/../lib/gcc/arm-none-eabi/8.2.1/../../../../arm-none-eabi/lib/thumb/v7-m/nofp/libcr_c.a(fpprintf.o)
 .comment       0x0000000000000075       0x76 /usr/local/mcuxpressoide-11.0.1_2563/ide/plugins/com.nxp.mcuxpresso.tools.linux_11.0.1.201907311258/tools/bin/../lib/gcc/arm-none-eabi/8.2.1/../../../../arm-none-eabi/lib/thumb/v7-m/nofp/libcr_c.a(initio.o)
 .comment       0x0000000000000075       0x76 /usr/local/mcuxpressoide-11.0.1_2563/ide/plugins/com.nxp.mcuxpresso.tools.linux_11.0.1.201907311258/tools/bin/../lib/gcc/arm-none-eabi/8.2.1/../../../../arm-none-eabi/lib/thumb/v7-m/nofp/libcr_c.a(printf.o)
 .comment       0x0000000000000075       0x76 /usr/local/mcuxpressoide-11.0.1_2563/ide/plugins/com.nxp.mcuxpresso.tools.linux_11.0.1.201907311258/tools/bin/../lib/gcc/arm-none-eabi/8.2.1/../../../../arm-none-eabi/lib/thumb/v7-m/nofp/libcr_c.a(setvbuf.o)
 .comment       0x0000000000000075       0x76 /usr/local/mcuxpressoide-11.0.1_2563/ide/plugins/com.nxp.mcuxpresso.tools.linux_11.0.1.201907311258/tools/bin/../lib/gcc/arm-none-eabi/8.2.1/../../../../arm-none-eabi/lib/thumb/v7-m/nofp/libcr_c.a(strlen.o)
 .comment       0x0000000000000075       0x76 /usr/local/mcuxpressoide-11.0.1_2563/ide/plugins/com.nxp.mcuxpresso.tools.linux_11.0.1.201907311258/tools/bin/../lib/gcc/arm-none-eabi/8.2.1/../../../../arm-none-eabi/lib/thumb/v7-m/nofp/libcr_c.a(__init_alloc.o)
 .comment       0x0000000000000075       0x76 /usr/local/mcuxpressoide-11.0.1_2563/ide/plugins/com.nxp.mcuxpresso.tools.linux_11.0.1.201907311258/tools/bin/../lib/gcc/arm-none-eabi/8.2.1/../../../../arm-none-eabi/lib/thumb/v7-m/nofp/libcr_c.a(_cr_sbrk.o)
 .comment       0x0000000000000075       0x76 /usr/local/mcuxpressoide-11.0.1_2563/ide/plugins/com.nxp.mcuxpresso.tools.linux_11.0.1.201907311258/tools/bin/../lib/gcc/arm-none-eabi/8.2.1/../../../../arm-none-eabi/lib/thumb/v7-m/nofp/libcr_c.a(_deferredlazyseek.o)
 .comment       0x0000000000000075       0x76 /usr/local/mcuxpressoide-11.0.1_2563/ide/plugins/com.nxp.mcuxpresso.tools.linux_11.0.1.201907311258/tools/bin/../lib/gcc/arm-none-eabi/8.2.1/../../../../arm-none-eabi/lib/thumb/v7-m/nofp/libcr_c.a(_fdopen.o)
 .comment       0x0000000000000075       0x76 /usr/local/mcuxpressoide-11.0.1_2563/ide/plugins/com.nxp.mcuxpresso.tools.linux_11.0.1.201907311258/tools/bin/../lib/gcc/arm-none-eabi/8.2.1/../../../../arm-none-eabi/lib/thumb/v7-m/nofp/libcr_c.a(_fflush.o)
 .comment       0x0000000000000075       0x76 /usr/local/mcuxpressoide-11.0.1_2563/ide/plugins/com.nxp.mcuxpresso.tools.linux_11.0.1.201907311258/tools/bin/../lib/gcc/arm-none-eabi/8.2.1/../../../../arm-none-eabi/lib/thumb/v7-m/nofp/libcr_c.a(_frexpl.o)
 .comment       0x0000000000000075       0x76 /usr/local/mcuxpressoide-11.0.1_2563/ide/plugins/com.nxp.mcuxpresso.tools.linux_11.0.1.201907311258/tools/bin/../lib/gcc/arm-none-eabi/8.2.1/../../../../arm-none-eabi/lib/thumb/v7-m/nofp/libcr_c.a(_ldexpl.o)
 .comment       0x0000000000000075       0x76 /usr/local/mcuxpressoide-11.0.1_2563/ide/plugins/com.nxp.mcuxpresso.tools.linux_11.0.1.201907311258/tools/bin/../lib/gcc/arm-none-eabi/8.2.1/../../../../arm-none-eabi/lib/thumb/v7-m/nofp/libcr_c.a(_writebuf.o)
 .comment       0x0000000000000075       0x76 /usr/local/mcuxpressoide-11.0.1_2563/ide/plugins/com.nxp.mcuxpresso.tools.linux_11.0.1.201907311258/tools/bin/../lib/gcc/arm-none-eabi/8.2.1/../../../../arm-none-eabi/lib/thumb/v7-m/nofp/libcr_c.a(errno.o)
 .comment       0x0000000000000075       0x76 /usr/local/mcuxpressoide-11.0.1_2563/ide/plugins/com.nxp.mcuxpresso.tools.linux_11.0.1.201907311258/tools/bin/../lib/gcc/arm-none-eabi/8.2.1/../../../../arm-none-eabi/lib/thumb/v7-m/nofp/libcr_c.a(fclose.o)
 .comment       0x0000000000000075       0x76 /usr/local/mcuxpressoide-11.0.1_2563/ide/plugins/com.nxp.mcuxpresso.tools.linux_11.0.1.201907311258/tools/bin/../lib/gcc/arm-none-eabi/8.2.1/../../../../arm-none-eabi/lib/thumb/v7-m/nofp/libcr_c.a(fflush.o)
 .comment       0x0000000000000075       0x76 /usr/local/mcuxpressoide-11.0.1_2563/ide/plugins/com.nxp.mcuxpresso.tools.linux_11.0.1.201907311258/tools/bin/../lib/gcc/arm-none-eabi/8.2.1/../../../../arm-none-eabi/lib/thumb/v7-m/nofp/libcr_c.a(fseek.o)
 .comment       0x0000000000000075       0x76 /usr/local/mcuxpressoide-11.0.1_2563/ide/plugins/com.nxp.mcuxpresso.tools.linux_11.0.1.201907311258/tools/bin/../lib/gcc/arm-none-eabi/8.2.1/../../../../arm-none-eabi/lib/thumb/v7-m/nofp/libcr_c.a(ftell.o)
 .comment       0x0000000000000075       0x76 /usr/local/mcuxpressoide-11.0.1_2563/ide/plugins/com.nxp.mcuxpresso.tools.linux_11.0.1.201907311258/tools/bin/../lib/gcc/arm-none-eabi/8.2.1/../../../../arm-none-eabi/lib/thumb/v7-m/nofp/libcr_c.a(remove.o)
 .comment       0x0000000000000075       0x76 /usr/local/mcuxpressoide-11.0.1_2563/ide/plugins/com.nxp.mcuxpresso.tools.linux_11.0.1.201907311258/tools/bin/../lib/gcc/arm-none-eabi/8.2.1/../../../../arm-none-eabi/lib/thumb/v7-m/nofp/libcr_c.a(_cr_check_heap.o)
 .comment       0x0000000000000075       0x76 /usr/local/mcuxpressoide-11.0.1_2563/ide/plugins/com.nxp.mcuxpresso.tools.linux_11.0.1.201907311258/tools/bin/../lib/gcc/arm-none-eabi/8.2.1/../../../../arm-none-eabi/lib/thumb/v7-m/nofp/libcr_c.a(_do_fflush.o)
 .comment       0x0000000000000075       0x76 /usr/local/mcuxpressoide-11.0.1_2563/ide/plugins/com.nxp.mcuxpresso.tools.linux_11.0.1.201907311258/tools/bin/../lib/gcc/arm-none-eabi/8.2.1/thumb/v7-m/nofp/libcr_eabihelpers.a(double.o)
 .comment       0x0000000000000075       0x76 /usr/local/mcuxpressoide-11.0.1_2563/ide/plugins/com.nxp.mcuxpresso.tools.linux_11.0.1.201907311258/tools/bin/../lib/gcc/arm-none-eabi/8.2.1/../../../../arm-none-eabi/lib/thumb/v7-m/nofp/libcr_nohost.a(__ciob.o)
 .comment       0x0000000000000075       0x76 /usr/local/mcuxpressoide-11.0.1_2563/ide/plugins/com.nxp.mcuxpresso.tools.linux_11.0.1.201907311258/tools/bin/../lib/gcc/arm-none-eabi/8.2.1/../../../../arm-none-eabi/lib/thumb/v7-m/nofp/libcr_nohost.a(__sys_appexit.o)
 .comment       0x0000000000000075       0x76 /usr/local/mcuxpressoide-11.0.1_2563/ide/plugins/com.nxp.mcuxpresso.tools.linux_11.0.1.201907311258/tools/bin/../lib/gcc/arm-none-eabi/8.2.1/../../../../arm-none-eabi/lib/thumb/v7-m/nofp/libcr_nohost.a(__sys_close.o)
 .comment       0x0000000000000075       0x76 /usr/local/mcuxpressoide-11.0.1_2563/ide/plugins/com.nxp.mcuxpresso.tools.linux_11.0.1.201907311258/tools/bin/../lib/gcc/arm-none-eabi/8.2.1/../../../../arm-none-eabi/lib/thumb/v7-m/nofp/libcr_nohost.a(__sys_flen.o)
 .comment       0x0000000000000075       0x76 /usr/local/mcuxpressoide-11.0.1_2563/ide/plugins/com.nxp.mcuxpresso.tools.linux_11.0.1.201907311258/tools/bin/../lib/gcc/arm-none-eabi/8.2.1/../../../../arm-none-eabi/lib/thumb/v7-m/nofp/libcr_nohost.a(__sys_istty.o)
 .comment       0x0000000000000075       0x76 /usr/local/mcuxpressoide-11.0.1_2563/ide/plugins/com.nxp.mcuxpresso.tools.linux_11.0.1.201907311258/tools/bin/../lib/gcc/arm-none-eabi/8.2.1/../../../../arm-none-eabi/lib/thumb/v7-m/nofp/libcr_nohost.a(__sys_remove.o)
 .comment       0x0000000000000075       0x76 /usr/local/mcuxpressoide-11.0.1_2563/ide/plugins/com.nxp.mcuxpresso.tools.linux_11.0.1.201907311258/tools/bin/../lib/gcc/arm-none-eabi/8.2.1/../../../../arm-none-eabi/lib/thumb/v7-m/nofp/libcr_nohost.a(__sys_seek.o)
 .comment       0x0000000000000075       0x76 /usr/local/mcuxpressoide-11.0.1_2563/ide/plugins/com.nxp.mcuxpresso.tools.linux_11.0.1.201907311258/tools/bin/../lib/gcc/arm-none-eabi/8.2.1/../../../../arm-none-eabi/lib/thumb/v7-m/nofp/libcr_nohost.a(__sys_tmpnam.o)

.ARM.attributes
                0x0000000000000000       0x2b
 .ARM.attributes
                0x0000000000000000       0x2d ./src/src/cr_startup_lpc175x_6x.o
 .ARM.attributes
                0x000000000000002d       0x2d ./src/src/gameEngine.o
 .ARM.attributes
                0x000000000000005a       0x2d ./src/src/sysinit.o
 .ARM.attributes
                0x0000000000000087       0x2d ./freertos/src/FreeRTOSCommonHooks.o
 .ARM.attributes
                0x00000000000000b4       0x2d ./freertos/src/heap_3.o
 .ARM.attributes
                0x00000000000000e1       0x2d ./freertos/src/list.o
 .ARM.attributes
                0x000000000000010e       0x2d ./freertos/src/port.o
 .ARM.attributes
                0x000000000000013b       0x2d ./freertos/src/tasks.o
 .ARM.attributes
                0x0000000000000168       0x2d /home/andres/Documents/EMBT/Term3/Ese3025/EmbeddedGame/GameEngine/lpc_board_nxp_lpcxpresso_1769/Debug/liblpc_board_nxp_lpcxpresso_1769.a(board.o)
 .ARM.attributes
                0x0000000000000195       0x2d /home/andres/Documents/EMBT/Term3/Ese3025/EmbeddedGame/GameEngine/lpc_board_nxp_lpcxpresso_1769/Debug/liblpc_board_nxp_lpcxpresso_1769.a(board_sysinit.o)
 .ARM.attributes
                0x00000000000001c2       0x2d /home/andres/Documents/EMBT/Term3/Ese3025/EmbeddedGame/GameEngine/lpc_chip_175x_6x/Debug/liblpc_chip_175x_6x.a(chip_17xx_40xx.o)
 .ARM.attributes
                0x00000000000001ef       0x2d /home/andres/Documents/EMBT/Term3/Ese3025/EmbeddedGame/GameEngine/lpc_chip_175x_6x/Debug/liblpc_chip_175x_6x.a(clock_17xx_40xx.o)
 .ARM.attributes
                0x000000000000021c       0x2d /home/andres/Documents/EMBT/Term3/Ese3025/EmbeddedGame/GameEngine/lpc_chip_175x_6x/Debug/liblpc_chip_175x_6x.a(iocon_17xx_40xx.o)
 .ARM.attributes
                0x0000000000000249       0x2d /home/andres/Documents/EMBT/Term3/Ese3025/EmbeddedGame/GameEngine/lpc_chip_175x_6x/Debug/liblpc_chip_175x_6x.a(sysinit_17xx_40xx.o)
 .ARM.attributes
                0x0000000000000276       0x2d /home/andres/Documents/EMBT/Term3/Ese3025/EmbeddedGame/GameEngine/lpc_chip_175x_6x/Debug/liblpc_chip_175x_6x.a(uart_17xx_40xx.o)
 .ARM.attributes
                0x00000000000002a3       0x2d /usr/local/mcuxpressoide-11.0.1_2563/ide/plugins/com.nxp.mcuxpresso.tools.linux_11.0.1.201907311258/tools/bin/../lib/gcc/arm-none-eabi/8.2.1/../../../../arm-none-eabi/lib/thumb/v7-m/nofp/libcr_nohost.a(_cr__main.o)
 .ARM.attributes
                0x00000000000002d0       0x2d /usr/local/mcuxpressoide-11.0.1_2563/ide/plugins/com.nxp.mcuxpresso.tools.linux_11.0.1.201907311258/tools/bin/../lib/gcc/arm-none-eabi/8.2.1/../../../../arm-none-eabi/lib/thumb/v7-m/nofp/libcr_c.a(memset.o)
 .ARM.attributes
                0x00000000000002fd       0x2d /usr/local/mcuxpressoide-11.0.1_2563/ide/plugins/com.nxp.mcuxpresso.tools.linux_11.0.1.201907311258/tools/bin/../lib/gcc/arm-none-eabi/8.2.1/../../../../arm-none-eabi/lib/thumb/v7-m/nofp/libcr_c.a(alloc.o)
 .ARM.attributes
                0x000000000000032a       0x2d /usr/local/mcuxpressoide-11.0.1_2563/ide/plugins/com.nxp.mcuxpresso.tools.linux_11.0.1.201907311258/tools/bin/../lib/gcc/arm-none-eabi/8.2.1/../../../../arm-none-eabi/lib/thumb/v7-m/nofp/libcr_c.a(fpprintf.o)
 .ARM.attributes
                0x0000000000000357       0x2d /usr/local/mcuxpressoide-11.0.1_2563/ide/plugins/com.nxp.mcuxpresso.tools.linux_11.0.1.201907311258/tools/bin/../lib/gcc/arm-none-eabi/8.2.1/../../../../arm-none-eabi/lib/thumb/v7-m/nofp/libcr_c.a(initio.o)
 .ARM.attributes
                0x0000000000000384       0x2d /usr/local/mcuxpressoide-11.0.1_2563/ide/plugins/com.nxp.mcuxpresso.tools.linux_11.0.1.201907311258/tools/bin/../lib/gcc/arm-none-eabi/8.2.1/../../../../arm-none-eabi/lib/thumb/v7-m/nofp/libcr_c.a(printf.o)
 .ARM.attributes
                0x00000000000003b1       0x2d /usr/local/mcuxpressoide-11.0.1_2563/ide/plugins/com.nxp.mcuxpresso.tools.linux_11.0.1.201907311258/tools/bin/../lib/gcc/arm-none-eabi/8.2.1/../../../../arm-none-eabi/lib/thumb/v7-m/nofp/libcr_c.a(setvbuf.o)
 .ARM.attributes
                0x00000000000003de       0x2d /usr/local/mcuxpressoide-11.0.1_2563/ide/plugins/com.nxp.mcuxpresso.tools.linux_11.0.1.201907311258/tools/bin/../lib/gcc/arm-none-eabi/8.2.1/../../../../arm-none-eabi/lib/thumb/v7-m/nofp/libcr_c.a(strlen.o)
 .ARM.attributes
                0x000000000000040b       0x2d /usr/local/mcuxpressoide-11.0.1_2563/ide/plugins/com.nxp.mcuxpresso.tools.linux_11.0.1.201907311258/tools/bin/../lib/gcc/arm-none-eabi/8.2.1/../../../../arm-none-eabi/lib/thumb/v7-m/nofp/libcr_c.a(__init_alloc.o)
 .ARM.attributes
                0x0000000000000438       0x2d /usr/local/mcuxpressoide-11.0.1_2563/ide/plugins/com.nxp.mcuxpresso.tools.linux_11.0.1.201907311258/tools/bin/../lib/gcc/arm-none-eabi/8.2.1/../../../../arm-none-eabi/lib/thumb/v7-m/nofp/libcr_c.a(_cr_sbrk.o)
 .ARM.attributes
                0x0000000000000465       0x2d /usr/local/mcuxpressoide-11.0.1_2563/ide/plugins/com.nxp.mcuxpresso.tools.linux_11.0.1.201907311258/tools/bin/../lib/gcc/arm-none-eabi/8.2.1/../../../../arm-none-eabi/lib/thumb/v7-m/nofp/libcr_c.a(_deferredlazyseek.o)
 .ARM.attributes
                0x0000000000000492       0x2d /usr/local/mcuxpressoide-11.0.1_2563/ide/plugins/com.nxp.mcuxpresso.tools.linux_11.0.1.201907311258/tools/bin/../lib/gcc/arm-none-eabi/8.2.1/../../../../arm-none-eabi/lib/thumb/v7-m/nofp/libcr_c.a(_fdopen.o)
 .ARM.attributes
                0x00000000000004bf       0x2d /usr/local/mcuxpressoide-11.0.1_2563/ide/plugins/com.nxp.mcuxpresso.tools.linux_11.0.1.201907311258/tools/bin/../lib/gcc/arm-none-eabi/8.2.1/../../../../arm-none-eabi/lib/thumb/v7-m/nofp/libcr_c.a(_fflush.o)
 .ARM.attributes
                0x00000000000004ec       0x2d /usr/local/mcuxpressoide-11.0.1_2563/ide/plugins/com.nxp.mcuxpresso.tools.linux_11.0.1.201907311258/tools/bin/../lib/gcc/arm-none-eabi/8.2.1/../../../../arm-none-eabi/lib/thumb/v7-m/nofp/libcr_c.a(_frexpl.o)
 .ARM.attributes
                0x0000000000000519       0x2d /usr/local/mcuxpressoide-11.0.1_2563/ide/plugins/com.nxp.mcuxpresso.tools.linux_11.0.1.201907311258/tools/bin/../lib/gcc/arm-none-eabi/8.2.1/../../../../arm-none-eabi/lib/thumb/v7-m/nofp/libcr_c.a(_ldexpl.o)
 .ARM.attributes
                0x0000000000000546       0x2d /usr/local/mcuxpressoide-11.0.1_2563/ide/plugins/com.nxp.mcuxpresso.tools.linux_11.0.1.201907311258/tools/bin/../lib/gcc/arm-none-eabi/8.2.1/../../../../arm-none-eabi/lib/thumb/v7-m/nofp/libcr_c.a(_writebuf.o)
 .ARM.attributes
                0x0000000000000573       0x33 /usr/local/mcuxpressoide-11.0.1_2563/ide/plugins/com.nxp.mcuxpresso.tools.linux_11.0.1.201907311258/tools/bin/../lib/gcc/arm-none-eabi/8.2.1/../../../../arm-none-eabi/lib/thumb/v7-m/nofp/libcr_c.a(errno.o)
 .ARM.attributes
                0x00000000000005a6       0x2d /usr/local/mcuxpressoide-11.0.1_2563/ide/plugins/com.nxp.mcuxpresso.tools.linux_11.0.1.201907311258/tools/bin/../lib/gcc/arm-none-eabi/8.2.1/../../../../arm-none-eabi/lib/thumb/v7-m/nofp/libcr_c.a(fclose.o)
 .ARM.attributes
                0x00000000000005d3       0x2d /usr/local/mcuxpressoide-11.0.1_2563/ide/plugins/com.nxp.mcuxpresso.tools.linux_11.0.1.201907311258/tools/bin/../lib/gcc/arm-none-eabi/8.2.1/../../../../arm-none-eabi/lib/thumb/v7-m/nofp/libcr_c.a(fflush.o)
 .ARM.attributes
                0x0000000000000600       0x2d /usr/local/mcuxpressoide-11.0.1_2563/ide/plugins/com.nxp.mcuxpresso.tools.linux_11.0.1.201907311258/tools/bin/../lib/gcc/arm-none-eabi/8.2.1/../../../../arm-none-eabi/lib/thumb/v7-m/nofp/libcr_c.a(fseek.o)
 .ARM.attributes
                0x000000000000062d       0x2d /usr/local/mcuxpressoide-11.0.1_2563/ide/plugins/com.nxp.mcuxpresso.tools.linux_11.0.1.201907311258/tools/bin/../lib/gcc/arm-none-eabi/8.2.1/../../../../arm-none-eabi/lib/thumb/v7-m/nofp/libcr_c.a(ftell.o)
 .ARM.attributes
                0x000000000000065a       0x2d /usr/local/mcuxpressoide-11.0.1_2563/ide/plugins/com.nxp.mcuxpresso.tools.linux_11.0.1.201907311258/tools/bin/../lib/gcc/arm-none-eabi/8.2.1/../../../../arm-none-eabi/lib/thumb/v7-m/nofp/libcr_c.a(remove.o)
 .ARM.attributes
                0x0000000000000687       0x2d /usr/local/mcuxpressoide-11.0.1_2563/ide/plugins/com.nxp.mcuxpresso.tools.linux_11.0.1.201907311258/tools/bin/../lib/gcc/arm-none-eabi/8.2.1/../../../../arm-none-eabi/lib/thumb/v7-m/nofp/libcr_c.a(_cr_check_heap.o)
 .ARM.attributes
                0x00000000000006b4       0x2d /usr/local/mcuxpressoide-11.0.1_2563/ide/plugins/com.nxp.mcuxpresso.tools.linux_11.0.1.201907311258/tools/bin/../lib/gcc/arm-none-eabi/8.2.1/../../../../arm-none-eabi/lib/thumb/v7-m/nofp/libcr_c.a(_do_fflush.o)
 .ARM.attributes
                0x00000000000006e1       0x2d /usr/local/mcuxpressoide-11.0.1_2563/ide/plugins/com.nxp.mcuxpresso.tools.linux_11.0.1.201907311258/tools/bin/../lib/gcc/arm-none-eabi/8.2.1/thumb/v7-m/nofp/libcr_eabihelpers.a(double.o)