Archive member included to satisfy reference by file (symbol)

/home/andres/Documents/EMBT/Term3/Ese3025/EmbeddedGame/GameEngine/lpc_board_nxp_lpcxpresso_1769/Debug/liblpc_board_nxp_lpcxpresso_1769.a(board.o)
                              ./freertos/src/FreeRTOSCommonHooks.o (Board_UARTPutSTR)
/home/andres/Documents/EMBT/Term3/Ese3025/EmbeddedGame/GameEngine/lpc_board_nxp_lpcxpresso_1769/Debug/liblpc_board_nxp_lpcxpresso_1769.a(board_sysinit.o)
                              ./src/src/sysinit.o (Board_SystemInit)
/home/andres/Documents/EMBT/Term3/Ese3025/EmbeddedGame/GameEngine/lpc_chip_175x_6x/Debug/liblpc_chip_175x_6x.a(chip_17xx_40xx.o)
                              ./freertos/src/port.o (SystemCoreClock)
/home/andres/Documents/EMBT/Term3/Ese3025/EmbeddedGame/GameEngine/lpc_chip_175x_6x/Debug/liblpc_chip_175x_6x.a(clock_17xx_40xx.o)
                              /home/andres/Documents/EMBT/Term3/Ese3025/EmbeddedGame/GameEngine/lpc_chip_175x_6x/Debug/liblpc_chip_175x_6x.a(chip_17xx_40xx.o) (Chip_Clock_EnablePLL)
/home/andres/Documents/EMBT/Term3/Ese3025/EmbeddedGame/GameEngine/lpc_chip_175x_6x/Debug/liblpc_chip_175x_6x.a(i2s_17xx_40xx.o)
                              /home/andres/Documents/EMBT/Term3/Ese3025/EmbeddedGame/GameEngine/lpc_board_nxp_lpcxpresso_1769/Debug/liblpc_board_nxp_lpcxpresso_1769.a(board.o) (Chip_I2S_Init)
/home/andres/Documents/EMBT/Term3/Ese3025/EmbeddedGame/GameEngine/lpc_chip_175x_6x/Debug/liblpc_chip_175x_6x.a(iocon_17xx_40xx.o)
                              /home/andres/Documents/EMBT/Term3/Ese3025/EmbeddedGame/GameEngine/lpc_board_nxp_lpcxpresso_1769/Debug/liblpc_board_nxp_lpcxpresso_1769.a(board.o) (Chip_IOCON_PinMux)
/home/andres/Documents/EMBT/Term3/Ese3025/EmbeddedGame/GameEngine/lpc_chip_175x_6x/Debug/liblpc_chip_175x_6x.a(ring_buffer.o)
                              ./src/Tasks/uart.o (RingBuffer_Init)
/home/andres/Documents/EMBT/Term3/Ese3025/EmbeddedGame/GameEngine/lpc_chip_175x_6x/Debug/liblpc_chip_175x_6x.a(sysinit_17xx_40xx.o)
                              /home/andres/Documents/EMBT/Term3/Ese3025/EmbeddedGame/GameEngine/lpc_board_nxp_lpcxpresso_1769/Debug/liblpc_board_nxp_lpcxpresso_1769.a(board_sysinit.o) (Chip_SetupXtalClocking)
/home/andres/Documents/EMBT/Term3/Ese3025/EmbeddedGame/GameEngine/lpc_chip_175x_6x/Debug/liblpc_chip_175x_6x.a(uart_17xx_40xx.o)
                              ./src/Tasks/uart.o (Chip_UART_Init)
/usr/local/mcuxpressoide-11.0.1_2563/ide/plugins/com.nxp.mcuxpresso.tools.linux_11.0.1.201907311258/tools/bin/../lib/gcc/arm-none-eabi/8.2.1/../../../../arm-none-eabi/lib/thumb/v7-m/nofp/libcr_nohost.a(_cr__main.o)
                              ./src/src/cr_startup_lpc175x_6x.o (__main)
/usr/local/mcuxpressoide-11.0.1_2563/ide/plugins/com.nxp.mcuxpresso.tools.linux_11.0.1.201907311258/tools/bin/../lib/gcc/arm-none-eabi/8.2.1/../../../../arm-none-eabi/lib/thumb/v7-m/nofp/libcr_c.a(memcpy.o)
                              ./freertos/src/queue.o (memcpy)
/usr/local/mcuxpressoide-11.0.1_2563/ide/plugins/com.nxp.mcuxpresso.tools.linux_11.0.1.201907311258/tools/bin/../lib/gcc/arm-none-eabi/8.2.1/../../../../arm-none-eabi/lib/thumb/v7-m/nofp/libcr_c.a(memset.o)
                              ./freertos/src/tasks.o (memset)
/usr/local/mcuxpressoide-11.0.1_2563/ide/plugins/com.nxp.mcuxpresso.tools.linux_11.0.1.201907311258/tools/bin/../lib/gcc/arm-none-eabi/8.2.1/../../../../arm-none-eabi/lib/thumb/v7-m/nofp/libcr_c.a(alloc.o)
                              ./freertos/src/heap_3.o (malloc)
/usr/local/mcuxpressoide-11.0.1_2563/ide/plugins/com.nxp.mcuxpresso.tools.linux_11.0.1.201907311258/tools/bin/../lib/gcc/arm-none-eabi/8.2.1/../../../../arm-none-eabi/lib/thumb/v7-m/nofp/libcr_c.a(fpprintf.o)
                              ./freertos/src/FreeRTOSCommonHooks.o (printf)
/usr/local/mcuxpressoide-11.0.1_2563/ide/plugins/com.nxp.mcuxpresso.tools.linux_11.0.1.201907311258/tools/bin/../lib/gcc/arm-none-eabi/8.2.1/../../../../arm-none-eabi/lib/thumb/v7-m/nofp/libcr_c.a(initio.o)
                              /usr/local/mcuxpressoide-11.0.1_2563/ide/plugins/com.nxp.mcuxpresso.tools.linux_11.0.1.201907311258/tools/bin/../lib/gcc/arm-none-eabi/8.2.1/../../../../arm-none-eabi/lib/thumb/v7-m/nofp/libcr_nohost.a(_cr__main.o) (_initio)
/usr/local/mcuxpressoide-11.0.1_2563/ide/plugins/com.nxp.mcuxpresso.tools.linux_11.0.1.201907311258/tools/bin/../lib/gcc/arm-none-eabi/8.2.1/../../../../arm-none-eabi/lib/thumb/v7-m/nofp/libcr_c.a(printf.o)
                              /usr/local/mcuxpressoide-11.0.1_2563/ide/plugins/com.nxp.mcuxpresso.tools.linux_11.0.1.201907311258/tools/bin/../lib/gcc/arm-none-eabi/8.2.1/../../../../arm-none-eabi/lib/thumb/v7-m/nofp/libcr_c.a(fpprintf.o) (__vfprintf)
/usr/local/mcuxpressoide-11.0.1_2563/ide/plugins/com.nxp.mcuxpresso.tools.linux_11.0.1.201907311258/tools/bin/../lib/gcc/arm-none-eabi/8.2.1/../../../../arm-none-eabi/lib/thumb/v7-m/nofp/libcr_c.a(setvbuf.o)
[...]
Memory Configuration

Name             Origin             Length             Attributes
MFlash512        0x0000000000000000 0x0000000000080000 xr
RamLoc32         0x0000000010000000 0x0000000000008000 xrw
RamAHB32         0x000000002007c000 0x0000000000008000 xrw
*default*        0x0000000000000000 0xffffffffffffffff

Linker script and memory map

LOAD ./src/src/cr_startup_lpc175x_6x.o
LOAD ./src/src/gameEngine.o
LOAD ./src/src/sysinit.o
LOAD ./src/Tasks/uart.o
LOAD ./freertos/src/FreeRTOSCommonHooks.o
LOAD ./freertos/src/heap_3.o
LOAD ./freertos/src/list.o
LOAD ./freertos/src/port.o
LOAD ./freertos/src/queue.o
LOAD ./freertos/src/tasks.o
LOAD /home/andres/Documents/EMBT/Term3/Ese3025/EmbeddedGame/GameEngine/lpc_board_nxp_lpcxpresso_1769/Debug/liblpc_board_nxp_lpcxpresso_1769.a
LOAD /home/andres/Documents/EMBT/Term3/Ese3025/EmbeddedGame/GameEngine/lpc_chip_175x_6x/Debug/liblpc_chip_175x_6x.a
START GROUP
LOAD /usr/local/mcuxpressoide-11.0.1_2563/ide/plugins/com.nxp.mcuxpresso.tools.linux_11.0.1.201907311258/tools/bin/../lib/gcc/arm-none-eabi/8.2.1/../../../../arm-none-eabi/lib/thumb/v7-m/nofp/libcr_nohost.a
LOAD /usr/local/mcuxpressoide-11.0.1_2563/ide/plugins/com.nxp.mcuxpresso.tools.linux_11.0.1.201907311258/tools/bin/../lib/gcc/arm-none-eabi/8.2.1/../../../../arm-none-eabi/lib/thumb/v7-m/nofp/libcr_c.a
LOAD /usr/local/mcuxpressoide-11.0.1_2563/ide/plugins/com.nxp.mcuxpresso.tools.linux_11.0.1.201907311258/tools/bin/../lib/gcc/arm-none-eabi/8.2.1/thumb/v7-m/nofp/libcr_eabihelpers.a
LOAD /usr/local/mcuxpressoide-11.0.1_2563/ide/plugins/com.nxp.mcuxpresso.tools.linux_11.0.1.201907311258/tools/bin/../lib/gcc/arm-none-eabi/8.2.1/thumb/v7-m/nofp/libgcc.a
END GROUP
                0x0000000000000000                __base_MFlash512 = 0x0
                0x0000000000000000                __base_Flash = 0x0
                0x0000000000080000                __top_MFlash512 = 0x80000
                0x0000000000080000                __top_Flash = 0x80000
                0x0000000010000000                __base_RamLoc32 = 0x10000000
                0x0000000010000000                __base_RAM = 0x10000000
                0x0000000010008000                __top_RamLoc32 = 0x10008000
                0x0000000010008000                __top_RAM = 0x10008000
                0x000000002007c000                __base_RamAHB32 = 0x2007c000
                0x000000002007c000                __base_RAM2 = 0x2007c000
                0x0000000020084000                __top_RamAHB32 = 0x20084000
                0x0000000020084000                __top_RAM2 = 0x20084000

.text           0x0000000000000000     0x2d60
 FILL mask 0xff
                0x0000000000000000                __vectors_start__ = ABSOLUTE (.)
 *(.isr_vector)
 .isr_vector    0x0000000000000000       0xcc ./src/src/cr_startup_lpc175x_6x.o
                0x0000000000000000                g_pfnVectors
                0x00000000000000cc                . = ALIGN (0x4)
                0x00000000000000cc                __section_table_start = .
                0x00000000000000cc                __data_section_table = .
                0x00000000000000cc        0x4 LONG 0x2d60 LOADADDR (.data)
                0x00000000000000d0        0x4 LONG 0x10000000 ADDR (.data)
                0x00000000000000d4        0x4 LONG 0x8 SIZEOF (.data)
                0x00000000000000d8        0x4 LONG 0x2d60 LOADADDR (.data_RAM2)
                0x00000000000000dc        0x4 LONG 0x2007c000 ADDR (.data_RAM2)
                0x00000000000000e0        0x4 LONG 0x0 SIZEOF (.data_RAM2)
                0x00000000000000e4                __data_section_table_end = .
                0x00000000000000e4                __bss_section_table = .
                0x00000000000000e4        0x4 LONG 0x10000008 ADDR (.bss)
                0x00000000000000e8        0x4 LONG 0x4a0 SIZEOF (.bss)
                0x00000000000000ec        0x4 LONG 0x2007c000 ADDR (.bss_RAM2)
                0x00000000000000f0        0x4 LONG 0x0 SIZEOF (.bss_RAM2)
                0x00000000000000f4                __bss_section_table_end = .
                0x00000000000000f4                __section_table_end = .
 *(.after_vectors*)
 .after_vectors
                0x00000000000000f4      0x12c ./src/src/cr_startup_lpc175x_6x.o
                0x00000000000000f4                data_init
                0x0000000000000136                bss_init
                0x000000000000016c                ResetISR
                0x00000000000001e4                NMI_Handler
                0x00000000000001ea                HardFault_Handler
                0x00000000000001f0                MemManage_Handler
                0x00000000000001f6                BusFault_Handler
                0x00000000000001fc                UsageFault_Handler
                0x0000000000000208                DebugMon_Handler
                0x000000000000021a                TIMER2_IRQHandler
                0x000000000000021a                RIT_IRQHandler
                0x000000000000021a                I2C0_IRQHandler
                0x000000000000021a                USBActivity_IRQHandler
                0x000000000000021a                PWM1_IRQHandler
                0x000000000000021a                I2C1_IRQHandler
                0x000000000000021a                EINT2_IRQHandler
                0x000000000000021a                UART1_IRQHandler
                0x000000000000021a                EINT3_IRQHandler
                0x000000000000021a                CANActivity_IRQHandler
                0x000000000000021a                TIMER3_IRQHandler
                0x000000000000021a                UART0_IRQHandler
                0x000000000000021a                IntDefaultHandler
                0x000000000000021a                PLL0_IRQHandler
                0x000000000000021a                CAN_IRQHandler
                0x000000000000021a                PLL1_IRQHandler
                0x000000000000021a                SSP0_IRQHandler
                0x000000000000021a                I2S_IRQHandler
                0x000000000000021a                I2C2_IRQHandler
                0x000000000000021a                RTC_IRQHandler
                0x000000000000021a                TIMER0_IRQHandler
                0x000000000000021a                SPI_IRQHandler
                0x000000000000021a                EINT1_IRQHandler
                0x000000000000021a                TIMER1_IRQHandler
                0x000000000000021a                UART2_IRQHandler
                0x000000000000021a                ADC_IRQHandler
                0x000000000000021a                SSP1_IRQHandler
                0x000000000000021a                USB_IRQHandler
                0x000000000000021a                BOD_IRQHandler
                0x000000000000021a                WDT_IRQHandler
                0x000000000000021a                QEI_IRQHandler
                0x000000000000021a                EINT0_IRQHandler
                0x000000000000021a                ETH_IRQHandler
                0x000000000000021a                DMA_IRQHandler
                0x000000000000021a                MCPWM_IRQHandler
 *(.text*)
 .text.prvSetupHardware
                0x0000000000000220       0x28 ./src/src/gameEngine.o
 .text.vLEDTask1
                0x0000000000000248       0x26 ./src/src/gameEngine.o
 .text.vLEDTask2
                0x000000000000026e       0x28 ./src/src/gameEngine.o
 *fill*         0x0000000000000296        0x2 ff
 .text.main     0x0000000000000298       0x84 ./src/src/gameEngine.o
                0x0000000000000298                main
 .text.SystemInit
                0x000000000000031c       0x24 ./src/src/sysinit.o
                0x000000000000031c                SystemInit
 .text.NVIC_EnableIRQ
                0x0000000000000340       0x30 ./src/Tasks/uart.o
 .text.NVIC_SetPriority
                0x0000000000000370       0x54 ./src/Tasks/uart.o
 .text.Chip_UART_IntEnable
                0x00000000000003c4       0x20 ./src/Tasks/uart.o
 .text.Chip_UART_SetupFIFOS
                0x00000000000003e4       0x1a ./src/Tasks/uart.o
 .text.Chip_UART_ConfigData
                0x00000000000003fe       0x1a ./src/Tasks/uart.o
 .text.UART3_IRQHandler
                0x0000000000000418       0x20 ./src/Tasks/uart.o
                0x0000000000000418                UART3_IRQHandler
 .text.vTaskUART
                0x0000000000000438       0xec ./src/Tasks/uart.o
                0x0000000000000438                vTaskUART
 .text.vApplicationIdleHook
                0x0000000000000524        0xe ./freertos/src/FreeRTOSCommonHooks.o
                0x0000000000000524                vApplicationIdleHook
 .text.pvPortMalloc
                0x0000000000000532       0x22 ./freertos/src/heap_3.o
                0x0000000000000532                pvPortMalloc
 .text.vPortFree
                0x0000000000000554       0x24 ./freertos/src/heap_3.o
                0x0000000000000554                vPortFree
 .text.vListInitialise
                0x0000000000000578       0x3e ./freertos/src/list.o
                0x0000000000000578                vListInitialise
 .text.vListInitialiseItem
                0x00000000000005b6       0x18 ./freertos/src/list.o
                0x00000000000005b6                vListInitialiseItem
 .text.vListInsertEnd
                0x00000000000005ce       0x46 ./freertos/src/list.o
                0x00000000000005ce                vListInsertEnd
 .text.vListInsert
                0x0000000000000614       0x70 ./freertos/src/list.o
                0x0000000000000614                vListInsert
 .text.uxListRemove
                0x0000000000000684       0x52 ./freertos/src/list.o
                0x0000000000000684                uxListRemove
 *fill*         0x00000000000006d6        0x2 ff
 .text.pxPortInitialiseStack
                0x00000000000006d8       0x54 ./freertos/src/port.o
                0x00000000000006d8                pxPortInitialiseStack
 .text.prvTaskExitError
                0x000000000000072c        0xa ./freertos/src/port.o
 *fill*         0x0000000000000736        0x2 ff
 .text.SVC_Handler
                0x0000000000000738       0x24 ./freertos/src/port.o
                0x0000000000000738                SVC_Handler
 .text.prvPortStartFirstTask
                0x000000000000075c       0x18 ./freertos/src/port.o
 .text.xPortStartScheduler
                0x0000000000000774       0x38 ./freertos/src/port.o
                0x0000000000000774                xPortStartScheduler
 .text.vPortYield
                0x00000000000007ac       0x20 ./freertos/src/port.o
                0x00000000000007ac                vPortYield
 .text.vPortEnterCritical
                0x00000000000007cc       0x24 ./freertos/src/port.o
                0x00000000000007cc                vPortEnterCritical
 .text.vPortExitCritical
                0x00000000000007f0       0x24 ./freertos/src/port.o
                0x00000000000007f0                vPortExitCritical
 .text.ulPortSetInterruptMask
                0x0000000000000814       0x12 ./freertos/src/port.o
                0x0000000000000814                ulPortSetInterruptMask
 .text.vPortClearInterruptMask
                0x0000000000000826        0x8 ./freertos/src/port.o
                0x0000000000000826                vPortClearInterruptMask
 *fill*         0x000000000000082e        0x2 ff
 .text.PendSV_Handler
                0x0000000000000830       0x40 ./freertos/src/port.o
                0x0000000000000830                PendSV_Handler
 .text.SysTick_Handler
                0x0000000000000870       0x28 ./freertos/src/port.o
                0x0000000000000870                SysTick_Handler
 .text.vPortSuppressTicksAndSleep
                0x0000000000000898      0x15c ./freertos/src/port.o
                0x0000000000000898                vPortSuppressTicksAndSleep
 .text.vPortSetupTimerInterrupt
                0x00000000000009f4       0x68 ./freertos/src/port.o
                0x00000000000009f4                vPortSetupTimerInterrupt
 .text.xTaskGenericCreate
                0x0000000000000a5c      0x140 ./freertos/src/tasks.o
                0x0000000000000a5c                xTaskGenericCreate
 .text.vTaskDelay
                0x0000000000000b9c       0x54 ./freertos/src/tasks.o
                0x0000000000000b9c                vTaskDelay
 .text.vTaskStartScheduler
                0x0000000000000bf0       0x58 ./freertos/src/tasks.o
                0x0000000000000bf0                vTaskStartScheduler
 .text.vTaskSuspendAll
                0x0000000000000c48       0x1c ./freertos/src/tasks.o
                0x0000000000000c48                vTaskSuspendAll
 .text.prvGetExpectedIdleTime
                0x0000000000000c64       0x4c ./freertos/src/tasks.o
 .text.xTaskResumeAll
                0x0000000000000cb0       0xfc ./freertos/src/tasks.o
                0x0000000000000cb0                xTaskResumeAll
 .text.vTaskStepTick
                0x0000000000000dac       0x24 ./freertos/src/tasks.o
                0x0000000000000dac                vTaskStepTick
 .text.xTaskIncrementTick
                0x0000000000000dd0      0x18c ./freertos/src/tasks.o
                0x0000000000000dd0                xTaskIncrementTick
 .text.vTaskSwitchContext
                0x0000000000000f5c       0x98 ./freertos/src/tasks.o
                0x0000000000000f5c                vTaskSwitchContext
 .text.prvIdleTask
                0x0000000000000ff4       0x48 ./freertos/src/tasks.o
 .text.eTaskConfirmSleepModeStatus
                0x000000000000103c       0x5c ./freertos/src/tasks.o
                0x000000000000103c                eTaskConfirmSleepModeStatus
 .text.prvInitialiseTCBVariables
                0x0000000000001098       0x98 ./freertos/src/tasks.o
 .text.prvInitialiseTaskLists
                0x0000000000001130       0x80 ./freertos/src/tasks.o
 .text.prvCheckTasksWaitingTermination
                0x00000000000011b0       0x78 ./freertos/src/tasks.o
 .text.prvAddCurrentTaskToDelayedList
                0x0000000000001228       0x6c ./freertos/src/tasks.o
 .text.prvAllocateTCBAndStack
                0x0000000000001294       0x62 ./freertos/src/tasks.o
 .text.prvDeleteTCB
                0x00000000000012f6       0x20 ./freertos/src/tasks.o
 .text.Chip_IOCON_Init
                0x0000000000001316       0x16 /home/andres/Documents/EMBT/Term3/Ese3025/EmbeddedGame/GameEngine/lpc_board_nxp_lpcxpresso_1769/Debug/liblpc_board_nxp_lpcxpresso_1769.a(board.o)
 .text.Chip_GPIO_Init
                0x000000000000132c       0x16 /home/andres/Documents/EMBT/Term3/Ese3025/EmbeddedGame/GameEngine/lpc_board_nxp_lpcxpresso_1769/Debug/liblpc_board_nxp_lpcxpresso_1769.a(board.o)
 .text.Chip_GPIO_SetPinState
                0x0000000000001342       0x64 /home/andres/Documents/EMBT/Term3/Ese3025/EmbeddedGame/GameEngine/lpc_board_nxp_lpcxpresso_1769/Debug/liblpc_board_nxp_lpcxpresso_1769.a(board.o)
 .text.Chip_GPIO_WritePortBit
                0x00000000000013a6       0x2c /home/andres/Documents/EMBT/Term3/Ese3025/EmbeddedGame/GameEngine/lpc_board_nxp_lpcxpresso_1769/Debug/liblpc_board_nxp_lpcxpresso_1769.a(board.o)
 .text.Chip_GPIO_SetPinDIROutput
                0x00000000000013d2       0x36 /home/andres/Documents/EMBT/Term3/Ese3025/EmbeddedGame/GameEngine/lpc_board_nxp_lpcxpresso_1769/Debug/liblpc_board_nxp_lpcxpresso_1769.a(board.o)
 .text.Chip_GPIO_SetPinDIRInput
                0x0000000000001408       0x3a /home/andres/Documents/EMBT/Term3/Ese3025/EmbeddedGame/GameEngine/lpc_board_nxp_lpcxpresso_1769/Debug/liblpc_board_nxp_lpcxpresso_1769.a(board.o)
 .text.Chip_GPIO_SetPinDIR
                0x0000000000001442       0x42 /home/andres/Documents/EMBT/Term3/Ese3025/EmbeddedGame/GameEngine/lpc_board_nxp_lpcxpresso_1769/Debug/liblpc_board_nxp_lpcxpresso_1769.a(board.o)
 .text.Chip_GPIO_WriteDirBit
                0x0000000000001484       0x2e /home/andres/Documents/EMBT/Term3/Ese3025/EmbeddedGame/GameEngine/lpc_board_nxp_lpcxpresso_1769/Debug/liblpc_board_nxp_lpcxpresso_1769.a(board.o)
 .text.Chip_UART_SendByte
                0x00000000000014b2       0x1c /home/andres/Documents/EMBT/Term3/Ese3025/EmbeddedGame/GameEngine/lpc_board_nxp_lpcxpresso_1769/Debug/liblpc_board_nxp_lpcxpresso_1769.a(board.o)
 .text.Chip_UART_ConfigData
                0x00000000000014ce       0x1a /home/andres/Documents/EMBT/Term3/Ese3025/EmbeddedGame/GameEngine/lpc_board_nxp_lpcxpresso_1769/Debug/liblpc_board_nxp_lpcxpresso_1769.a(board.o)
 .text.Chip_UART_ReadLineStatus
                0x00000000000014e8       0x16 /home/andres/Documents/EMBT/Term3/Ese3025/EmbeddedGame/GameEngine/lpc_board_nxp_lpcxpresso_1769/Debug/liblpc_board_nxp_lpcxpresso_1769.a(board.o)
 .text.__sys_write
                0x00000000000014fe       0x38 /home/andres/Documents/EMBT/Term3/Ese3025/EmbeddedGame/GameEngine/lpc_board_nxp_lpcxpresso_1769/Debug/liblpc_board_nxp_lpcxpresso_1769.a(board.o)
                0x00000000000014fe                __sys_write
 *fill*         0x0000000000001536        0x2 ff
 .text.Board_LED_Init
                0x0000000000001538       0x30 /home/andres/Documents/EMBT/Term3/Ese3025/EmbeddedGame/GameEngine/lpc_board_nxp_lpcxpresso_1769/Debug/liblpc_board_nxp_lpcxpresso_1769.a(board.o)
 .text.Board_UART_Init
                0x0000000000001568       0x12 /home/andres/Documents/EMBT/Term3/Ese3025/EmbeddedGame/GameEngine/lpc_board_nxp_lpcxpresso_1769/Debug/liblpc_board_nxp_lpcxpresso_1769.a(board.o)
                0x0000000000001568                Board_UART_Init
 *fill*         0x000000000000157a        0x2 ff
 .text.Board_Debug_Init
                0x000000000000157c       0x30 /home/andres/Documents/EMBT/Term3/Ese3025/EmbeddedGame/GameEngine/lpc_board_nxp_lpcxpresso_1769/Debug/liblpc_board_nxp_lpcxpresso_1769.a(board.o)
                0x000000000000157c                Board_Debug_Init
 .text.Board_UARTPutChar
                0x00000000000015ac       0x34 /home/andres/Documents/EMBT/Term3/Ese3025/EmbeddedGame/GameEngine/lpc_board_nxp_lpcxpresso_1769/Debug/liblpc_board_nxp_lpcxpresso_1769.a(board.o)
                0x00000000000015ac                Board_UARTPutChar
 .text.Board_LED_Set
                0x00000000000015e0       0x58 /home/andres/Documents/EMBT/Term3/Ese3025/EmbeddedGame/GameEngine/lpc_board_nxp_lpcxpresso_1769/Debug/liblpc_board_nxp_lpcxpresso_1769.a(board.o)
                0x00000000000015e0                Board_LED_Set
 .text.Board_Init
                0x0000000000001638       0x34 /home/andres/Documents/EMBT/Term3/Ese3025/EmbeddedGame/GameEngine/lpc_board_nxp_lpcxpresso_1769/Debug/liblpc_board_nxp_lpcxpresso_1769.a(board.o)
                0x0000000000001638                Board_Init
 .text.Chip_SYSCTL_SetFLASHAccess
                0x000000000000166c       0x30 /home/andres/Documents/EMBT/Term3/Ese3025/EmbeddedGame/GameEngine/lpc_board_nxp_lpcxpresso_1769/Debug/liblpc_board_nxp_lpcxpresso_1769.a(board_sysinit.o)
 .text.Board_SetupMuxing
                0x000000000000169c       0x1c /home/andres/Documents/EMBT/Term3/Ese3025/EmbeddedGame/GameEngine/lpc_board_nxp_lpcxpresso_1769/Debug/liblpc_board_nxp_lpcxpresso_1769.a(board_sysinit.o)
                0x000000000000169c                Board_SetupMuxing
 .text.Board_SetupClocking
                0x00000000000016b8       0x12 /home/andres/Documents/EMBT/Term3/Ese3025/EmbeddedGame/GameEngine/lpc_board_nxp_lpcxpresso_1769/Debug/liblpc_board_nxp_lpcxpresso_1769.a(board_sysinit.o)
                0x00000000000016b8                Board_SetupClocking
 .text.Board_SystemInit
                0x00000000000016ca       0x10 /home/andres/Documents/EMBT/Term3/Ese3025/EmbeddedGame/GameEngine/lpc_board_nxp_lpcxpresso_1769/Debug/liblpc_board_nxp_lpcxpresso_1769.a(board_sysinit.o)
                0x00000000000016ca                Board_SystemInit
 *fill*         0x00000000000016da        0x2 ff
 .text.SystemCoreClockUpdate
                0x00000000000016dc       0x18 /home/andres/Documents/EMBT/Term3/Ese3025/EmbeddedGame/GameEngine/lpc_chip_175x_6x/Debug/liblpc_chip_175x_6x.a(chip_17xx_40xx.o)
                0x00000000000016dc                SystemCoreClockUpdate
 .text.Chip_Clock_IsMainPLLEnabled
                0x00000000000016f4       0x24 /home/andres/Documents/EMBT/Term3/Ese3025/EmbeddedGame/GameEngine/lpc_chip_175x_6x/Debug/liblpc_chip_175x_6x.a(clock_17xx_40xx.o)
 .text.Chip_Clock_IsMainPLLConnected
                0x0000000000001718       0x24 /home/andres/Documents/EMBT/Term3/Ese3025/EmbeddedGame/GameEngine/lpc_chip_175x_6x/Debug/liblpc_chip_175x_6x.a(clock_17xx_40xx.o)
 .text.Chip_Clock_FeedPLL
                0x000000000000173c       0x34 /home/andres/Documents/EMBT/Term3/Ese3025/EmbeddedGame/GameEngine/lpc_chip_175x_6x/Debug/liblpc_chip_175x_6x.a(clock_17xx_40xx.o)
 .text.Chip_Clock_GetMainPLLSource
                0x0000000000001770       0x20 /home/andres/Documents/EMBT/Term3/Ese3025/EmbeddedGame/GameEngine/lpc_chip_175x_6x/Debug/liblpc_chip_175x_6x.a(clock_17xx_40xx.o)
 .text.Chip_Clock_GetMainOscRate
                0x0000000000001790       0x14 /home/andres/Documents/EMBT/Term3/Ese3025/EmbeddedGame/GameEngine/lpc_chip_175x_6x/Debug/liblpc_chip_175x_6x.a(clock_17xx_40xx.o)
 .text.Chip_Clock_GetIntOscRate
                0x00000000000017a4       0x14 /home/andres/Documents/EMBT/Term3/Ese3025/EmbeddedGame/GameEngine/lpc_chip_175x_6x/Debug/liblpc_chip_175x_6x.a(clock_17xx_40xx.o)
 .text.Chip_Clock_GetRTCOscRate
                0x00000000000017b8       0x14 /home/andres/Documents/EMBT/Term3/Ese3025/EmbeddedGame/GameEngine/lpc_chip_175x_6x/Debug/liblpc_chip_175x_6x.a(clock_17xx_40xx.o)
 .text.Chip_Clock_GetMainPLLInClockRate
                0x00000000000017cc        0xe /home/andres/Documents/EMBT/Term3/Ese3025/EmbeddedGame/GameEngine/lpc_chip_175x_6x/Debug/liblpc_chip_175x_6x.a(clock_17xx_40xx.o)
 *fill*         0x00000000000017da        0x2 ff
 .text.Chip_Clock_EnablePLL
                0x00000000000017dc       0x44 /home/andres/Documents/EMBT/Term3/Ese3025/EmbeddedGame/GameEngine/lpc_chip_175x_6x/Debug/liblpc_chip_175x_6x.a(clock_17xx_40xx.o)
                0x00000000000017dc                Chip_Clock_EnablePLL
 .text.Chip_Clock_DisablePLL
                0x0000000000001820       0x48 /home/andres/Documents/EMBT/Term3/Ese3025/EmbeddedGame/GameEngine/lpc_chip_175x_6x/Debug/liblpc_chip_175x_6x.a(clock_17xx_40xx.o)
                0x0000000000001820                Chip_Clock_DisablePLL
 .text.Chip_Clock_SetupPLL
                0x0000000000001868       0x5c /home/andres/Documents/EMBT/Term3/Ese3025/EmbeddedGame/GameEngine/lpc_chip_175x_6x/Debug/liblpc_chip_175x_6x.a(clock_17xx_40xx.o)
                0x0000000000001868                Chip_Clock_SetupPLL
 .text.Chip_Clock_EnablePeriphClock
                0x00000000000018c4       0x34 /home/andres/Documents/EMBT/Term3/Ese3025/EmbeddedGame/GameEngine/lpc_chip_175x_6x/Debug/liblpc_chip_175x_6x.a(clock_17xx_40xx.o)
                0x00000000000018c4                Chip_Clock_EnablePeriphClock
 .text.Chip_Clock_GetCPUClockSource
                0x00000000000018f8       0x24 /home/andres/Documents/EMBT/Term3/Ese3025/EmbeddedGame/GameEngine/lpc_chip_175x_6x/Debug/liblpc_chip_175x_6x.a(clock_17xx_40xx.o)
                0x00000000000018f8                Chip_Clock_GetCPUClockSource
 .text.Chip_Clock_SetCPUClockDiv
                0x000000000000191c       0x20 /home/andres/Documents/EMBT/Term3/Ese3025/EmbeddedGame/GameEngine/lpc_chip_175x_6x/Debug/liblpc_chip_175x_6x.a(clock_17xx_40xx.o)
                0x000000000000191c                Chip_Clock_SetCPUClockDiv
 .text.Chip_Clock_GetCPUClockDiv
                0x000000000000193c       0x1c /home/andres/Documents/EMBT/Term3/Ese3025/EmbeddedGame/GameEngine/lpc_chip_175x_6x/Debug/liblpc_chip_175x_6x.a(clock_17xx_40xx.o)
                0x000000000000193c                Chip_Clock_GetCPUClockDiv
 .text.Chip_Clock_GetPCLKDiv
                0x0000000000001958       0x8c /home/andres/Documents/EMBT/Term3/Ese3025/EmbeddedGame/GameEngine/lpc_chip_175x_6x/Debug/liblpc_chip_175x_6x.a(clock_17xx_40xx.o)
                0x0000000000001958                Chip_Clock_GetPCLKDiv
 .text.Chip_Clock_GetSYSCLKRate
                0x00000000000019e4       0x34 /home/andres/Documents/EMBT/Term3/Ese3025/EmbeddedGame/GameEngine/lpc_chip_175x_6x/Debug/liblpc_chip_175x_6x.a(clock_17xx_40xx.o)
                0x00000000000019e4                Chip_Clock_GetSYSCLKRate
 .text.Chip_Clock_GetMainPLLOutClockRate
                0x0000000000001a18       0x54 /home/andres/Documents/EMBT/Term3/Ese3025/EmbeddedGame/GameEngine/lpc_chip_175x_6x/Debug/liblpc_chip_175x_6x.a(clock_17xx_40xx.o)
                0x0000000000001a18                Chip_Clock_GetMainPLLOutClockRate
 .text.Chip_Clock_GetMainClockRate
                0x0000000000001a6c       0x28 /home/andres/Documents/EMBT/Term3/Ese3025/EmbeddedGame/GameEngine/lpc_chip_175x_6x/Debug/liblpc_chip_175x_6x.a(clock_17xx_40xx.o)
                0x0000000000001a6c                Chip_Clock_GetMainClockRate
 .text.Chip_Clock_GetSystemClockRate
                0x0000000000001a94       0x18 /home/andres/Documents/EMBT/Term3/Ese3025/EmbeddedGame/GameEngine/lpc_chip_175x_6x/Debug/liblpc_chip_175x_6x.a(clock_17xx_40xx.o)
                0x0000000000001a94                Chip_Clock_GetSystemClockRate
 .text.Chip_Clock_GetPeripheralClockRate
                0x0000000000001aac       0x26 /home/andres/Documents/EMBT/Term3/Ese3025/EmbeddedGame/GameEngine/lpc_chip_175x_6x/Debug/liblpc_chip_175x_6x.a(clock_17xx_40xx.o)
                0x0000000000001aac                Chip_Clock_GetPeripheralClockRate
 .text.Chip_IOCON_PinMuxSet
                0x0000000000001ad2       0x36 /home/andres/Documents/EMBT/Term3/Ese3025/EmbeddedGame/GameEngine/lpc_chip_175x_6x/Debug/liblpc_chip_175x_6x.a(iocon_17xx_40xx.o)
                0x0000000000001ad2                Chip_IOCON_PinMuxSet
 .text.Chip_IOCON_PinMux
                0x0000000000001b08       0x94 /home/andres/Documents/EMBT/Term3/Ese3025/EmbeddedGame/GameEngine/lpc_chip_175x_6x/Debug/liblpc_chip_175x_6x.a(iocon_17xx_40xx.o)
                0x0000000000001b08                Chip_IOCON_PinMux
 .text.Chip_IOCON_SetPinMuxing
                0x0000000000001b9c       0x62 /home/andres/Documents/EMBT/Term3/Ese3025/EmbeddedGame/GameEngine/lpc_chip_175x_6x/Debug/liblpc_chip_175x_6x.a(iocon_17xx_40xx.o)
                0x0000000000001b9c                Chip_IOCON_SetPinMuxing
 .text.RingBuffer_GetCount
                0x0000000000001bfe       0x20 /home/andres/Documents/EMBT/Term3/Ese3025/EmbeddedGame/GameEngine/lpc_chip_175x_6x/Debug/liblpc_chip_175x_6x.a(ring_buffer.o)
 .text.RingBuffer_GetFree
                0x0000000000001c1e       0x1e /home/andres/Documents/EMBT/Term3/Ese3025/EmbeddedGame/GameEngine/lpc_chip_175x_6x/Debug/liblpc_chip_175x_6x.a(ring_buffer.o)
 .text.RingBuffer_IsFull
                0x0000000000001c3c       0x26 /home/andres/Documents/EMBT/Term3/Ese3025/EmbeddedGame/GameEngine/lpc_chip_175x_6x/Debug/liblpc_chip_175x_6x.a(ring_buffer.o)
 .text.RingBuffer_IsEmpty
                0x0000000000001c62       0x28 /home/andres/Documents/EMBT/Term3/Ese3025/EmbeddedGame/GameEngine/lpc_chip_175x_6x/Debug/liblpc_chip_175x_6x.a(ring_buffer.o)
 .text.RingBuffer_Init
                0x0000000000001c8a       0x3a /home/andres/Documents/EMBT/Term3/Ese3025/EmbeddedGame/GameEngine/lpc_chip_175x_6x/Debug/liblpc_chip_175x_6x.a(ring_buffer.o)
                0x0000000000001c8a                RingBuffer_Init
 .text.RingBuffer_Insert
                0x0000000000001cc4       0x5c /home/andres/Documents/EMBT/Term3/Ese3025/EmbeddedGame/GameEngine/lpc_chip_175x_6x/Debug/liblpc_chip_175x_6x.a(ring_buffer.o)
                0x0000000000001cc4                RingBuffer_Insert
 .text.RingBuffer_InsertMult
                0x0000000000001d20      0x122 /home/andres/Documents/EMBT/Term3/Ese3025/EmbeddedGame/GameEngine/lpc_chip_175x_6x/Debug/liblpc_chip_175x_6x.a(ring_buffer.o)
                0x0000000000001d20                RingBuffer_InsertMult
 .text.RingBuffer_Pop
                0x0000000000001e42       0x5c /home/andres/Documents/EMBT/Term3/Ese3025/EmbeddedGame/GameEngine/lpc_chip_175x_6x/Debug/liblpc_chip_175x_6x.a(ring_buffer.o)
                0x0000000000001e42                RingBuffer_Pop
 .text.RingBuffer_PopMult
                0x0000000000001e9e      0x122 /home/andres/Documents/EMBT/Term3/Ese3025/EmbeddedGame/GameEngine/lpc_chip_175x_6x/Debug/liblpc_chip_175x_6x.a(ring_buffer.o)
                0x0000000000001e9e                RingBuffer_PopMult
 .text.Chip_Clock_IsMainPLLEnabled
                0x0000000000001fc0       0x24 /home/andres/Documents/EMBT/Term3/Ese3025/EmbeddedGame/GameEngine/lpc_chip_175x_6x/Debug/liblpc_chip_175x_6x.a(sysinit_17xx_40xx.o)
 .text.Chip_Clock_IsMainPLLLocked
                0x0000000000001fe4       0x24 /home/andres/Documents/EMBT/Term3/Ese3025/EmbeddedGame/GameEngine/lpc_chip_175x_6x/Debug/liblpc_chip_175x_6x.a(sysinit_17xx_40xx.o)
 .text.Chip_Clock_IsMainPLLConnected
                0x0000000000002008       0x24 /home/andres/Documents/EMBT/Term3/Ese3025/EmbeddedGame/GameEngine/lpc_chip_175x_6x/Debug/liblpc_chip_175x_6x.a(sysinit_17xx_40xx.o)
 .text.Chip_Clock_EnableCrystal
                0x000000000000202c       0x20 /home/andres/Documents/EMBT/Term3/Ese3025/EmbeddedGame/GameEngine/lpc_chip_175x_6x/Debug/liblpc_chip_175x_6x.a(sysinit_17xx_40xx.o)
 .text.Chip_Clock_IsCrystalEnabled
                0x000000000000204c       0x24 /home/andres/Documents/EMBT/Term3/Ese3025/EmbeddedGame/GameEngine/lpc_chip_175x_6x/Debug/liblpc_chip_175x_6x.a(sysinit_17xx_40xx.o)
 .text.Chip_Clock_SetMainPLLSource
                0x0000000000002070       0x20 /home/andres/Documents/EMBT/Term3/Ese3025/EmbeddedGame/GameEngine/lpc_chip_175x_6x/Debug/liblpc_chip_175x_6x.a(sysinit_17xx_40xx.o)
 .text.Chip_SetupXtalClocking
                0x0000000000002090       0x90 /home/andres/Documents/EMBT/Term3/Ese3025/EmbeddedGame/GameEngine/lpc_chip_175x_6x/Debug/liblpc_chip_175x_6x.a(sysinit_17xx_40xx.o)
                0x0000000000002090                Chip_SetupXtalClocking
 .text.RingBuffer_IsEmpty
                0x0000000000002120       0x28 /home/andres/Documents/EMBT/Term3/Ese3025/EmbeddedGame/GameEngine/lpc_chip_175x_6x/Debug/liblpc_chip_175x_6x.a(uart_17xx_40xx.o)
 .text.Chip_UART_SendByte
                0x0000000000002148       0x1c /home/andres/Documents/EMBT/Term3/Ese3025/EmbeddedGame/GameEngine/lpc_chip_175x_6x/Debug/liblpc_chip_175x_6x.a(uart_17xx_40xx.o)
 .text.Chip_UART_ReadByte
                0x0000000000002164       0x18 /home/andres/Documents/EMBT/Term3/Ese3025/EmbeddedGame/GameEngine/lpc_chip_175x_6x/Debug/liblpc_chip_175x_6x.a(uart_17xx_40xx.o)
 .text.Chip_UART_IntEnable
                0x000000000000217c       0x20 /home/andres/Documents/EMBT/Term3/Ese3025/EmbeddedGame/GameEngine/lpc_chip_175x_6x/Debug/liblpc_chip_175x_6x.a(uart_17xx_40xx.o)
 .text.Chip_UART_IntDisable
                0x000000000000219c       0x22 /home/andres/Documents/EMBT/Term3/Ese3025/EmbeddedGame/GameEngine/lpc_chip_175x_6x/Debug/liblpc_chip_175x_6x.a(uart_17xx_40xx.o)
 .text.Chip_UART_ReadIntIDReg
                0x00000000000021be       0x16 /home/andres/Documents/EMBT/Term3/Ese3025/EmbeddedGame/GameEngine/lpc_chip_175x_6x/Debug/liblpc_chip_175x_6x.a(uart_17xx_40xx.o)
 .text.Chip_UART_SetupFIFOS
                0x00000000000021d4       0x1a /home/andres/Documents/EMBT/Term3/Ese3025/EmbeddedGame/GameEngine/lpc_chip_175x_6x/Debug/liblpc_chip_175x_6x.a(uart_17xx_40xx.o)
 .text.Chip_UART_ConfigData
                0x00000000000021ee       0x1a /home/andres/Documents/EMBT/Term3/Ese3025/EmbeddedGame/GameEngine/lpc_chip_175x_6x/Debug/liblpc_chip_175x_6x.a(uart_17xx_40xx.o)
 .text.Chip_UART_EnableDivisorAccess
                0x0000000000002208       0x1e /home/andres/Documents/EMBT/Term3/Ese3025/EmbeddedGame/GameEngine/lpc_chip_175x_6x/Debug/liblpc_chip_175x_6x.a(uart_17xx_40xx.o)
 .text.Chip_UART_DisableDivisorAccess
                0x0000000000002226       0x1e /home/andres/Documents/EMBT/Term3/Ese3025/EmbeddedGame/GameEngine/lpc_chip_175x_6x/Debug/liblpc_chip_175x_6x.a(uart_17xx_40xx.o)
 .text.Chip_UART_SetDivisorLatches
                0x0000000000002244       0x26 /home/andres/Documents/EMBT/Term3/Ese3025/EmbeddedGame/GameEngine/lpc_chip_175x_6x/Debug/liblpc_chip_175x_6x.a(uart_17xx_40xx.o)
 .text.Chip_UART_ReadLineStatus
                0x000000000000226a       0x16 /home/andres/Documents/EMBT/Term3/Ese3025/EmbeddedGame/GameEngine/lpc_chip_175x_6x/Debug/liblpc_chip_175x_6x.a(uart_17xx_40xx.o)
 .text.Chip_UART_SetAutoBaudReg
                0x0000000000002280       0x20 /home/andres/Documents/EMBT/Term3/Ese3025/EmbeddedGame/GameEngine/lpc_chip_175x_6x/Debug/liblpc_chip_175x_6x.a(uart_17xx_40xx.o)
 .text.Chip_UART_GetClockIndex
                0x00000000000022a0       0x50 /home/andres/Documents/EMBT/Term3/Ese3025/EmbeddedGame/GameEngine/lpc_chip_175x_6x/Debug/liblpc_chip_175x_6x.a(uart_17xx_40xx.o)
 .text.Chip_UART_ABIntHandler
                0x00000000000022f0       0x6c /home/andres/Documents/EMBT/Term3/Ese3025/EmbeddedGame/GameEngine/lpc_chip_175x_6x/Debug/liblpc_chip_175x_6x.a(uart_17xx_40xx.o)
 .text.Chip_UART_GetClkIndex
                0x000000000000235c       0x50 /home/andres/Documents/EMBT/Term3/Ese3025/EmbeddedGame/GameEngine/lpc_chip_175x_6x/Debug/liblpc_chip_175x_6x.a(uart_17xx_40xx.o)
 .text.Chip_UART_Init
                0x00000000000023ac       0x78 /home/andres/Documents/EMBT/Term3/Ese3025/EmbeddedGame/GameEngine/lpc_chip_175x_6x/Debug/liblpc_chip_175x_6x.a(uart_17xx_40xx.o)
                0x00000000000023ac                Chip_UART_Init
 .text.Chip_UART_TXEnable
                0x0000000000002424       0x18 /home/andres/Documents/EMBT/Term3/Ese3025/EmbeddedGame/GameEngine/lpc_chip_175x_6x/Debug/liblpc_chip_175x_6x.a(uart_17xx_40xx.o)
                0x0000000000002424                Chip_UART_TXEnable
 .text.Chip_UART_TXDisable
                0x000000000000243c       0x18 /home/andres/Documents/EMBT/Term3/Ese3025/EmbeddedGame/GameEngine/lpc_chip_175x_6x/Debug/liblpc_chip_175x_6x.a(uart_17xx_40xx.o)
                0x000000000000243c                Chip_UART_TXDisable
 .text.Chip_UART_SetBaud
                0x0000000000002454       0x62 /home/andres/Documents/EMBT/Term3/Ese3025/EmbeddedGame/GameEngine/lpc_chip_175x_6x/Debug/liblpc_chip_175x_6x.a(uart_17xx_40xx.o)
                0x0000000000002454                Chip_UART_SetBaud
 .text.Chip_UART_RXIntHandlerRB
                0x00000000000024b6       0x3a /home/andres/Documents/EMBT/Term3/Ese3025/EmbeddedGame/GameEngine/lpc_chip_175x_6x/Debug/liblpc_chip_175x_6x.a(uart_17xx_40xx.o)
                0x00000000000024b6                Chip_UART_RXIntHandlerRB
 .text.Chip_UART_TXIntHandlerRB
                0x00000000000024f0       0x40 /home/andres/Documents/EMBT/Term3/Ese3025/EmbeddedGame/GameEngine/lpc_chip_175x_6x/Debug/liblpc_chip_175x_6x.a(uart_17xx_40xx.o)
                0x00000000000024f0                Chip_UART_TXIntHandlerRB
 .text.Chip_UART_SendRB
                0x0000000000002530       0x60 /home/andres/Documents/EMBT/Term3/Ese3025/EmbeddedGame/GameEngine/lpc_chip_175x_6x/Debug/liblpc_chip_175x_6x.a(uart_17xx_40xx.o)
                0x0000000000002530                Chip_UART_SendRB
 .text.Chip_UART_ReadRB
                0x0000000000002590       0x22 /home/andres/Documents/EMBT/Term3/Ese3025/EmbeddedGame/GameEngine/lpc_chip_175x_6x/Debug/liblpc_chip_175x_6x.a(uart_17xx_40xx.o)
                0x0000000000002590                Chip_UART_ReadRB
 .text.Chip_UART_IRQRBHandler
                0x00000000000025b2       0x4a /home/andres/Documents/EMBT/Term3/Ese3025/EmbeddedGame/GameEngine/lpc_chip_175x_6x/Debug/liblpc_chip_175x_6x.a(uart_17xx_40xx.o)
                0x00000000000025b2                Chip_UART_IRQRBHandler
 .text.__main   0x00000000000025fc        0xe /usr/local/mcuxpressoide-11.0.1_2563/ide/plugins/com.nxp.mcuxpresso.tools.linux_11.0.1.201907311258/tools/bin/../lib/gcc/arm-none-eabi/8.2.1/../../../../arm-none-eabi/lib/thumb/v7-m/nofp/libcr_nohost.a(_cr__main.o)
                0x00000000000025fc                __main
 .text.memcpy   0x000000000000260a        0x4 /usr/local/mcuxpressoide-11.0.1_2563/ide/plugins/com.nxp.mcuxpresso.tools.linux_11.0.1.201907311258/tools/bin/../lib/gcc/arm-none-eabi/8.2.1/../../../../arm-none-eabi/lib/thumb/v7-m/nofp/libcr_c.a(memcpy.o)
                0x000000000000260a                memcpy
 .text.memset   0x000000000000260e        0x4 /usr/local/mcuxpressoide-11.0.1_2563/ide/plugins/com.nxp.mcuxpresso.tools.linux_11.0.1.201907311258/tools/bin/../lib/gcc/arm-none-eabi/8.2.1/../../../../arm-none-eabi/lib/thumb/v7-m/nofp/libcr_c.a(memset.o)
                0x000000000000260e                memset
 *fill*         0x0000000000002612        0x2 ff
 .text.malloc   0x0000000000002614       0xc8 /usr/local/mcuxpressoide-11.0.1_2563/ide/plugins/com.nxp.mcuxpresso.tools.linux_11.0.1.201907311258/tools/bin/../lib/gcc/arm-none-eabi/8.2.1/../../../../arm-none-eabi/lib/thumb/v7-m/nofp/libcr_c.a(alloc.o)
                0x0000000000002614                malloc
 .text.free     0x00000000000026dc       0x30 /usr/local/mcuxpressoide-11.0.1_2563/ide/plugins/com.nxp.mcuxpresso.tools.linux_11.0.1.201907311258/tools/bin/../lib/gcc/arm-none-eabi/8.2.1/../../../../arm-none-eabi/lib/thumb/v7-m/nofp/libcr_c.a(alloc.o)
                0x00000000000026dc                free
 .text._initio  0x000000000000270c       0x78 /usr/local/mcuxpressoide-11.0.1_2563/ide/plugins/com.nxp.mcuxpresso.tools.linux_11.0.1.201907311258/tools/bin/../lib/gcc/arm-none-eabi/8.2.1/../../../../arm-none-eabi/lib/thumb/v7-m/nofp/libcr_c.a(initio.o)
                0x000000000000270c                _initio
 .text.setvbuf  0x0000000000002784       0x40 /usr/local/mcuxpressoide-11.0.1_2563/ide/plugins/com.nxp.mcuxpresso.tools.linux_11.0.1.201907311258/tools/bin/../lib/gcc/arm-none-eabi/8.2.1/../../../../arm-none-eabi/lib/thumb/v7-m/nofp/libcr_c.a(setvbuf.o)
                0x0000000000002784                setvbuf
 .text.strlen   0x00000000000027c4       0x4c /usr/local/mcuxpressoide-11.0.1_2563/ide/plugins/com.nxp.mcuxpresso.tools.linux_11.0.1.201907311258/tools/bin/../lib/gcc/arm-none-eabi/8.2.1/../../../../arm-none-eabi/lib/thumb/v7-m/nofp/libcr_c.a(strlen.o)
                0x00000000000027c4                strlen
 .text._sbrk    0x0000000000002810       0x3c /usr/local/mcuxpressoide-11.0.1_2563/ide/plugins/com.nxp.mcuxpresso.tools.linux_11.0.1.201907311258/tools/bin/../lib/gcc/arm-none-eabi/8.2.1/../../../../arm-none-eabi/lib/thumb/v7-m/nofp/libcr_c.a(_cr_sbrk.o)
                0x0000000000002810                _sbrk
 .text._deferredlazyseek
                0x000000000000284c       0x40 /usr/local/mcuxpressoide-11.0.1_2563/ide/plugins/com.nxp.mcuxpresso.tools.linux_11.0.1.201907311258/tools/bin/../lib/gcc/arm-none-eabi/8.2.1/../../../../arm-none-eabi/lib/thumb/v7-m/nofp/libcr_c.a(_deferredlazyseek.o)
                0x000000000000284c                _deferredlazyseek
 .text._fdopen  0x000000000000288c       0x68 /usr/local/mcuxpressoide-11.0.1_2563/ide/plugins/com.nxp.mcuxpresso.tools.linux_11.0.1.201907311258/tools/bin/../lib/gcc/arm-none-eabi/8.2.1/../../../../arm-none-eabi/lib/thumb/v7-m/nofp/libcr_c.a(_fdopen.o)
                0x000000000000288c                _fdopen
 .text._fflush  0x00000000000028f4       0x52 /usr/local/mcuxpressoide-11.0.1_2563/ide/plugins/com.nxp.mcuxpresso.tools.linux_11.0.1.201907311258/tools/bin/../lib/gcc/arm-none-eabi/8.2.1/../../../../arm-none-eabi/lib/thumb/v7-m/nofp/libcr_c.a(_fflush.o)
                0x00000000000028f4                _fflush
 *fill*         0x0000000000002946        0x2 ff
 .text._Cwritebuf
                0x0000000000002948       0x6c /usr/local/mcuxpressoide-11.0.1_2563/ide/plugins/com.nxp.mcuxpresso.tools.linux_11.0.1.201907311258/tools/bin/../lib/gcc/arm-none-eabi/8.2.1/../../../../arm-none-eabi/lib/thumb/v7-m/nofp/libcr_c.a(_writebuf.o)
                0x0000000000002948                _Cwritebuf
 .text.fclose   0x00000000000029b4       0x58 /usr/local/mcuxpressoide-11.0.1_2563/ide/plugins/com.nxp.mcuxpresso.tools.linux_11.0.1.201907311258/tools/bin/../lib/gcc/arm-none-eabi/8.2.1/../../../../arm-none-eabi/lib/thumb/v7-m/nofp/libcr_c.a(fclose.o)
                0x00000000000029b4                fclose
 .text.fflush   0x0000000000002a0c       0x44 /usr/local/mcuxpressoide-11.0.1_2563/ide/plugins/com.nxp.mcuxpresso.tools.linux_11.0.1.201907311258/tools/bin/../lib/gcc/arm-none-eabi/8.2.1/../../../../arm-none-eabi/lib/thumb/v7-m/nofp/libcr_c.a(fflush.o)
                0x0000000000002a0c                fflush
 .text.fseek    0x0000000000002a50      0x100 /usr/local/mcuxpressoide-11.0.1_2563/ide/plugins/com.nxp.mcuxpresso.tools.linux_11.0.1.201907311258/tools/bin/../lib/gcc/arm-none-eabi/8.2.1/../../../../arm-none-eabi/lib/thumb/v7-m/nofp/libcr_c.a(fseek.o)
                0x0000000000002a50                fseek
 .text.ftell    0x0000000000002b50       0x48 /usr/local/mcuxpressoide-11.0.1_2563/ide/plugins/com.nxp.mcuxpresso.tools.linux_11.0.1.201907311258/tools/bin/../lib/gcc/arm-none-eabi/8.2.1/../../../../arm-none-eabi/lib/thumb/v7-m/nofp/libcr_c.a(ftell.o)
                0x0000000000002b50                ftell
 .text.remove   0x0000000000002b98       0x14 /usr/local/mcuxpressoide-11.0.1_2563/ide/plugins/com.nxp.mcuxpresso.tools.linux_11.0.1.201907311258/tools/bin/../lib/gcc/arm-none-eabi/8.2.1/../../../../arm-none-eabi/lib/thumb/v7-m/nofp/libcr_c.a(remove.o)
                0x0000000000002b98                remove
 .text.__check_heap_overflow
                0x0000000000002bac       0x18 /usr/local/mcuxpressoide-11.0.1_2563/ide/plugins/com.nxp.mcuxpresso.tools.linux_11.0.1.201907311258/tools/bin/../lib/gcc/arm-none-eabi/8.2.1/../../../../arm-none-eabi/lib/thumb/v7-m/nofp/libcr_c.a(_cr_check_heap.o)
                0x0000000000002bac                __check_heap_overflow
 .text._do_fflush
                0x0000000000002bc4       0x40 /usr/local/mcuxpressoide-11.0.1_2563/ide/plugins/com.nxp.mcuxpresso.tools.linux_11.0.1.201907311258/tools/bin/../lib/gcc/arm-none-eabi/8.2.1/../../../../arm-none-eabi/lib/thumb/v7-m/nofp/libcr_c.a(_do_fflush.o)
                0x0000000000002bc4                _do_fflush
 .text.__aeabi_memcpy
                0x0000000000002c04       0x34 /usr/local/mcuxpressoide-11.0.1_2563/ide/plugins/com.nxp.mcuxpresso.tools.linux_11.0.1.201907311258/tools/bin/../lib/gcc/arm-none-eabi/8.2.1/thumb/v7-m/nofp/libcr_eabihelpers.a(memcpy.o)
                0x0000000000002c04                __aeabi_memcpy
                0x0000000000002c0e                __aeabi_memcpy4
                0x0000000000002c0e                __aeabi_memcpy8
 .text.__aeabi_memset_lowlevel
                0x0000000000002c38       0x32 /usr/local/mcuxpressoide-11.0.1_2563/ide/plugins/com.nxp.mcuxpresso.tools.linux_11.0.1.201907311258/tools/bin/../lib/gcc/arm-none-eabi/8.2.1/thumb/v7-m/nofp/libcr_eabihelpers.a(memcpy.o)
                0x0000000000002c38                __aeabi_lowlevel_memset
 .text.__sys_close
                0x0000000000002c6a        0x6 /usr/local/mcuxpressoide-11.0.1_2563/ide/plugins/com.nxp.mcuxpresso.tools.linux_11.0.1.201907311258/tools/bin/../lib/gcc/arm-none-eabi/8.2.1/../../../../arm-none-eabi/lib/thumb/v7-m/nofp/libcr_nohost.a(__sys_close.o)
                0x0000000000002c6a                __sys_close
 .text.__sys_flen
                0x0000000000002c70        0x6 /usr/local/mcuxpressoide-11.0.1_2563/ide/plugins/com.nxp.mcuxpresso.tools.linux_11.0.1.201907311258/tools/bin/../lib/gcc/arm-none-eabi/8.2.1/../../../../arm-none-eabi/lib/thumb/v7-m/nofp/libcr_nohost.a(__sys_flen.o)
                0x0000000000002c70                __sys_flen
 .text.__sys_istty
                0x0000000000002c76        0x6 /usr/local/mcuxpressoide-11.0.1_2563/ide/plugins/com.nxp.mcuxpresso.tools.linux_11.0.1.201907311258/tools/bin/../lib/gcc/arm-none-eabi/8.2.1/../../../../arm-none-eabi/lib/thumb/v7-m/nofp/libcr_nohost.a(__sys_istty.o)
                0x0000000000002c76                __sys_istty
 .text.__sys_remove
                0x0000000000002c7c        0x6 /usr/local/mcuxpressoide-11.0.1_2563/ide/plugins/com.nxp.mcuxpresso.tools.linux_11.0.1.201907311258/tools/bin/../lib/gcc/arm-none-eabi/8.2.1/../../../../arm-none-eabi/lib/thumb/v7-m/nofp/libcr_nohost.a(__sys_remove.o)
                0x0000000000002c7c                __sys_remove
 .text.__sys_seek
                0x0000000000002c82        0x6 /usr/local/mcuxpressoide-11.0.1_2563/ide/plugins/com.nxp.mcuxpresso.tools.linux_11.0.1.201907311258/tools/bin/../lib/gcc/arm-none-eabi/8.2.1/../../../../arm-none-eabi/lib/thumb/v7-m/nofp/libcr_nohost.a(__sys_seek.o)
                0x0000000000002c82                __sys_seek
 .text.__sys_tmpnam
                0x0000000000002c88        0x6 /usr/local/mcuxpressoide-11.0.1_2563/ide/plugins/com.nxp.mcuxpresso.tools.linux_11.0.1.201907311258/tools/bin/../lib/gcc/arm-none-eabi/8.2.1/../../../../arm-none-eabi/lib/thumb/v7-m/nofp/libcr_nohost.a(__sys_tmpnam.o)
                0x0000000000002c88                __sys_tmpnam
 *(.rodata .rodata.* .constdata .constdata.*)
 *fill*         0x0000000000002c8e        0x2 ff
 .rodata        0x0000000000002c90       0x2a ./src/src/gameEngine.o
 *fill*         0x0000000000002cba        0x2 ff
 .rodata        0x0000000000002cbc       0x2e ./src/Tasks/uart.o
 *fill*         0x0000000000002cea        0x2 ff
 .rodata        0x0000000000002cec        0x5 ./freertos/src/tasks.o
 *fill*         0x0000000000002cf1        0x3 ff
 .rodata.OscRateIn
                0x0000000000002cf4        0x4 /home/andres/Documents/EMBT/Term3/Ese3025/EmbeddedGame/GameEngine/lpc_board_nxp_lpcxpresso_1769/Debug/liblpc_board_nxp_lpcxpresso_1769.a(board.o)
                0x0000000000002cf4                OscRateIn
 .rodata.RTCOscRateIn
                0x0000000000002cf8        0x4 /home/andres/Documents/EMBT/Term3/Ese3025/EmbeddedGame/GameEngine/lpc_board_nxp_lpcxpresso_1769/Debug/liblpc_board_nxp_lpcxpresso_1769.a(board.o)
                0x0000000000002cf8                RTCOscRateIn
 .rodata.pinmuxing
                0x0000000000002cfc       0x5c /home/andres/Documents/EMBT/Term3/Ese3025/EmbeddedGame/GameEngine/lpc_board_nxp_lpcxpresso_1769/Debug/liblpc_board_nxp_lpcxpresso_1769.a(board_sysinit.o)
 .rodata._initio.str1.1
                0x0000000000002d58        0x4 /usr/local/mcuxpressoide-11.0.1_2563/ide/plugins/com.nxp.mcuxpresso.tools.linux_11.0.1.201907311258/tools/bin/../lib/gcc/arm-none-eabi/8.2.1/../../../../arm-none-eabi/lib/thumb/v7-m/nofp/libcr_c.a(initio.o)
 .rodata.__num_Ciob_streams
                0x0000000000002d5c        0x4 /usr/local/mcuxpressoide-11.0.1_2563/ide/plugins/com.nxp.mcuxpresso.tools.linux_11.0.1.201907311258/tools/bin/../lib/gcc/arm-none-eabi/8.2.1/../../../../arm-none-eabi/lib/thumb/v7-m/nofp/libcr_nohost.a(__ciob.o)
                0x0000000000002d5c                __num_Ciob_streams
                0x0000000000002d60                . = ALIGN (0x4)

.glue_7         0x0000000000002d60        0x0
 .glue_7        0x0000000000002d60        0x0 linker stubs

.glue_7t        0x0000000000002d60        0x0
 .glue_7t       0x0000000000002d60        0x0 linker stubs

.vfp11_veneer   0x0000000000002d60        0x0
 .vfp11_veneer  0x0000000000002d60        0x0 linker stubs

.v4_bx          0x0000000000002d60        0x0
 .v4_bx         0x0000000000002d60        0x0 linker stubs

.iplt           0x0000000000002d60        0x0
 .iplt          0x0000000000002d60        0x0 ./src/src/cr_startup_lpc175x_6x.o

.rel.dyn        0x0000000000002d60        0x0
 .rel.iplt      0x0000000000002d60        0x0 ./src/src/cr_startup_lpc175x_6x.o

.ARM.extab
 *(.ARM.extab* .gnu.linkonce.armextab.*)
                0x0000000000002d60                __exidx_start = .

.ARM.exidx
 *(.ARM.exidx* .gnu.linkonce.armexidx.*)
                0x0000000000002d60                __exidx_end = .
                0x0000000000002d60                _etext = .

.data_RAM2      0x000000002007c000        0x0 load address 0x0000000000002d60
 FILL mask 0xff
                [!provide]                        PROVIDE (__start_data_RAM2 = .)
 *(.ramfunc.$RAM2)
 *(.ramfunc.$RamAHB32)
 *(.data.$RAM2)
 *(.data.$RamAHB32)
 *(.data.$RAM2.*)
 *(.data.$RamAHB32.*)
                0x000000002007c000                . = ALIGN (0x4)
                [!provide]                        PROVIDE (__end_data_RAM2 = .)

.uninit_RESERVED
                0x0000000010000000        0x0
                0x0000000010000000                . = ALIGN (0x4)
 *(.bss.$RESERVED*)
                0x0000000010000000                . = ALIGN (0x4)
                0x0000000010000000                _end_uninit_RESERVED = .

.data           0x0000000010000000        0x8 load address 0x0000000000002d60
 FILL mask 0xff
                0x0000000010000000                _data = .
 *(vtable)
 *(.ramfunc*)
 *(CodeQuickAccess)
 *(DataQuickAccess)
 *(RamFunction)
 *(.data*)
 .data.uxCriticalNesting
                0x0000000010000000        0x4 ./freertos/src/port.o
 .data.xNextTaskUnblockTime
                0x0000000010000004        0x4 ./freertos/src/tasks.o
                0x0000000010000008                . = ALIGN (0x4)
                0x0000000010000008                _edata = .

.igot.plt       0x0000000010000008        0x0 load address 0x0000000000002d68
 .igot.plt      0x0000000010000008        0x0 ./src/src/cr_startup_lpc175x_6x.o

.bss_RAM2       0x000000002007c000        0x0
                0x000000002007c000                . = ALIGN (0x4)
                [!provide]                        PROVIDE (__start_bss_RAM2 = .)
 *(.bss.$RAM2)
 *(.bss.$RamAHB32)
 *(.bss.$RAM2.*)
 *(.bss.$RamAHB32.*)
                0x000000002007c000                . = ALIGN ((. != 0x0)?0x4:0x1)
                [!provide]                        PROVIDE (__end_bss_RAM2 = .)

.bss            0x0000000010000008      0x4a0
                0x0000000010000008                . = ALIGN (0x4)
                0x0000000010000008                _bss = .
 *(.bss*)
 .bss.ulTimerCountsForOneTick
                0x0000000010000008        0x4 ./freertos/src/port.o
 .bss.xMaximumPossibleSuppressedTicks
                0x000000001000000c        0x4 ./freertos/src/port.o
 .bss.ulStoppedTimerCompensation
                0x0000000010000010        0x4 ./freertos/src/port.o
 .bss.pxCurrentTCB
                0x0000000010000014        0x4 ./freertos/src/tasks.o
                0x0000000010000014                pxCurrentTCB
 .bss.pxReadyTasksLists
                0x0000000010000018       0xa0 ./freertos/src/tasks.o
 .bss.xDelayedTaskList1
                0x00000000100000b8       0x14 ./freertos/src/tasks.o
 .bss.xDelayedTaskList2
                0x00000000100000cc       0x14 ./freertos/src/tasks.o
 .bss.pxDelayedTaskList
                0x00000000100000e0        0x4 ./freertos/src/tasks.o
 .bss.pxOverflowDelayedTaskList
                0x00000000100000e4        0x4 ./freertos/src/tasks.o
 .bss.xPendingReadyList
                0x00000000100000e8       0x14 ./freertos/src/tasks.o
 .bss.xTasksWaitingTermination
                0x00000000100000fc       0x14 ./freertos/src/tasks.o
 .bss.uxTasksDeleted
                0x0000000010000110        0x4 ./freertos/src/tasks.o
 .bss.xSuspendedTaskList
                0x0000000010000114       0x14 ./freertos/src/tasks.o
 .bss.uxCurrentNumberOfTasks
                0x0000000010000128        0x4 ./freertos/src/tasks.o
 .bss.xTickCount
                0x000000001000012c        0x4 ./freertos/src/tasks.o
 .bss.uxTopReadyPriority
                0x0000000010000130        0x4 ./freertos/src/tasks.o
 .bss.xSchedulerRunning
                0x0000000010000134        0x4 ./freertos/src/tasks.o
 .bss.uxSchedulerSuspended
                0x0000000010000138        0x4 ./freertos/src/tasks.o
 .bss.uxPendedTicks
                0x000000001000013c        0x4 ./freertos/src/tasks.o
 .bss.xYieldPending
                0x0000000010000140        0x4 ./freertos/src/tasks.o
 .bss.xNumOfOverflows
                0x0000000010000144        0x4 ./freertos/src/tasks.o
 .bss.uxTaskNumber
                0x0000000010000148        0x4 ./freertos/src/tasks.o
 .bss.ABsyncSts
                0x000000001000014c        0x1 /home/andres/Documents/EMBT/Term3/Ese3025/EmbeddedGame/GameEngine/lpc_chip_175x_6x/Debug/liblpc_chip_175x_6x.a(uart_17xx_40xx.o)
 *fill*         0x000000001000014d        0x3 
 .bss.__end_of_heap
                0x0000000010000150        0x4 /usr/local/mcuxpressoide-11.0.1_2563/ide/plugins/com.nxp.mcuxpresso.tools.linux_11.0.1.201907311258/tools/bin/../lib/gcc/arm-none-eabi/8.2.1/../../../../arm-none-eabi/lib/thumb/v7-m/nofp/libcr_c.a(__init_alloc.o)
                0x0000000010000150                __end_of_heap
 .bss.__heaps   0x0000000010000154        0x4 /usr/local/mcuxpressoide-11.0.1_2563/ide/plugins/com.nxp.mcuxpresso.tools.linux_11.0.1.201907311258/tools/bin/../lib/gcc/arm-none-eabi/8.2.1/../../../../arm-none-eabi/lib/thumb/v7-m/nofp/libcr_c.a(__init_alloc.o)
                0x0000000010000154                __heaps
 .bss.errno     0x0000000010000158        0x4 /usr/local/mcuxpressoide-11.0.1_2563/ide/plugins/com.nxp.mcuxpresso.tools.linux_11.0.1.201907311258/tools/bin/../lib/gcc/arm-none-eabi/8.2.1/../../../../arm-none-eabi/lib/thumb/v7-m/nofp/libcr_c.a(errno.o)
                0x0000000010000158                errno
 .bss.__Ciob    0x000000001000015c      0x1e0 /usr/local/mcuxpressoide-11.0.1_2563/ide/plugins/com.nxp.mcuxpresso.tools.linux_11.0.1.201907311258/tools/bin/../lib/gcc/arm-none-eabi/8.2.1/../../../../arm-none-eabi/lib/thumb/v7-m/nofp/libcr_nohost.a(__ciob.o)
                0x000000001000015c                __Ciob
 *(COMMON)
 COMMON         0x000000001000033c      0x168 ./src/Tasks/uart.o
                0x000000001000033c                txring
                0x0000000010000350                rx_buff
                0x0000000010000370                txbuff
                0x00000000100003f0                rxring
                0x0000000010000404                rxbuff
                0x0000000010000424                tx_buff
 COMMON         0x00000000100004a4        0x4 /home/andres/Documents/EMBT/Term3/Ese3025/EmbeddedGame/GameEngine/lpc_chip_175x_6x/Debug/liblpc_chip_175x_6x.a(chip_17xx_40xx.o)
                0x00000000100004a4                SystemCoreClock
                0x00000000100004a8                . = ALIGN (0x4)
                0x00000000100004a8                _ebss = .
                [!provide]                        PROVIDE (end = .)

.noinit_RAM2    0x000000002007c000        0x0
                0x000000002007c000                . = ALIGN (0x4)
 *(.noinit.$RAM2)
 *(.noinit.$RamAHB32)
 *(.noinit.$RAM2.*)
 *(.noinit.$RamAHB32.*)
                0x000000002007c000                . = ALIGN (0x4)

.noinit         0x00000000100004a8        0x0
                0x00000000100004a8                . = ALIGN (0x4)
                0x00000000100004a8                _noinit = .
 *(.noinit*)
                0x00000000100004a8                . = ALIGN (0x4)
                0x00000000100004a8                _end_noinit = .
                0x00000000100004a8                PROVIDE (_pvHeapStart = DEFINED (__user_heap_base)?__user_heap_base:.)
                0x0000000010008000                PROVIDE (_vStackTop = DEFINED (__user_stack_top)?__user_stack_top:(__top_RamLoc32 - 0x0))
                [!provide]                        PROVIDE (__valid_user_code_checksum = (0x0 - ((((((_vStackTop + (ResetISR + 0x1)) + (NMI_Handler + 0x1)) + (HardFault_Handler + 0x1)) + (DEFINED (MemManage_Handler)?MemManage_Handler:0x0 + 0x1)) + (DEFINED (BusFault_Handler)?BusFault_Handler:0x0 + 0x1)) + (DEFINED (UsageFault_Handler)?UsageFault_Handler:0x0 + 0x1))))
                0x0000000000000000                _image_start = LOADADDR (.text)
                0x0000000000002d68                _image_end = (LOADADDR (.data) + SIZEOF (.data))
                0x0000000000002d68                _image_size = (_image_end - _image_start)
OUTPUT(gameEngine.axf elf32-littlearm)

.debug_info     0x0000000000000000     0x81a8
 .debug_info    0x0000000000000000      0x272 ./src/src/cr_startup_lpc175x_6x.o
 .debug_info    0x0000000000000272      0x379 ./src/src/gameEngine.o
 .debug_info    0x00000000000005eb      0x250 ./src/src/sysinit.o
 .debug_info    0x000000000000083b      0xba3 ./src/Tasks/uart.o
 .debug_info    0x00000000000013de      0x2f8 ./freertos/src/FreeRTOSCommonHooks.o
 .debug_info    0x00000000000016d6      0x282 ./freertos/src/heap_3.o
 .debug_info    0x0000000000001958      0x439 ./freertos/src/list.o
 .debug_info    0x0000000000001d91      0x53e ./freertos/src/port.o
 .debug_info    0x00000000000022cf     0x1436 ./freertos/src/tasks.o
 .debug_info    0x0000000000003705     0x1652 /home/andres/Documents/EMBT/Term3/Ese3025/EmbeddedGame/GameEngine/lpc_board_nxp_lpcxpresso_1769/Debug/liblpc_board_nxp_lpcxpresso_1769.a(board.o)
 .debug_info    0x0000000000004d57      0x71d /home/andres/Documents/EMBT/Term3/Ese3025/EmbeddedGame/GameEngine/lpc_board_nxp_lpcxpresso_1769/Debug/liblpc_board_nxp_lpcxpresso_1769.a(board_sysinit.o)
 .debug_info    0x0000000000005474      0x591 /home/andres/Documents/EMBT/Term3/Ese3025/EmbeddedGame/GameEngine/lpc_chip_175x_6x/Debug/liblpc_chip_175x_6x.a(chip_17xx_40xx.o)
 .debug_info    0x0000000000005a05      0xc2a /home/andres/Documents/EMBT/Term3/Ese3025/EmbeddedGame/GameEngine/lpc_chip_175x_6x/Debug/liblpc_chip_175x_6x.a(clock_17xx_40xx.o)
 .debug_info    0x000000000000662f      0x347 /home/andres/Documents/EMBT/Term3/Ese3025/EmbeddedGame/GameEngine/lpc_chip_175x_6x/Debug/liblpc_chip_175x_6x.a(iocon_17xx_40xx.o)
 .debug_info    0x0000000000006976      0x3a8 /home/andres/Documents/EMBT/Term3/Ese3025/EmbeddedGame/GameEngine/lpc_chip_175x_6x/Debug/liblpc_chip_175x_6x.a(ring_buffer.o)
 .debug_info    0x0000000000006d1e      0x4b0 /home/andres/Documents/EMBT/Term3/Ese3025/EmbeddedGame/GameEngine/lpc_chip_175x_6x/Debug/liblpc_chip_175x_6x.a(sysinit_17xx_40xx.o)
 .debug_info    0x00000000000071ce      0xfda /home/andres/Documents/EMBT/Term3/Ese3025/EmbeddedGame/GameEngine/lpc_chip_175x_6x/Debug/liblpc_chip_175x_6x.a(uart_17xx_40xx.o)

.debug_abbrev   0x0000000000000000     0x20e9
 .debug_abbrev  0x0000000000000000      0x117 ./src/src/cr_startup_lpc175x_6x.o
 .debug_abbrev  0x0000000000000117      0x13f ./src/src/gameEngine.o
 .debug_abbrev  0x0000000000000256       0xeb ./src/src/sysinit.o
 .debug_abbrev  0x0000000000000341      0x29d ./src/Tasks/uart.o
 .debug_abbrev  0x00000000000005de      0x181 ./freertos/src/FreeRTOSCommonHooks.o
 .debug_abbrev  0x000000000000075f      0x12b ./freertos/src/heap_3.o
 .debug_abbrev  0x000000000000088a      0x136 ./freertos/src/list.o
 .debug_abbrev  0x00000000000009c0      0x243 ./freertos/src/port.o
 .debug_abbrev  0x0000000000000c03      0x291 ./freertos/src/tasks.o
 .debug_abbrev  0x0000000000000e94      0x413 /home/andres/Documents/EMBT/Term3/Ese3025/EmbeddedGame/GameEngine/lpc_board_nxp_lpcxpresso_1769/Debug/liblpc_board_nxp_lpcxpresso_1769.a(board.o)
 .debug_abbrev  0x00000000000012a7      0x1a2 /home/andres/Documents/EMBT/Term3/Ese3025/EmbeddedGame/GameEngine/lpc_board_nxp_lpcxpresso_1769/Debug/liblpc_board_nxp_lpcxpresso_1769.a(board_sysinit.o)
 .debug_abbrev  0x0000000000001449      0x16d /home/andres/Documents/EMBT/Term3/Ese3025/EmbeddedGame/GameEngine/lpc_chip_175x_6x/Debug/liblpc_chip_175x_6x.a(chip_17xx_40xx.o)
 .debug_abbrev  0x00000000000015b6      0x34d /home/andres/Documents/EMBT/Term3/Ese3025/EmbeddedGame/GameEngine/lpc_chip_175x_6x/Debug/liblpc_chip_175x_6x.a(clock_17xx_40xx.o)
 .debug_abbrev  0x0000000000001903      0x164 /home/andres/Documents/EMBT/Term3/Ese3025/EmbeddedGame/GameEngine/lpc_chip_175x_6x/Debug/liblpc_chip_175x_6x.a(iocon_17xx_40xx.o)
 .debug_abbrev  0x0000000000001a67      0x17e /home/andres/Documents/EMBT/Term3/Ese3025/EmbeddedGame/GameEngine/lpc_chip_175x_6x/Debug/liblpc_chip_175x_6x.a(ring_buffer.o)
 .debug_abbrev  0x0000000000001be5      0x1b0 /home/andres/Documents/EMBT/Term3/Ese3025/EmbeddedGame/GameEngine/lpc_chip_175x_6x/Debug/liblpc_chip_175x_6x.a(sysinit_17xx_40xx.o)
 .debug_abbrev  0x0000000000001d95      0x354 /home/andres/Documents/EMBT/Term3/Ese3025/EmbeddedGame/GameEngine/lpc_chip_175x_6x/Debug/liblpc_chip_175x_6x.a(uart_17xx_40xx.o)

.debug_aranges  0x0000000000000000      0x8d8
 .debug_aranges
                0x0000000000000000       0x80 ./src/src/cr_startup_lpc175x_6x.o
 .debug_aranges
                0x0000000000000080       0x38 ./src/src/gameEngine.o
 .debug_aranges
                0x00000000000000b8       0x20 ./src/src/sysinit.o
 .debug_aranges
                0x00000000000000d8       0x50 ./src/Tasks/uart.o
 .debug_aranges
                0x0000000000000128       0x40 ./freertos/src/FreeRTOSCommonHooks.o
 .debug_aranges
                0x0000000000000168       0x28 ./freertos/src/heap_3.o
 .debug_aranges
                0x0000000000000190       0x40 ./freertos/src/list.o
 .debug_aranges
                0x00000000000001d0       0x90 ./freertos/src/port.o
 .debug_aranges
                0x0000000000000260      0x170 ./freertos/src/tasks.o
 .debug_aranges
                0x00000000000003d0      0x160 /home/andres/Documents/EMBT/Term3/Ese3025/EmbeddedGame/GameEngine/lpc_board_nxp_lpcxpresso_1769/Debug/liblpc_board_nxp_lpcxpresso_1769.a(board.o)
 .debug_aranges
                0x0000000000000530       0x38 /home/andres/Documents/EMBT/Term3/Ese3025/EmbeddedGame/GameEngine/lpc_board_nxp_lpcxpresso_1769/Debug/liblpc_board_nxp_lpcxpresso_1769.a(board_sysinit.o)
 .debug_aranges
                0x0000000000000568       0x38 /home/andres/Documents/EMBT/Term3/Ese3025/EmbeddedGame/GameEngine/lpc_chip_175x_6x/Debug/liblpc_chip_175x_6x.a(chip_17xx_40xx.o)
 .debug_aranges
                0x00000000000005a0      0x120 /home/andres/Documents/EMBT/Term3/Ese3025/EmbeddedGame/GameEngine/lpc_chip_175x_6x/Debug/liblpc_chip_175x_6x.a(clock_17xx_40xx.o)
 .debug_aranges
                0x00000000000006c0       0x30 /home/andres/Documents/EMBT/Term3/Ese3025/EmbeddedGame/GameEngine/lpc_chip_175x_6x/Debug/liblpc_chip_175x_6x.a(iocon_17xx_40xx.o)
 .debug_aranges
                0x00000000000006f0       0x60 /home/andres/Documents/EMBT/Term3/Ese3025/EmbeddedGame/GameEngine/lpc_chip_175x_6x/Debug/liblpc_chip_175x_6x.a(ring_buffer.o)
 .debug_aranges
                0x0000000000000750       0x60 /home/andres/Documents/EMBT/Term3/Ese3025/EmbeddedGame/GameEngine/lpc_chip_175x_6x/Debug/liblpc_chip_175x_6x.a(sysinit_17xx_40xx.o)
 .debug_aranges
                0x00000000000007b0      0x128 /home/andres/Documents/EMBT/Term3/Ese3025/EmbeddedGame/GameEngine/lpc_chip_175x_6x/Debug/liblpc_chip_175x_6x.a(uart_17xx_40xx.o)

.debug_ranges   0x0000000000000000      0x7c8
 .debug_ranges  0x0000000000000000       0x70 ./src/src/cr_startup_lpc175x_6x.o
 .debug_ranges  0x0000000000000070       0x28 ./src/src/gameEngine.o
 .debug_ranges  0x0000000000000098       0x10 ./src/src/sysinit.o
 .debug_ranges  0x00000000000000a8       0x40 ./src/Tasks/uart.o
 .debug_ranges  0x00000000000000e8       0x30 ./freertos/src/FreeRTOSCommonHooks.o
 .debug_ranges  0x0000000000000118       0x18 ./freertos/src/heap_3.o
 .debug_ranges  0x0000000000000130       0x30 ./freertos/src/list.o
 .debug_ranges  0x0000000000000160       0x80 ./freertos/src/port.o
 .debug_ranges  0x00000000000001e0      0x160 ./freertos/src/tasks.o
 .debug_ranges  0x0000000000000340      0x150 /home/andres/Documents/EMBT/Term3/Ese3025/EmbeddedGame/GameEngine/lpc_board_nxp_lpcxpresso_1769/Debug/liblpc_board_nxp_lpcxpresso_1769.a(board.o)
 .debug_ranges  0x0000000000000490       0x28 /home/andres/Documents/EMBT/Term3/Ese3025/EmbeddedGame/GameEngine/lpc_board_nxp_lpcxpresso_1769/Debug/liblpc_board_nxp_lpcxpresso_1769.a(board_sysinit.o)
 .debug_ranges  0x00000000000004b8       0x28 /home/andres/Documents/EMBT/Term3/Ese3025/EmbeddedGame/GameEngine/lpc_chip_175x_6x/Debug/liblpc_chip_175x_6x.a(chip_17xx_40xx.o)
 .debug_ranges  0x00000000000004e0      0x110 /home/andres/Documents/EMBT/Term3/Ese3025/EmbeddedGame/GameEngine/lpc_chip_175x_6x/Debug/liblpc_chip_175x_6x.a(clock_17xx_40xx.o)
 .debug_ranges  0x00000000000005f0       0x20 /home/andres/Documents/EMBT/Term3/Ese3025/EmbeddedGame/GameEngine/lpc_chip_175x_6x/Debug/liblpc_chip_175x_6x.a(iocon_17xx_40xx.o)
 .debug_ranges  0x0000000000000610       0x50 /home/andres/Documents/EMBT/Term3/Ese3025/EmbeddedGame/GameEngine/lpc_chip_175x_6x/Debug/liblpc_chip_175x_6x.a(ring_buffer.o)
 .debug_ranges  0x0000000000000660       0x50 /home/andres/Documents/EMBT/Term3/Ese3025/EmbeddedGame/GameEngine/lpc_chip_175x_6x/Debug/liblpc_chip_175x_6x.a(sysinit_17xx_40xx.o)
 .debug_ranges  0x00000000000006b0      0x118 /home/andres/Documents/EMBT/Term3/Ese3025/EmbeddedGame/GameEngine/lpc_chip_175x_6x/Debug/liblpc_chip_175x_6x.a(uart_17xx_40xx.o)

.debug_macro    0x0000000000000000     0x66a0
 .debug_macro   0x0000000000000000       0x1d ./src/src/cr_startup_lpc175x_6x.o
 .debug_macro   0x000000000000001d      0xa9c ./src/src/cr_startup_lpc175x_6x.o
 .debug_macro   0x0000000000000ab9      0x2a9 ./src/src/gameEngine.o
 .debug_macro   0x0000000000000d62       0x10 ./src/src/gameEngine.o
 .debug_macro   0x0000000000000d72      0x12e ./src/src/gameEngine.o
 .debug_macro   0x0000000000000ea0      0x5b3 ./src/src/gameEngine.o
 .debug_macro   0x0000000000001453       0x22 ./src/src/gameEngine.o
 .debug_macro   0x0000000000001475       0x7b ./src/src/gameEngine.o
 .debug_macro   0x00000000000014f0       0x10 ./src/src/gameEngine.o
 .debug_macro   0x0000000000001500       0x2d ./src/src/gameEngine.o
 .debug_macro   0x000000000000152d       0x3a ./src/src/gameEngine.o
 .debug_macro   0x0000000000001567       0x2d ./src/src/gameEngine.o
 .debug_macro   0x0000000000001594      0xbb1 ./src/src/gameEngine.o
 .debug_macro   0x0000000000002145      0x22c ./src/src/gameEngine.o
 .debug_macro   0x0000000000002371       0x42 ./src/src/gameEngine.o
 .debug_macro   0x00000000000023b3       0x52 ./src/src/gameEngine.o
 .debug_macro   0x0000000000002405       0x78 ./src/src/gameEngine.o
 .debug_macro   0x000000000000247d       0x82 ./src/src/gameEngine.o
 .debug_macro   0x00000000000024ff      0x48c ./src/src/gameEngine.o
 .debug_macro   0x000000000000298b       0x34 ./src/src/gameEngine.o
 .debug_macro   0x00000000000029bf      0x4c5 ./src/src/gameEngine.o
 .debug_macro   0x0000000000002e84      0x1b7 ./src/src/gameEngine.o
 .debug_macro   0x000000000000303b       0x10 ./src/src/gameEngine.o
 .debug_macro   0x000000000000304b      0x21b ./src/src/gameEngine.o
 .debug_macro   0x0000000000003266      0x1b9 ./src/src/gameEngine.o
 .debug_macro   0x000000000000341f       0x40 ./src/src/gameEngine.o
 .debug_macro   0x000000000000345f       0x22 ./src/src/gameEngine.o
 .debug_macro   0x0000000000003481      0x162 ./src/src/gameEngine.o
 .debug_macro   0x00000000000035e3       0x94 ./src/src/gameEngine.o
 .debug_macro   0x0000000000003677       0xb8 ./src/src/gameEngine.o
 .debug_macro   0x000000000000372f       0x4c ./src/src/gameEngine.o
 .debug_macro   0x000000000000377b       0x16 ./src/src/gameEngine.o
 .debug_macro   0x0000000000003791      0x328 ./src/src/gameEngine.o
 .debug_macro   0x0000000000003ab9       0x49 ./src/src/gameEngine.o
 .debug_macro   0x0000000000003b02       0x16 ./src/src/gameEngine.o
 .debug_macro   0x0000000000003b18       0xca ./src/src/gameEngine.o
 .debug_macro   0x0000000000003be2       0x18 ./src/src/gameEngine.o
 .debug_macro   0x0000000000003bfa       0x70 ./src/src/gameEngine.o
 .debug_macro   0x0000000000003c6a       0x9a ./src/src/gameEngine.o
 .debug_macro   0x0000000000003d04       0x20 ./src/src/gameEngine.o
 .debug_macro   0x0000000000003d24       0x28 ./src/src/gameEngine.o
 .debug_macro   0x0000000000003d4c       0x10 ./src/src/gameEngine.o
 .debug_macro   0x0000000000003d5c       0x46 ./src/src/gameEngine.o
 .debug_macro   0x0000000000003da2       0xf4 ./src/src/gameEngine.o
 .debug_macro   0x0000000000003e96       0xab ./src/src/gameEngine.o
 .debug_macro   0x0000000000003f41       0x12 ./src/src/gameEngine.o
 .debug_macro   0x0000000000003f53       0x1f ./src/src/gameEngine.o
 .debug_macro   0x0000000000003f72      0x257 ./src/src/gameEngine.o
 .debug_macro   0x00000000000041c9       0x64 ./src/src/gameEngine.o
 .debug_macro   0x000000000000422d       0x57 ./src/src/gameEngine.o
 .debug_macro   0x0000000000004284       0x22 ./src/src/gameEngine.o
 .debug_macro   0x00000000000042a6      0x217 ./src/src/sysinit.o
 .debug_macro   0x00000000000044bd      0x2a9 ./src/Tasks/uart.o
 .debug_macro   0x0000000000004766       0x74 ./src/Tasks/uart.o
 .debug_macro   0x00000000000047da       0x76 ./src/Tasks/uart.o
 .debug_macro   0x0000000000004850      0x29c ./freertos/src/FreeRTOSCommonHooks.o
 .debug_macro   0x0000000000004aec       0x16 ./freertos/src/FreeRTOSCommonHooks.o
 .debug_macro   0x0000000000004b02       0x11 ./freertos/src/FreeRTOSCommonHooks.o
 .debug_macro   0x0000000000004b13       0xee ./freertos/src/FreeRTOSCommonHooks.o
 .debug_macro   0x0000000000004c01      0x2b2 ./freertos/src/heap_3.o
 .debug_macro   0x0000000000004eb3       0x28 ./freertos/src/heap_3.o
 .debug_macro   0x0000000000004edb      0x297 ./freertos/src/list.o
 .debug_macro   0x0000000000005172      0x329 ./freertos/src/port.o
 .debug_macro   0x000000000000549b      0x336 ./freertos/src/tasks.o
 .debug_macro   0x00000000000057d1       0x5b ./freertos/src/tasks.o
 .debug_macro   0x000000000000582c       0x16 ./freertos/src/tasks.o
 .debug_macro   0x0000000000005842      0x2a1 /home/andres/Documents/EMBT/Term3/Ese3025/EmbeddedGame/GameEngine/lpc_board_nxp_lpcxpresso_1769/Debug/liblpc_board_nxp_lpcxpresso_1769.a(board.o)
 .debug_macro   0x0000000000005ae3       0x12 /home/andres/Documents/EMBT/Term3/Ese3025/EmbeddedGame/GameEngine/lpc_board_nxp_lpcxpresso_1769/Debug/liblpc_board_nxp_lpcxpresso_1769.a(board.o)
 .debug_macro   0x0000000000005af5      0x217 /home/andres/Documents/EMBT/Term3/Ese3025/EmbeddedGame/GameEngine/lpc_board_nxp_lpcxpresso_1769/Debug/liblpc_board_nxp_lpcxpresso_1769.a(board_sysinit.o)
 .debug_macro   0x0000000000005d0c      0x1cd /home/andres/Documents/EMBT/Term3/Ese3025/EmbeddedGame/GameEngine/lpc_chip_175x_6x/Debug/liblpc_chip_175x_6x.a(chip_17xx_40xx.o)
 .debug_macro   0x0000000000005ed9      0x1cd /home/andres/Documents/EMBT/Term3/Ese3025/EmbeddedGame/GameEngine/lpc_chip_175x_6x/Debug/liblpc_chip_175x_6x.a(clock_17xx_40xx.o)
 .debug_macro   0x00000000000060a6      0x1cd /home/andres/Documents/EMBT/Term3/Ese3025/EmbeddedGame/GameEngine/lpc_chip_175x_6x/Debug/liblpc_chip_175x_6x.a(iocon_17xx_40xx.o)
 .debug_macro   0x0000000000006273       0x83 /home/andres/Documents/EMBT/Term3/Ese3025/EmbeddedGame/GameEngine/lpc_chip_175x_6x/Debug/liblpc_chip_175x_6x.a(ring_buffer.o)
 .debug_macro   0x00000000000062f6       0x10 /home/andres/Documents/EMBT/Term3/Ese3025/EmbeddedGame/GameEngine/lpc_chip_175x_6x/Debug/liblpc_chip_175x_6x.a(ring_buffer.o)
 .debug_macro   0x0000000000006306      0x1cd /home/andres/Documents/EMBT/Term3/Ese3025/EmbeddedGame/GameEngine/lpc_chip_175x_6x/Debug/liblpc_chip_175x_6x.a(sysinit_17xx_40xx.o)
 .debug_macro   0x00000000000064d3      0x1cd /home/andres/Documents/EMBT/Term3/Ese3025/EmbeddedGame/GameEngine/lpc_chip_175x_6x/Debug/liblpc_chip_175x_6x.a(uart_17xx_40xx.o)

.debug_line     0x0000000000000000     0x8038
 .debug_line    0x0000000000000000      0x164 ./src/src/cr_startup_lpc175x_6x.o
 .debug_line    0x0000000000000164      0x756 ./src/src/gameEngine.o
 .debug_line    0x00000000000008ba      0x534 ./src/src/sysinit.o
 .debug_line    0x0000000000000dee      0x780 ./src/Tasks/uart.o
 .debug_line    0x000000000000156e      0x703 ./freertos/src/FreeRTOSCommonHooks.o
 .debug_line    0x0000000000001c71      0x6a5 ./freertos/src/heap_3.o
 .debug_line    0x0000000000002316      0x76e ./freertos/src/list.o
 .debug_line    0x0000000000002a84      0x936 ./freertos/src/port.o
 .debug_line    0x00000000000033ba     0x1351 ./freertos/src/tasks.o
 .debug_line    0x000000000000470b      0xaeb /home/andres/Documents/EMBT/Term3/Ese3025/EmbeddedGame/GameEngine/lpc_board_nxp_lpcxpresso_1769/Debug/liblpc_board_nxp_lpcxpresso_1769.a(board.o)
 .debug_line    0x00000000000051f6      0x589 /home/andres/Documents/EMBT/Term3/Ese3025/EmbeddedGame/GameEngine/lpc_board_nxp_lpcxpresso_1769/Debug/liblpc_board_nxp_lpcxpresso_1769.a(board_sysinit.o)
 .debug_line    0x000000000000577f      0x52e /home/andres/Documents/EMBT/Term3/Ese3025/EmbeddedGame/GameEngine/lpc_chip_175x_6x/Debug/liblpc_chip_175x_6x.a(chip_17xx_40xx.o)
 .debug_line    0x0000000000005cad      0x995 /home/andres/Documents/EMBT/Term3/Ese3025/EmbeddedGame/GameEngine/lpc_chip_175x_6x/Debug/liblpc_chip_175x_6x.a(clock_17xx_40xx.o)
 .debug_line    0x0000000000006642      0x54a /home/andres/Documents/EMBT/Term3/Ese3025/EmbeddedGame/GameEngine/lpc_chip_175x_6x/Debug/liblpc_chip_175x_6x.a(iocon_17xx_40xx.o)
 .debug_line    0x0000000000006b8c      0x436 /home/andres/Documents/EMBT/Term3/Ese3025/EmbeddedGame/GameEngine/lpc_chip_175x_6x/Debug/liblpc_chip_175x_6x.a(ring_buffer.o)
 .debug_line    0x0000000000006fc2      0x607 /home/andres/Documents/EMBT/Term3/Ese3025/EmbeddedGame/GameEngine/lpc_chip_175x_6x/Debug/liblpc_chip_175x_6x.a(sysinit_17xx_40xx.o)
 .debug_line    0x00000000000075c9      0xa6f /home/andres/Documents/EMBT/Term3/Ese3025/EmbeddedGame/GameEngine/lpc_chip_175x_6x/Debug/liblpc_chip_175x_6x.a(uart_17xx_40xx.o)

.debug_str      0x0000000000000000    0x1799a
 .debug_str     0x0000000000000000     0x2f57 ./src/src/cr_startup_lpc175x_6x.o
                                       0x2f95 (size before relaxing)
 .debug_str     0x0000000000002f57    0x10728 ./src/src/gameEngine.o
                                      0x135b8 (size before relaxing)
 .debug_str     0x000000000001367f       0x1f ./src/src/sysinit.o
                                      0x11377 (size before relaxing)
 .debug_str     0x000000000001369e      0x58f ./src/Tasks/uart.o
                                      0x13b2c (size before relaxing)
 .debug_str     0x0000000000013c2d       0xd6 ./freertos/src/FreeRTOSCommonHooks.o
                                      0x13531 (size before relaxing)
 .debug_str     0x0000000000013d03      0x103 ./freertos/src/heap_3.o
                                      0x13545 (size before relaxing)
 .debug_str     0x0000000000013e06      0x12e ./freertos/src/list.o
                                      0x1328a (size before relaxing)
 .debug_str     0x0000000000013f34      0x747 ./freertos/src/port.o
                                      0x13d81 (size before relaxing)
 .debug_str     0x000000000001467b     0x1525 ./freertos/src/tasks.o
                                      0x14d4c (size before relaxing)
 .debug_str     0x0000000000015ba0      0xcea /home/andres/Documents/EMBT/Term3/Ese3025/EmbeddedGame/GameEngine/lpc_board_nxp_lpcxpresso_1769/Debug/liblpc_board_nxp_lpcxpresso_1769.a(board.o)
                                      0x122b0 (size before relaxing)
 .debug_str     0x000000000001688a      0x22d /home/andres/Documents/EMBT/Term3/Ese3025/EmbeddedGame/GameEngine/lpc_board_nxp_lpcxpresso_1769/Debug/liblpc_board_nxp_lpcxpresso_1769.a(board_sysinit.o)
                                      0x1178e (size before relaxing)
 .debug_str     0x0000000000016ab7       0xcc /home/andres/Documents/EMBT/Term3/Ese3025/EmbeddedGame/GameEngine/lpc_chip_175x_6x/Debug/liblpc_chip_175x_6x.a(chip_17xx_40xx.o)
                                      0x113de (size before relaxing)
 .debug_str     0x0000000000016b83      0x857 /home/andres/Documents/EMBT/Term3/Ese3025/EmbeddedGame/GameEngine/lpc_chip_175x_6x/Debug/liblpc_chip_175x_6x.a(clock_17xx_40xx.o)
                                      0x11a5c (size before relaxing)
 .debug_str     0x00000000000173da       0x79 /home/andres/Documents/EMBT/Term3/Ese3025/EmbeddedGame/GameEngine/lpc_chip_175x_6x/Debug/liblpc_chip_175x_6x.a(iocon_17xx_40xx.o)
                                      0x10ed9 (size before relaxing)
 .debug_str     0x0000000000017453      0x138 /home/andres/Documents/EMBT/Term3/Ese3025/EmbeddedGame/GameEngine/lpc_chip_175x_6x/Debug/liblpc_chip_175x_6x.a(ring_buffer.o)
                                       0x48c5 (size before relaxing)
 .debug_str     0x000000000001758b       0xc4 /home/andres/Documents/EMBT/Term3/Ese3025/EmbeddedGame/GameEngine/lpc_chip_175x_6x/Debug/liblpc_chip_175x_6x.a(sysinit_17xx_40xx.o)
                                      0x110c1 (size before relaxing)
 .debug_str     0x000000000001764f      0x34b /home/andres/Documents/EMBT/Term3/Ese3025/EmbeddedGame/GameEngine/lpc_chip_175x_6x/Debug/liblpc_chip_175x_6x.a(uart_17xx_40xx.o)
                                      0x11931 (size before relaxing)

.comment        0x0000000000000000       0x75
 .comment       0x0000000000000000       0x75 ./src/src/cr_startup_lpc175x_6x.o
                                         0x76 (size before relaxing)
 .comment       0x0000000000000075       0x76 ./src/src/gameEngine.o
 .comment       0x0000000000000075       0x76 ./src/src/sysinit.o
 .comment       0x0000000000000075       0x76 ./src/Tasks/uart.o
 .comment       0x0000000000000075       0x76 ./freertos/src/FreeRTOSCommonHooks.o
 .comment       0x0000000000000075       0x76 ./freertos/src/heap_3.o
 .comment       0x0000000000000075       0x76 ./freertos/src/list.o
 .comment       0x0000000000000075       0x76 ./freertos/src/port.o
 .comment       0x0000000000000075       0x76 ./freertos/src/tasks.o
 .comment       0x0000000000000075       0x76 /home/andres/Documents/EMBT/Term3/Ese3025/EmbeddedGame/GameEngine/lpc_board_nxp_lpcxpresso_1769/Debug/liblpc_board_nxp_lpcxpresso_1769.a(board.o)
 .comment       0x0000000000000075       0x76 /home/andres/Documents/EMBT/Term3/Ese3025/EmbeddedGame/GameEngine/lpc_board_nxp_lpcxpresso_1769/Debug/liblpc_board_nxp_lpcxpresso_1769.a(board_sysinit.o)
 .comment       0x0000000000000075       0x76 /home/andres/Documents/EMBT/Term3/Ese3025/EmbeddedGame/GameEngine/lpc_chip_175x_6x/Debug/liblpc_chip_175x_6x.a(chip_17xx_40xx.o)
 .comment       0x0000000000000075       0x76 /home/andres/Documents/EMBT/Term3/Ese3025/EmbeddedGame/GameEngine/lpc_chip_175x_6x/Debug/liblpc_chip_175x_6x.a(clock_17xx_40xx.o)
 .comment       0x0000000000000075       0x76 /home/andres/Documents/EMBT/Term3/Ese3025/EmbeddedGame/GameEngine/lpc_chip_175x_6x/Debug/liblpc_chip_175x_6x.a(iocon_17xx_40xx.o)
 .comment       0x0000000000000075       0x76 /home/andres/Documents/EMBT/Term3/Ese3025/EmbeddedGame/GameEngine/lpc_chip_175x_6x/Debug/liblpc_chip_175x_6x.a(ring_buffer.o)
 .comment       0x0000000000000075       0x76 /home/andres/Documents/EMBT/Term3/Ese3025/EmbeddedGame/GameEngine/lpc_chip_175x_6x/Debug/liblpc_chip_175x_6x.a(sysinit_17xx_40xx.o)
 .comment       0x0000000000000075       0x76 /home/andres/Documents/EMBT/Term3/Ese3025/EmbeddedGame/GameEngine/lpc_chip_175x_6x/Debug/liblpc_chip_175x_6x.a(uart_17xx_40xx.o)
 .comment       0x0000000000000075       0x76 /usr/local/mcuxpressoide-11.0.1_2563/ide/plugins/com.nxp.mcuxpresso.tools.linux_11.0.1.201907311258/tools/bin/../lib/gcc/arm-none-eabi/8.2.1/../../../../arm-none-eabi/lib/thumb/v7-m/nofp/libcr_nohost.a(_cr__main.o)
 .comment       0x0000000000000075       0x76 /usr/local/mcuxpressoide-11.0.1_2563/ide/plugins/com.nxp.mcuxpresso.tools.linux_11.0.1.201907311258/tools/bin/../lib/gcc/arm-none-eabi/8.2.1/../../../../arm-none-eabi/lib/thumb/v7-m/nofp/libcr_c.a(memcpy.o)
 .comment       0x0000000000000075       0x76 /usr/local/mcuxpressoide-11.0.1_2563/ide/plugins/com.nxp.mcuxpresso.tools.linux_11.0.1.201907311258/tools/bin/../lib/gcc/arm-none-eabi/8.2.1/../../../../arm-none-eabi/lib/thumb/v7-m/nofp/libcr_c.a(memset.o)
 .comment       0x0000000000000075       0x76 /usr/local/mcuxpressoide-11.0.1_2563/ide/plugins/com.nxp.mcuxpresso.tools.linux_11.0.1.201907311258/tools/bin/../lib/gcc/arm-none-eabi/8.2.1/../../../../arm-none-eabi/lib/thumb/v7-m/nofp/libcr_c.a(alloc.o)
 .comment       0x0000000000000075       0x76 /usr/local/mcuxpressoide-11.0.1_2563/ide/plugins/com.nxp.mcuxpresso.tools.linux_11.0.1.201907311258/tools/bin/../lib/gcc/arm-none-eabi/8.2.1/../../../../arm-none-eabi/lib/thumb/v7-m/nofp/libcr_c.a(initio.o)
 .comment       0x0000000000000075       0x76 /usr/local/mcuxpressoide-11.0.1_2563/ide/plugins/com.nxp.mcuxpresso.tools.linux_11.0.1.201907311258/tools/bin/../lib/gcc/arm-none-eabi/8.2.1/../../../../arm-none-eabi/lib/thumb/v7-m/nofp/libcr_c.a(setvbuf.o)
 .comment       0x0000000000000075       0x76 /usr/local/mcuxpressoide-11.0.1_2563/ide/plugins/com.nxp.mcuxpresso.tools.linux_11.0.1.201907311258/tools/bin/../lib/gcc/arm-none-eabi/8.2.1/../../../../arm-none-eabi/lib/thumb/v7-m/nofp/libcr_c.a(strlen.o)
 .comment       0x0000000000000075       0x76 /usr/local/mcuxpressoide-11.0.1_2563/ide/plugins/com.nxp.mcuxpresso.tools.linux_11.0.1.201907311258/tools/bin/../lib/gcc/arm-none-eabi/8.2.1/../../../../arm-none-eabi/lib/thumb/v7-m/nofp/libcr_c.a(__init_alloc.o)
 .comment       0x0000000000000075       0x76 /usr/local/mcuxpressoide-11.0.1_2563/ide/plugins/com.nxp.mcuxpresso.tools.linux_11.0.1.201907311258/tools/bin/../lib/gcc/arm-none-eabi/8.2.1/../../../../arm-none-eabi/lib/thumb/v7-m/nofp/libcr_c.a(_cr_sbrk.o)
 .comment       0x0000000000000075       0x76 /usr/local/mcuxpressoide-11.0.1_2563/ide/plugins/com.nxp.mcuxpresso.tools.linux_11.0.1.201907311258/tools/bin/../lib/gcc/arm-none-eabi/8.2.1/../../../../arm-none-eabi/lib/thumb/v7-m/nofp/libcr_c.a(_deferredlazyseek.o)
 .comment       0x0000000000000075       0x76 /usr/local/mcuxpressoide-11.0.1_2563/ide/plugins/com.nxp.mcuxpresso.tools.linux_11.0.1.201907311258/tools/bin/../lib/gcc/arm-none-eabi/8.2.1/../../../../arm-none-eabi/lib/thumb/v7-m/nofp/libcr_c.a(_fdopen.o)
 .comment       0x0000000000000075       0x76 /usr/local/mcuxpressoide-11.0.1_2563/ide/plugins/com.nxp.mcuxpresso.tools.linux_11.0.1.201907311258/tools/bin/../lib/gcc/arm-none-eabi/8.2.1/../../../../arm-none-eabi/lib/thumb/v7-m/nofp/libcr_c.a(_fflush.o)
 .comment       0x0000000000000075       0x76 /usr/local/mcuxpressoide-11.0.1_2563/ide/plugins/com.nxp.mcuxpresso.tools.linux_11.0.1.201907311258/tools/bin/../lib/gcc/arm-none-eabi/8.2.1/../../../../arm-none-eabi/lib/thumb/v7-m/nofp/libcr_c.a(_writebuf.o)
 .comment       0x0000000000000075       0x76 /usr/local/mcuxpressoide-11.0.1_2563/ide/plugins/com.nxp.mcuxpresso.tools.linux_11.0.1.201907311258/tools/bin/../lib/gcc/arm-none-eabi/8.2.1/../../../../arm-none-eabi/lib/thumb/v7-m/nofp/libcr_c.a(errno.o)
 .comment       0x0000000000000075       0x76 /usr/local/mcuxpressoide-11.0.1_2563/ide/plugins/com.nxp.mcuxpresso.tools.linux_11.0.1.201907311258/tools/bin/../lib/gcc/arm-none-eabi/8.2.1/../../../../arm-none-eabi/lib/thumb/v7-m/nofp/libcr_c.a(fclose.o)
 .comment       0x0000000000000075       0x76 /usr/local/mcuxpressoide-11.0.1_2563/ide/plugins/com.nxp.mcuxpresso.tools.linux_11.0.1.201907311258/tools/bin/../lib/gcc/arm-none-eabi/8.2.1/../../../../arm-none-eabi/lib/thumb/v7-m/nofp/libcr_c.a(fflush.o)
 .comment       0x0000000000000075       0x76 /usr/local/mcuxpressoide-11.0.1_2563/ide/plugins/com.nxp.mcuxpresso.tools.linux_11.0.1.201907311258/tools/bin/../lib/gcc/arm-none-eabi/8.2.1/../../../../arm-none-eabi/lib/thumb/v7-m/nofp/libcr_c.a(fseek.o)
 .comment       0x0000000000000075       0x76 /usr/local/mcuxpressoide-11.0.1_2563/ide/plugins/com.nxp.mcuxpresso.tools.linux_11.0.1.201907311258/tools/bin/../lib/gcc/arm-none-eabi/8.2.1/../../../../arm-none-eabi/lib/thumb/v7-m/nofp/libcr_c.a(ftell.o)
 .comment       0x0000000000000075       0x76 /usr/local/mcuxpressoide-11.0.1_2563/ide/plugins/com.nxp.mcuxpresso.tools.linux_11.0.1.201907311258/tools/bin/../lib/gcc/arm-none-eabi/8.2.1/../../../../arm-none-eabi/lib/thumb/v7-m/nofp/libcr_c.a(remove.o)
 .comment       0x0000000000000075       0x76 /usr/local/mcuxpressoide-11.0.1_2563/ide/plugins/com.nxp.mcuxpresso.tools.linux_11.0.1.201907311258/tools/bin/../lib/gcc/arm-none-eabi/8.2.1/../../../../arm-none-eabi/lib/thumb/v7-m/nofp/libcr_c.a(_cr_check_heap.o)
 .comment       0x0000000000000075       0x76 /usr/local/mcuxpressoide-11.0.1_2563/ide/plugins/com.nxp.mcuxpresso.tools.linux_11.0.1.201907311258/tools/bin/../lib/gcc/arm-none-eabi/8.2.1/../../../../arm-none-eabi/lib/thumb/v7-m/nofp/libcr_c.a(_do_fflush.o)
 .comment       0x0000000000000075       0x76 /usr/local/mcuxpressoide-11.0.1_2563/ide/plugins/com.nxp.mcuxpresso.tools.linux_11.0.1.201907311258/tools/bin/../lib/gcc/arm-none-eabi/8.2.1/../../../../arm-none-eabi/lib/thumb/v7-m/nofp/libcr_nohost.a(__ciob.o)
 .comment       0x0000000000000075       0x76 /usr/local/mcuxpressoide-11.0.1_2563/ide/plugins/com.nxp.mcuxpresso.tools.linux_11.0.1.201907311258/tools/bin/../lib/gcc/arm-none-eabi/8.2.1/../../../../arm-none-eabi/lib/thumb/v7-m/nofp/libcr_nohost.a(__sys_close.o)
 .comment       0x0000000000000075       0x76 /usr/local/mcuxpressoide-11.0.1_2563/ide/plugins/com.nxp.mcuxpresso.tools.linux_11.0.1.201907311258/tools/bin/../lib/gcc/arm-none-eabi/8.2.1/../../../../arm-none-eabi/lib/thumb/v7-m/nofp/libcr_nohost.a(__sys_flen.o)
 .comment       0x0000000000000075       0x76 /usr/local/mcuxpressoide-11.0.1_2563/ide/plugins/com.nxp.mcuxpresso.tools.linux_11.0.1.201907311258/tools/bin/../lib/gcc/arm-none-eabi/8.2.1/../../../../arm-none-eabi/lib/thumb/v7-m/nofp/libcr_nohost.a(__sys_istty.o)
 .comment       0x0000000000000075       0x76 /usr/local/mcuxpressoide-11.0.1_2563/ide/plugins/com.nxp.mcuxpresso.tools.linux_11.0.1.201907311258/tools/bin/../lib/gcc/arm-none-eabi/8.2.1/../../../../arm-none-eabi/lib/thumb/v7-m/nofp/libcr_nohost.a(__sys_remove.o)
 .comment       0x0000000000000075       0x76 /usr/local/mcuxpressoide-11.0.1_2563/ide/plugins/com.nxp.mcuxpresso.tools.linux_11.0.1.201907311258/tools/bin/../lib/gcc/arm-none-eabi/8.2.1/../../../../arm-none-eabi/lib/thumb/v7-m/nofp/libcr_nohost.a(__sys_seek.o)
 .comment       0x0000000000000075       0x76 /usr/local/mcuxpressoide-11.0.1_2563/ide/plugins/com.nxp.mcuxpresso.tools.linux_11.0.1.201907311258/tools/bin/../lib/gcc/arm-none-eabi/8.2.1/../../../../arm-none-eabi/lib/thumb/v7-m/nofp/libcr_nohost.a(__sys_tmpnam.o)

.ARM.attributes
                0x0000000000000000       0x2b
 .ARM.attributes
                0x0000000000000000       0x2d ./src/src/cr_startup_lpc175x_6x.o
 .ARM.attributes
                0x000000000000002d       0x2d ./src/src/gameEngine.o
 .ARM.attributes
                0x000000000000005a       0x2d ./src/src/sysinit.o
 .ARM.attributes
                0x0000000000000087       0x2d ./src/Tasks/uart.o
 .ARM.attributes
                0x00000000000000b4       0x2d ./freertos/src/FreeRTOSCommonHooks.o
 .ARM.attributes
                0x00000000000000e1       0x2d ./freertos/src/heap_3.o
 .ARM.attributes
                0x000000000000010e       0x2d ./freertos/src/list.o
 .ARM.attributes
                0x000000000000013b       0x2d ./freertos/src/port.o
 .ARM.attributes
                0x0000000000000168       0x2d ./freertos/src/tasks.o
 .ARM.attributes
                0x0000000000000195       0x2d /home/andres/Documents/EMBT/Term3/Ese3025/EmbeddedGame/GameEngine/lpc_board_nxp_lpcxpresso_1769/Debug/liblpc_board_nxp_lpcxpresso_1769.a(board.o)
 .ARM.attributes
                0x00000000000001c2       0x2d /home/andres/Documents/EMBT/Term3/Ese3025/EmbeddedGame/GameEngine/lpc_board_nxp_lpcxpresso_1769/Debug/liblpc_board_nxp_lpcxpresso_1769.a(board_sysinit.o)
 .ARM.attributes
                0x00000000000001ef       0x2d /home/andres/Documents/EMBT/Term3/Ese3025/EmbeddedGame/GameEngine/lpc_chip_175x_6x/Debug/liblpc_chip_175x_6x.a(chip_17xx_40xx.o)
 .ARM.attributes
                0x000000000000021c       0x2d /home/andres/Documents/EMBT/Term3/Ese3025/EmbeddedGame/GameEngine/lpc_chip_175x_6x/Debug/liblpc_chip_175x_6x.a(clock_17xx_40xx.o)
 .ARM.attributes
                0x0000000000000249       0x2d /home/andres/Documents/EMBT/Term3/Ese3025/EmbeddedGame/GameEngine/lpc_chip_175x_6x/Debug/liblpc_chip_175x_6x.a(iocon_17xx_40xx.o)
 .ARM.attributes
                0x0000000000000276       0x2d /home/andres/Documents/EMBT/Term3/Ese3025/EmbeddedGame/GameEngine/lpc_chip_175x_6x/Debug/liblpc_chip_175x_6x.a(ring_buffer.o)
 .ARM.attributes
                0x00000000000002a3       0x2d /home/andres/Documents/EMBT/Term3/Ese3025/EmbeddedGame/GameEngine/lpc_chip_175x_6x/Debug/liblpc_chip_175x_6x.a(sysinit_17xx_40xx.o)
 .ARM.attributes
                0x00000000000002d0       0x2d /home/andres/Documents/EMBT/Term3/Ese3025/EmbeddedGame/GameEngine/lpc_chip_175x_6x/Debug/liblpc_chip_175x_6x.a(uart_17xx_40xx.o)
 .ARM.attributes
                0x00000000000002fd       0x2d /usr/local/mcuxpressoide-11.0.1_2563/ide/plugins/com.nxp.mcuxpresso.tools.linux_11.0.1.201907311258/tools/bin/../lib/gcc/arm-none-eabi/8.2.1/../../../../arm-none-eabi/lib/thumb/v7-m/nofp/libcr_nohost.a(_cr__main.o)
 .ARM.attributes
                0x000000000000032a       0x2d /usr/local/mcuxpressoide-11.0.1_2563/ide/plugins/com.nxp.mcuxpresso.tools.linux_11.0.1.201907311258/tools/bin/../lib/gcc/arm-none-eabi/8.2.1/../../../../arm-none-eabi/lib/thumb/v7-m/nofp/libcr_c.a(memcpy.o)
 .ARM.attributes
                0x0000000000000357       0x2d /usr/local/mcuxpressoide-11.0.1_2563/ide/plugins/com.nxp.mcuxpresso.tools.linux_11.0.1.201907311258/tools/bin/../lib/gcc/arm-none-eabi/8.2.1/../../../../arm-none-eabi/lib/thumb/v7-m/nofp/libcr_c.a(memset.o)
 .ARM.attributes
                0x0000000000000384       0x2d /usr/local/mcuxpressoide-11.0.1_2563/ide/plugins/com.nxp.mcuxpresso.tools.linux_11.0.1.201907311258/tools/bin/../lib/gcc/arm-none-eabi/8.2.1/../../../../arm-none-eabi/lib/thumb/v7-m/nofp/libcr_c.a(alloc.o)
 .ARM.attributes
                0x00000000000003b1       0x2d /usr/local/mcuxpressoide-11.0.1_2563/ide/plugins/com.nxp.mcuxpresso.tools.linux_11.0.1.201907311258/tools/bin/../lib/gcc/arm-none-eabi/8.2.1/../../../../arm-none-eabi/lib/thumb/v7-m/nofp/libcr_c.a(initio.o)
 .ARM.attributes
                0x00000000000003de       0x2d /usr/local/mcuxpressoide-11.0.1_2563/ide/plugins/com.nxp.mcuxpresso.tools.linux_11.0.1.201907311258/tools/bin/../lib/gcc/arm-none-eabi/8.2.1/../../../../arm-none-eabi/lib/thumb/v7-m/nofp/libcr_c.a(setvbuf.o)
 .ARM.attributes
                0x000000000000040b       0x2d /usr/local/mcuxpressoide-11.0.1_2563/ide/plugins/com.nxp.mcuxpresso.tools.linux_11.0.1.201907311258/tools/bin/../lib/gcc/arm-none-eabi/8.2.1/../../../../arm-none-eabi/lib/thumb/v7-m/nofp/libcr_c.a(strlen.o)
 .ARM.attributes
                0x0000000000000438       0x2d /usr/local/mcuxpressoide-11.0.1_2563/ide/plugins/com.nxp.mcuxpresso.tools.linux_11.0.1.201907311258/tools/bin/../lib/gcc/arm-none-eabi/8.2.1/../../../../arm-none-eabi/lib/thumb/v7-m/nofp/libcr_c.a(__init_alloc.o)
 .ARM.attributes
                0x0000000000000465       0x2d /usr/local/mcuxpressoide-11.0.1_2563/ide/plugins/com.nxp.mcuxpresso.tools.linux_11.0.1.201907311258/tools/bin/../lib/gcc/arm-none-eabi/8.2.1/../../../../arm-none-eabi/lib/thumb/v7-m/nofp/libcr_c.a(_cr_sbrk.o)
 .ARM.attributes
                0x0000000000000492       0x2d /usr/local/mcuxpressoide-11.0.1_2563/ide/plugins/com.nxp.mcuxpresso.tools.linux_11.0.1.201907311258/tools/bin/../lib/gcc/arm-none-eabi/8.2.1/../../../../arm-none-eabi/lib/thumb/v7-m/nofp/libcr_c.a(_deferredlazyseek.o)
 .ARM.attributes
                0x00000000000004bf       0x2d /usr/local/mcuxpressoide-11.0.1_2563/ide/plugins/com.nxp.mcuxpresso.tools.linux_11.0.1.201907311258/tools/bin/../lib/gcc/arm-none-eabi/8.2.1/../../../../arm-none-eabi/lib/thumb/v7-m/nofp/libcr_c.a(_fdopen.o)
 .ARM.attributes
                0x00000000000004ec       0x2d /usr/local/mcuxpressoide-11.0.1_2563/ide/plugins/com.nxp.mcuxpresso.tools.linux_11.0.1.201907311258/tools/bin/../lib/gcc/arm-none-eabi/8.2.1/../../../../arm-none-eabi/lib/thumb/v7-m/nofp/libcr_c.a(_fflush.o)
 .ARM.attributes
                0x0000000000000519       0x2d /usr/local/mcuxpressoide-11.0.1_2563/ide/plugins/com.nxp.mcuxpresso.tools.linux_11.0.1.201907311258/tools/bin/../lib/gcc/arm-none-eabi/8.2.1/../../../../arm-none-eabi/lib/thumb/v7-m/nofp/libcr_c.a(_writebuf.o)
 .ARM.attributes
                0x0000000000000546       0x33 /usr/local/mcuxpressoide-11.0.1_2563/ide/plugins/com.nxp.mcuxpresso.tools.linux_11.0.1.201907311258/tools/bin/../lib/gcc/arm-none-eabi/8.2.1/../../../../arm-none-eabi/lib/thumb/v7-m/nofp/libcr_c.a(errno.o)
 .ARM.attributes
                0x0000000000000579       0x2d /usr/local/mcuxpressoide-11.0.1_2563/ide/plugins/com.nxp.mcuxpresso.tools.linux_11.0.1.201907311258/tools/bin/../lib/gcc/arm-none-eabi/8.2.1/../../../../arm-none-eabi/lib/thumb/v7-m/nofp/libcr_c.a(fclose.o)
 .ARM.attributes
                0x00000000000005a6       0x2d /usr/local/mcuxpressoide-11.0.1_2563/ide/plugins/com.nxp.mcuxpresso.tools.linux_11.0.1.201907311258/tools/bin/../lib/gcc/arm-none-eabi/8.2.1/../../../../arm-none-eabi/lib/thumb/v7-m/nofp/libcr_c.a(fflush.o)
 .ARM.attributes
                0x00000000000005d3       0x2d /usr/local/mcuxpressoide-11.0.1_2563/ide/plugins/com.nxp.mcuxpresso.tools.linux_11.0.1.201907311258/tools/bin/../lib/gcc/arm-none-eabi/8.2.1/../../../../arm-none-eabi/lib/thumb/v7-m/nofp/libcr_c.a(fseek.o)
 .ARM.attributes
                0x0000000000000600       0x2d /usr/local/mcuxpressoide-11.0.1_2563/ide/plugins/com.nxp.mcuxpresso.tools.linux_11.0.1.201907311258/tools/bin/../lib/gcc/arm-none-eabi/8.2.1/../../../../arm-none-eabi/lib/thumb/v7-m/nofp/libcr_c.a(ftell.o)
 .ARM.attributes
                0x000000000000062d       0x2d /usr/local/mcuxpressoide-11.0.1_2563/ide/plugins/com.nxp.mcuxpresso.tools.linux_11.0.1.201907311258/tools/bin/../lib/gcc/arm-none-eabi/8.2.1/../../../../arm-none-eabi/lib/thumb/v7-m/nofp/libcr_c.a(remove.o)
 .ARM.attributes
                0x000000000000065a       0x2d /usr/local/mcuxpressoide-11.0.1_2563/ide/plugins/com.nxp.mcuxpresso.tools.linux_11.0.1.201907311258/tools/bin/../lib/gcc/arm-none-eabi/8.2.1/../../../../arm-none-eabi/lib/thumb/v7-m/nofp/libcr_c.a(_cr_check_heap.o)
 .ARM.attributes
                0x0000000000000687       0x2d /usr/local/mcuxpressoide-11.0.1_2563/ide/plugins/com.nxp.mcuxpresso.tools.linux_11.0.1.201907311258/tools/bin/../lib/gcc/arm-none-eabi/8.2.1/../../../../arm-none-eabi/lib/thumb/v7-m/nofp/libcr_c.a(_do_fflush.o)
 .ARM.attributes
                0x00000000000006b4       0x1b /usr/local/mcuxpressoide-11.0.1_2563/ide/plugins/com.nxp.mcuxpresso.tools.linux_11.0.1.201907311258/tools/bin/../lib/gcc/arm-none-eabi/8.2.1/thumb/v7-m/nofp/libcr_eabihelpers.a(memcpy.o)
 .ARM.attributes
                0x00000000000006cf       0x33 /usr/local/mcuxpressoide-11.0.1_2563/ide/plugins/com.nxp.mcuxpresso.tools.linux_11.0.1.201907311258/tools/bin/../lib/gcc/arm-none-eabi/8.2.1/../../../../arm-none-eabi/lib/thumb/v7-m/nofp/libcr_nohost.a(__ciob.o)
 .ARM.attributes